Archive member included to satisfy reference by file (symbol)

c:/nxp/mcuxpressoide_11.1.1_3241/ide/plugins/com.nxp.mcuxpresso.tools.win32_11.1.0.202001081728/tools/bin/../lib/gcc/arm-none-eabi/8.3.1/../../../../arm-none-eabi/lib/thumb/v7-m/nofp\libcr_c.a(__weak__main.o)
                              ./src/cr_startup_lpc175x_6x.o (__main)

Discarded input sections

 .group         0x00000000        0xc ./src/PR/PR_Botones.o
 .group         0x00000000        0xc ./src/PR/PR_Botones.o
 .group         0x00000000        0xc ./src/PR/PR_Botones.o
 .group         0x00000000        0xc ./src/PR/PR_Botones.o
 .text          0x00000000        0x0 ./src/PR/PR_Botones.o
 .data          0x00000000        0x0 ./src/PR/PR_Botones.o
 .bss           0x00000000        0x0 ./src/PR/PR_Botones.o
 .group         0x00000000        0xc ./src/PR/PR_Motores.o
 .group         0x00000000        0xc ./src/PR/PR_Motores.o
 .group         0x00000000        0xc ./src/PR/PR_Motores.o
 .group         0x00000000        0xc ./src/PR/PR_Motores.o
 .group         0x00000000        0xc ./src/PR/PR_Motores.o
 .group         0x00000000        0xc ./src/PR/PR_Motores.o
 .text          0x00000000        0x0 ./src/PR/PR_Motores.o
 .data          0x00000000        0x0 ./src/PR/PR_Motores.o
 .bss           0x00000000        0x0 ./src/PR/PR_Motores.o
 .text.setMotoresDir
                0x00000000      0x108 ./src/PR/PR_Motores.o
 .text.setMotoresVel
                0x00000000       0x26 ./src/PR/PR_Motores.o
 .debug_macro   0x00000000      0xa9c ./src/PR/PR_Motores.o
 .debug_macro   0x00000000      0x1be ./src/PR/PR_Motores.o
 .debug_macro   0x00000000       0x34 ./src/PR/PR_Motores.o
 .group         0x00000000        0xc ./src/PR/PR_Relays.o
 .group         0x00000000        0xc ./src/PR/PR_Relays.o
 .group         0x00000000        0xc ./src/PR/PR_Relays.o
 .group         0x00000000        0xc ./src/PR/PR_Relays.o
 .group         0x00000000        0xc ./src/PR/PR_Relays.o
 .text          0x00000000        0x0 ./src/PR/PR_Relays.o
 .data          0x00000000        0x0 ./src/PR/PR_Relays.o
 .bss           0x00000000        0x0 ./src/PR/PR_Relays.o
 .debug_macro   0x00000000      0xa9c ./src/PR/PR_Relays.o
 .debug_macro   0x00000000      0x1be ./src/PR/PR_Relays.o
 .debug_macro   0x00000000       0x34 ./src/PR/PR_Relays.o
 .debug_macro   0x00000000       0x22 ./src/PR/PR_Relays.o
 .debug_macro   0x00000000       0x5e ./src/PR/PR_Relays.o
 .group         0x00000000        0xc ./src/PR/PR_Serial.o
 .group         0x00000000        0xc ./src/PR/PR_Serial.o
 .group         0x00000000        0xc ./src/PR/PR_Serial.o
 .group         0x00000000        0xc ./src/PR/PR_Serial.o
 .group         0x00000000        0xc ./src/PR/PR_Serial.o
 .text          0x00000000        0x0 ./src/PR/PR_Serial.o
 .data          0x00000000        0x0 ./src/PR/PR_Serial.o
 .bss           0x00000000        0x0 ./src/PR/PR_Serial.o
 .text.UART0_popRX
                0x00000000       0x54 ./src/PR/PR_Serial.o
 .text.UART0_pushTX
                0x00000000       0x58 ./src/PR/PR_Serial.o
 .text.UART0_SendString
                0x00000000       0x36 ./src/PR/PR_Serial.o
 .text.UART3_popRX
                0x00000000       0x54 ./src/PR/PR_Serial.o
 .text.UART3_pushTX
                0x00000000       0x58 ./src/PR/PR_Serial.o
 .text.UART3_SendString
                0x00000000       0x36 ./src/PR/PR_Serial.o
 .debug_macro   0x00000000      0xa9c ./src/PR/PR_Serial.o
 .debug_macro   0x00000000      0x1be ./src/PR/PR_Serial.o
 .debug_macro   0x00000000       0x34 ./src/PR/PR_Serial.o
 .group         0x00000000        0xc ./src/PR/PR_Timers.o
 .group         0x00000000        0xc ./src/PR/PR_Timers.o
 .group         0x00000000        0xc ./src/PR/PR_Timers.o
 .group         0x00000000        0xc ./src/PR/PR_Timers.o
 .text          0x00000000        0x0 ./src/PR/PR_Timers.o
 .data          0x00000000        0x0 ./src/PR/PR_Timers.o
 .bss           0x00000000        0x0 ./src/PR/PR_Timers.o
 .text.TimerPause
                0x00000000       0x38 ./src/PR/PR_Timers.o
 .text.TimerStop
                0x00000000       0x64 ./src/PR/PR_Timers.o
 .text.TimerSet
                0x00000000       0x94 ./src/PR/PR_Timers.o
 .text.TimerGet
                0x00000000       0x9c ./src/PR/PR_Timers.o
 .text.TimerClose
                0x00000000       0x28 ./src/PR/PR_Timers.o
 .debug_macro   0x00000000      0xa9c ./src/PR/PR_Timers.o
 .debug_macro   0x00000000      0x1be ./src/PR/PR_Timers.o
 .debug_macro   0x00000000       0x34 ./src/PR/PR_Timers.o
 .group         0x00000000        0xc ./src/DR/DR_ADC.o
 .group         0x00000000        0xc ./src/DR/DR_ADC.o
 .group         0x00000000        0xc ./src/DR/DR_ADC.o
 .group         0x00000000        0xc ./src/DR/DR_ADC.o
 .group         0x00000000        0xc ./src/DR/DR_ADC.o
 .text          0x00000000        0x0 ./src/DR/DR_ADC.o
 .data          0x00000000        0x0 ./src/DR/DR_ADC.o
 .bss           0x00000000        0x0 ./src/DR/DR_ADC.o
 .text.ADC_changeChannel
                0x00000000       0x40 ./src/DR/DR_ADC.o
 .bss.readNum.3754
                0x00000000        0x1 ./src/DR/DR_ADC.o
 .debug_macro   0x00000000      0xa9c ./src/DR/DR_ADC.o
 .debug_macro   0x00000000      0x1be ./src/DR/DR_ADC.o
 .debug_macro   0x00000000       0x34 ./src/DR/DR_ADC.o
 .debug_macro   0x00000000      0x178 ./src/DR/DR_ADC.o
 .debug_macro   0x00000000       0x22 ./src/DR/DR_ADC.o
 .group         0x00000000        0xc ./src/DR/DR_GPIO.o
 .group         0x00000000        0xc ./src/DR/DR_GPIO.o
 .group         0x00000000        0xc ./src/DR/DR_GPIO.o
 .group         0x00000000        0xc ./src/DR/DR_GPIO.o
 .text          0x00000000        0x0 ./src/DR/DR_GPIO.o
 .data          0x00000000        0x0 ./src/DR/DR_GPIO.o
 .bss           0x00000000        0x0 ./src/DR/DR_GPIO.o
 .text.getPin_raw
                0x00000000       0x36 ./src/DR/DR_GPIO.o
 .debug_macro   0x00000000      0xa9c ./src/DR/DR_GPIO.o
 .debug_macro   0x00000000      0x1be ./src/DR/DR_GPIO.o
 .debug_macro   0x00000000       0x34 ./src/DR/DR_GPIO.o
 .debug_macro   0x00000000       0x58 ./src/DR/DR_GPIO.o
 .group         0x00000000        0xc ./src/DR/DR_PLL.o
 .group         0x00000000        0xc ./src/DR/DR_PLL.o
 .group         0x00000000        0xc ./src/DR/DR_PLL.o
 .group         0x00000000        0xc ./src/DR/DR_PLL.o
 .text          0x00000000        0x0 ./src/DR/DR_PLL.o
 .data          0x00000000        0x0 ./src/DR/DR_PLL.o
 .bss           0x00000000        0x0 ./src/DR/DR_PLL.o
 .debug_macro   0x00000000      0xa9c ./src/DR/DR_PLL.o
 .debug_macro   0x00000000      0x1be ./src/DR/DR_PLL.o
 .debug_macro   0x00000000       0x34 ./src/DR/DR_PLL.o
 .group         0x00000000        0xc ./src/DR/DR_PWM.o
 .group         0x00000000        0xc ./src/DR/DR_PWM.o
 .group         0x00000000        0xc ./src/DR/DR_PWM.o
 .group         0x00000000        0xc ./src/DR/DR_PWM.o
 .group         0x00000000        0xc ./src/DR/DR_PWM.o
 .text          0x00000000        0x0 ./src/DR/DR_PWM.o
 .data          0x00000000        0x0 ./src/DR/DR_PWM.o
 .bss           0x00000000        0x0 ./src/DR/DR_PWM.o
 .debug_macro   0x00000000      0xa9c ./src/DR/DR_PWM.o
 .debug_macro   0x00000000      0x1be ./src/DR/DR_PWM.o
 .debug_macro   0x00000000       0x34 ./src/DR/DR_PWM.o
 .debug_macro   0x00000000      0x178 ./src/DR/DR_PWM.o
 .debug_macro   0x00000000       0x22 ./src/DR/DR_PWM.o
 .group         0x00000000        0xc ./src/DR/DR_Pinsel.o
 .group         0x00000000        0xc ./src/DR/DR_Pinsel.o
 .group         0x00000000        0xc ./src/DR/DR_Pinsel.o
 .group         0x00000000        0xc ./src/DR/DR_Pinsel.o
 .text          0x00000000        0x0 ./src/DR/DR_Pinsel.o
 .data          0x00000000        0x0 ./src/DR/DR_Pinsel.o
 .bss           0x00000000        0x0 ./src/DR/DR_Pinsel.o
 .debug_macro   0x00000000      0xa9c ./src/DR/DR_Pinsel.o
 .debug_macro   0x00000000      0x1be ./src/DR/DR_Pinsel.o
 .debug_macro   0x00000000       0x34 ./src/DR/DR_Pinsel.o
 .debug_macro   0x00000000       0x1c ./src/DR/DR_Pinsel.o
 .group         0x00000000        0xc ./src/DR/DR_Serial.o
 .group         0x00000000        0xc ./src/DR/DR_Serial.o
 .group         0x00000000        0xc ./src/DR/DR_Serial.o
 .group         0x00000000        0xc ./src/DR/DR_Serial.o
 .group         0x00000000        0xc ./src/DR/DR_Serial.o
 .group         0x00000000        0xc ./src/DR/DR_Serial.o
 .text          0x00000000        0x0 ./src/DR/DR_Serial.o
 .data          0x00000000        0x0 ./src/DR/DR_Serial.o
 .bss           0x00000000        0x0 ./src/DR/DR_Serial.o
 .bss.UART0_rx_out
                0x00000000        0x4 ./src/DR/DR_Serial.o
 .bss.UART3_rx_buff
                0x00000000       0x40 ./src/DR/DR_Serial.o
 .bss.UART3_rx_in
                0x00000000        0x4 ./src/DR/DR_Serial.o
 .bss.UART3_rx_out
                0x00000000        0x4 ./src/DR/DR_Serial.o
 .text.UART3_pushRX
                0x00000000       0x3c ./src/DR/DR_Serial.o
 .debug_macro   0x00000000      0xa9c ./src/DR/DR_Serial.o
 .debug_macro   0x00000000      0x1be ./src/DR/DR_Serial.o
 .debug_macro   0x00000000       0x34 ./src/DR/DR_Serial.o
 .debug_macro   0x00000000      0x178 ./src/DR/DR_Serial.o
 .debug_macro   0x00000000       0x22 ./src/DR/DR_Serial.o
 .group         0x00000000        0xc ./src/DR/DR_Systick.o
 .group         0x00000000        0xc ./src/DR/DR_Systick.o
 .group         0x00000000        0xc ./src/DR/DR_Systick.o
 .group         0x00000000        0xc ./src/DR/DR_Systick.o
 .group         0x00000000        0xc ./src/DR/DR_Systick.o
 .group         0x00000000        0xc ./src/DR/DR_Systick.o
 .text          0x00000000        0x0 ./src/DR/DR_Systick.o
 .data          0x00000000        0x0 ./src/DR/DR_Systick.o
 .bss           0x00000000        0x0 ./src/DR/DR_Systick.o
 .bss.ADC_inUse
                0x00000000        0x1 ./src/DR/DR_Systick.o
 .text.get_ticks
                0x00000000       0x14 ./src/DR/DR_Systick.o
 .text.reset_ticks
                0x00000000       0x18 ./src/DR/DR_Systick.o
 .debug_macro   0x00000000      0xa9c ./src/DR/DR_Systick.o
 .debug_macro   0x00000000      0x1be ./src/DR/DR_Systick.o
 .debug_macro   0x00000000       0x34 ./src/DR/DR_Systick.o
 .debug_macro   0x00000000      0x178 ./src/DR/DR_Systick.o
 .debug_macro   0x00000000       0x22 ./src/DR/DR_Systick.o
 .group         0x00000000        0xc ./src/DR/DR_Timer0.o
 .group         0x00000000        0xc ./src/DR/DR_Timer0.o
 .group         0x00000000        0xc ./src/DR/DR_Timer0.o
 .group         0x00000000        0xc ./src/DR/DR_Timer0.o
 .group         0x00000000        0xc ./src/DR/DR_Timer0.o
 .text          0x00000000        0x0 ./src/DR/DR_Timer0.o
 .data          0x00000000        0x0 ./src/DR/DR_Timer0.o
 .bss           0x00000000        0x0 ./src/DR/DR_Timer0.o
 .debug_macro   0x00000000      0xa9c ./src/DR/DR_Timer0.o
 .debug_macro   0x00000000      0x1be ./src/DR/DR_Timer0.o
 .debug_macro   0x00000000       0x34 ./src/DR/DR_Timer0.o
 .debug_macro   0x00000000      0x178 ./src/DR/DR_Timer0.o
 .debug_macro   0x00000000       0x22 ./src/DR/DR_Timer0.o
 .group         0x00000000        0xc ./src/TPI_V0.o
 .group         0x00000000        0xc ./src/TPI_V0.o
 .group         0x00000000        0xc ./src/TPI_V0.o
 .group         0x00000000        0xc ./src/TPI_V0.o
 .group         0x00000000        0xc ./src/TPI_V0.o
 .group         0x00000000        0xc ./src/TPI_V0.o
 .group         0x00000000        0xc ./src/TPI_V0.o
 .group         0x00000000        0xc ./src/TPI_V0.o
 .text          0x00000000        0x0 ./src/TPI_V0.o
 .data          0x00000000        0x0 ./src/TPI_V0.o
 .bss           0x00000000        0x0 ./src/TPI_V0.o
 .debug_macro   0x00000000      0xa9c ./src/TPI_V0.o
 .debug_macro   0x00000000      0x1be ./src/TPI_V0.o
 .debug_macro   0x00000000       0x34 ./src/TPI_V0.o
 .debug_macro   0x00000000      0x178 ./src/TPI_V0.o
 .debug_macro   0x00000000       0x2e ./src/TPI_V0.o
 .debug_macro   0x00000000       0x22 ./src/TPI_V0.o
 .debug_macro   0x00000000       0x5e ./src/TPI_V0.o
 .group         0x00000000        0xc ./src/cr_startup_lpc175x_6x.o
 .text          0x00000000        0x0 ./src/cr_startup_lpc175x_6x.o
 .data          0x00000000        0x0 ./src/cr_startup_lpc175x_6x.o
 .bss           0x00000000        0x0 ./src/cr_startup_lpc175x_6x.o
 .debug_macro   0x00000000      0xa9c ./src/cr_startup_lpc175x_6x.o
 .text          0x00000000        0x0 c:/nxp/mcuxpressoide_11.1.1_3241/ide/plugins/com.nxp.mcuxpresso.tools.win32_11.1.0.202001081728/tools/bin/../lib/gcc/arm-none-eabi/8.3.1/../../../../arm-none-eabi/lib/thumb/v7-m/nofp\libcr_c.a(__weak__main.o)
 .data          0x00000000        0x0 c:/nxp/mcuxpressoide_11.1.1_3241/ide/plugins/com.nxp.mcuxpresso.tools.win32_11.1.0.202001081728/tools/bin/../lib/gcc/arm-none-eabi/8.3.1/../../../../arm-none-eabi/lib/thumb/v7-m/nofp\libcr_c.a(__weak__main.o)
 .bss           0x00000000        0x0 c:/nxp/mcuxpressoide_11.1.1_3241/ide/plugins/com.nxp.mcuxpresso.tools.win32_11.1.0.202001081728/tools/bin/../lib/gcc/arm-none-eabi/8.3.1/../../../../arm-none-eabi/lib/thumb/v7-m/nofp\libcr_c.a(__weak__main.o)

Memory Configuration

Name             Origin             Length             Attributes
MFlash512        0x00000000         0x00080000         xr
RamLoc32         0x10000000         0x00008000         xrw
RamAHB32         0x2007c000         0x00008000         xrw
*default*        0x00000000         0xffffffff

Linker script and memory map

LOAD ./src/PR/PR_Botones.o
LOAD ./src/PR/PR_Motores.o
LOAD ./src/PR/PR_Relays.o
LOAD ./src/PR/PR_Serial.o
LOAD ./src/PR/PR_Timers.o
LOAD ./src/DR/DR_ADC.o
LOAD ./src/DR/DR_GPIO.o
LOAD ./src/DR/DR_PLL.o
LOAD ./src/DR/DR_PWM.o
LOAD ./src/DR/DR_Pinsel.o
LOAD ./src/DR/DR_Serial.o
LOAD ./src/DR/DR_Systick.o
LOAD ./src/DR/DR_Timer0.o
LOAD ./src/TPI_V0.o
LOAD ./src/cr_startup_lpc175x_6x.o
START GROUP
LOAD c:/nxp/mcuxpressoide_11.1.1_3241/ide/plugins/com.nxp.mcuxpresso.tools.win32_11.1.0.202001081728/tools/bin/../lib/gcc/arm-none-eabi/8.3.1/../../../../arm-none-eabi/lib/thumb/v7-m/nofp\libcr_c.a
LOAD c:/nxp/mcuxpressoide_11.1.1_3241/ide/plugins/com.nxp.mcuxpresso.tools.win32_11.1.0.202001081728/tools/bin/../lib/gcc/arm-none-eabi/8.3.1/thumb/v7-m/nofp\libcr_eabihelpers.a
LOAD c:/nxp/mcuxpressoide_11.1.1_3241/ide/plugins/com.nxp.mcuxpresso.tools.win32_11.1.0.202001081728/tools/bin/../lib/gcc/arm-none-eabi/8.3.1/thumb/v7-m/nofp\libgcc.a
END GROUP
                0x00000000                __base_MFlash512 = 0x0
                0x00000000                __base_Flash = 0x0
                0x00080000                __top_MFlash512 = 0x80000
                0x00080000                __top_Flash = 0x80000
                0x10000000                __base_RamLoc32 = 0x10000000
                0x10000000                __base_RAM = 0x10000000
                0x10008000                __top_RamLoc32 = 0x10008000
                0x10008000                __top_RAM = 0x10008000
                0x2007c000                __base_RamAHB32 = 0x2007c000
                0x2007c000                __base_RAM2 = 0x2007c000
                0x20084000                __top_RamAHB32 = 0x20084000
                0x20084000                __top_RAM2 = 0x20084000

.text           0x00000000     0x1510
 FILL mask 0xff
                0x00000000                __vectors_start__ = ABSOLUTE (.)
 *(.isr_vector)
 .isr_vector    0x00000000       0xcc ./src/cr_startup_lpc175x_6x.o
                0x00000000                g_pfnVectors
                0x000000cc                . = ALIGN (0x4)
                0x000000cc                __section_table_start = .
                0x000000cc                __data_section_table = .
                0x000000cc        0x4 LONG 0x1510 LOADADDR (.data)
                0x000000d0        0x4 LONG 0x10000000 ADDR (.data)
                0x000000d4        0x4 LONG 0x0 SIZEOF (.data)
                0x000000d8        0x4 LONG 0x1510 LOADADDR (.data_RAM2)
                0x000000dc        0x4 LONG 0x2007c000 ADDR (.data_RAM2)
                0x000000e0        0x4 LONG 0x0 SIZEOF (.data_RAM2)
                0x000000e4                __data_section_table_end = .
                0x000000e4                __bss_section_table = .
                0x000000e4        0x4 LONG 0x10000000 ADDR (.bss)
                0x000000e8        0x4 LONG 0x294 SIZEOF (.bss)
                0x000000ec        0x4 LONG 0x2007c000 ADDR (.bss_RAM2)
                0x000000f0        0x4 LONG 0x0 SIZEOF (.bss_RAM2)
                0x000000f4                __bss_section_table_end = .
                0x000000f4                __section_table_end = .
 *(.after_vectors*)
 .after_vectors
                0x000000f4      0x128 ./src/cr_startup_lpc175x_6x.o
                0x000000f4                data_init
                0x00000136                bss_init
                0x0000016c                ResetISR
                0x000001e0                NMI_Handler
                0x000001e6                HardFault_Handler
                0x000001ec                MemManage_Handler
                0x000001f2                BusFault_Handler
                0x000001f8                UsageFault_Handler
                0x000001fe                SVC_Handler
                0x00000204                DebugMon_Handler
                0x0000020a                PendSV_Handler
                0x00000216                UART1_IRQHandler
                0x00000216                EINT3_IRQHandler
                0x00000216                CANActivity_IRQHandler
                0x00000216                TIMER3_IRQHandler
                0x00000216                USBActivity_IRQHandler
                0x00000216                EINT2_IRQHandler
                0x00000216                IntDefaultHandler
                0x00000216                PLL0_IRQHandler
                0x00000216                I2C0_IRQHandler
                0x00000216                PLL1_IRQHandler
                0x00000216                I2C1_IRQHandler
                0x00000216                I2S_IRQHandler
                0x00000216                I2C2_IRQHandler
                0x00000216                RTC_IRQHandler
                0x00000216                SPI_IRQHandler
                0x00000216                RIT_IRQHandler
                0x00000216                EINT1_IRQHandler
                0x00000216                TIMER1_IRQHandler
                0x00000216                UART2_IRQHandler
                0x00000216                SSP1_IRQHandler
                0x00000216                USB_IRQHandler
                0x00000216                BOD_IRQHandler
                0x00000216                PWM1_IRQHandler
                0x00000216                WDT_IRQHandler
                0x00000216                SSP0_IRQHandler
                0x00000216                QEI_IRQHandler
                0x00000216                EINT0_IRQHandler
                0x00000216                CAN_IRQHandler
                0x00000216                DMA_IRQHandler
                0x00000216                TIMER2_IRQHandler
                0x00000216                MCPWM_IRQHandler
                0x00000216                ENET_IRQHandler
 *(.text*)
 .text.InicializarBotones
                0x0000021c       0x6c ./src/PR/PR_Botones.o
                0x0000021c                InicializarBotones
 .text.ReadInputs
                0x00000288      0x13c ./src/PR/PR_Botones.o
                0x00000288                ReadInputs
 .text.getBtn   0x000003c4       0x30 ./src/PR/PR_Botones.o
                0x000003c4                getBtn
 .text.InicializarMotores
                0x000003f4       0x58 ./src/PR/PR_Motores.o
                0x000003f4                InicializarMotores
 .text.InicializarRelays
                0x0000044c       0x80 ./src/PR/PR_Relays.o
                0x0000044c                InicializarRelays
 .text.setRelay
                0x000004cc       0x94 ./src/PR/PR_Relays.o
                0x000004cc                setRelay
 .text.invertRelay
                0x00000560       0xc8 ./src/PR/PR_Relays.o
                0x00000560                invertRelay
 .text.InicializarSerial
                0x00000628       0x50 ./src/PR/PR_Serial.o
                0x00000628                InicializarSerial
 .text.TimerStart
                0x00000678       0x94 ./src/PR/PR_Timers.o
                0x00000678                TimerStart
 .text.TimerDiscount
                0x0000070c       0x68 ./src/PR/PR_Timers.o
                0x0000070c                TimerDiscount
 .text.TimerLunchEvent
                0x00000774       0x44 ./src/PR/PR_Timers.o
                0x00000774                TimerLunchEvent
 .text.InicializarADC_DR
                0x000007b8       0x78 ./src/DR/DR_ADC.o
                0x000007b8                InicializarADC_DR
 .text.ADC_IRQHandler
                0x00000830       0x80 ./src/DR/DR_ADC.o
                0x00000830                ADC_IRQHandler
 .text.ADC_getVal
                0x000008b0       0x14 ./src/DR/DR_ADC.o
                0x000008b0                ADC_getVal
 .text.ADC_startConvertion
                0x000008c4       0x1c ./src/DR/DR_ADC.o
                0x000008c4                ADC_startConvertion
 .text.setPinmode
                0x000008e0       0x94 ./src/DR/DR_GPIO.o
                0x000008e0                setPinmode
 .text.setPinmode_OP
                0x00000974       0x64 ./src/DR/DR_GPIO.o
                0x00000974                setPinmode_OP
 .text.setDir   0x000009d8       0x76 ./src/DR/DR_GPIO.o
                0x000009d8                setDir
 *fill*         0x00000a4e        0x2 ff
 .text.setPin   0x00000a50       0xe8 ./src/DR/DR_GPIO.o
                0x00000a50                setPin
 .text.getPin   0x00000b38       0x4e ./src/DR/DR_GPIO.o
                0x00000b38                getPin
 *fill*         0x00000b86        0x2 ff
 .text.InicializarPLL
                0x00000b88      0x140 ./src/DR/DR_PLL.o
                0x00000b88                InicializarPLL
 .text.InicializarPWM_DR
                0x00000cc8       0xec ./src/DR/DR_PWM.o
                0x00000cc8                InicializarPWM_DR
 .text.PWM_setDutyCicle
                0x00000db4       0x7c ./src/DR/DR_PWM.o
                0x00000db4                PWM_setDutyCicle
 .text.setPinsel
                0x00000e30       0xa4 ./src/DR/DR_Pinsel.o
                0x00000e30                setPinsel
 .text.InicializarUART0_DR
                0x00000ed4       0x90 ./src/DR/DR_Serial.o
                0x00000ed4                InicializarUART0_DR
 .text.UART0_pushRX
                0x00000f64       0x3c ./src/DR/DR_Serial.o
                0x00000f64                UART0_pushRX
 .text.UART0_popTX
                0x00000fa0       0x54 ./src/DR/DR_Serial.o
                0x00000fa0                UART0_popTX
 .text.UART0_forceTX
                0x00000ff4       0x28 ./src/DR/DR_Serial.o
                0x00000ff4                UART0_forceTX
 .text.UART0_IRQHandler
                0x0000101c       0x9c ./src/DR/DR_Serial.o
                0x0000101c                UART0_IRQHandler
 .text.InicializarUART3_DR
                0x000010b8       0x90 ./src/DR/DR_Serial.o
                0x000010b8                InicializarUART3_DR
 .text.UART3_popTX
                0x00001148       0x54 ./src/DR/DR_Serial.o
                0x00001148                UART3_popTX
 .text.UART3_forceTX
                0x0000119c       0x28 ./src/DR/DR_Serial.o
                0x0000119c                UART3_forceTX
 .text.UART3_IRQHandler
                0x000011c4       0x9c ./src/DR/DR_Serial.o
                0x000011c4                UART3_IRQHandler
 .text.InicializarSystick
                0x00001260       0x40 ./src/DR/DR_Systick.o
                0x00001260                InicializarSystick
 .text.SysTick_Handler
                0x000012a0       0x1c ./src/DR/DR_Systick.o
                0x000012a0                SysTick_Handler
 .text.scheduler_run
                0x000012bc       0x44 ./src/DR/DR_Systick.o
                0x000012bc                scheduler_run
 .text.InicializarTimer0_DR
                0x00001300       0x9c ./src/DR/DR_Timer0.o
                0x00001300                InicializarTimer0_DR
 .text.TIMER0_EnableCount
                0x0000139c       0x4c ./src/DR/DR_Timer0.o
                0x0000139c                TIMER0_EnableCount
 .text.TIMER0_getTime
                0x000013e8       0x18 ./src/DR/DR_Timer0.o
                0x000013e8                TIMER0_getTime
 .text.TIMER0_rstTime
                0x00001400       0x18 ./src/DR/DR_Timer0.o
                0x00001400                TIMER0_rstTime
 .text.TIMER0_IRQHandler
                0x00001418       0x28 ./src/DR/DR_Timer0.o
                0x00001418                TIMER0_IRQHandler
 .text.func     0x00001440       0x20 ./src/TPI_V0.o
                0x00001440                func
 .text.main     0x00001460       0xac ./src/TPI_V0.o
                0x00001460                main
 .text.__weak_main
                0x0000150c        0x4 c:/nxp/mcuxpressoide_11.1.1_3241/ide/plugins/com.nxp.mcuxpresso.tools.win32_11.1.0.202001081728/tools/bin/../lib/gcc/arm-none-eabi/8.3.1/../../../../arm-none-eabi/lib/thumb/v7-m/nofp\libcr_c.a(__weak__main.o)
                0x0000150c                __weak_main
                0x0000150c                __main
 *(.rodata .rodata.* .constdata .constdata.*)
                0x00001510                . = ALIGN (0x4)

.glue_7         0x00001510        0x0
 .glue_7        0x00001510        0x0 linker stubs

.glue_7t        0x00001510        0x0
 .glue_7t       0x00001510        0x0 linker stubs

.vfp11_veneer   0x00001510        0x0
 .vfp11_veneer  0x00001510        0x0 linker stubs

.v4_bx          0x00001510        0x0
 .v4_bx         0x00001510        0x0 linker stubs

.iplt           0x00001510        0x0
 .iplt          0x00001510        0x0 ./src/PR/PR_Botones.o

.rel.dyn        0x00001510        0x0
 .rel.iplt      0x00001510        0x0 ./src/PR/PR_Botones.o

.ARM.extab
 *(.ARM.extab* .gnu.linkonce.armextab.*)

.ARM.exidx      0x00001510        0x0
                0x00001510                __exidx_start = .
 *(.ARM.exidx* .gnu.linkonce.armexidx.*)
                0x00001510                __exidx_end = .
                0x00001510                _etext = .

.data_RAM2      0x2007c000        0x0 load address 0x00001510
 FILL mask 0xff
                [!provide]                PROVIDE (__start_data_RAM2 = .)
                [!provide]                PROVIDE (__start_data_RamAHB32 = .)
 *(.ramfunc.$RAM2)
 *(.ramfunc.$RamAHB32)
 *(.data.$RAM2)
 *(.data.$RamAHB32)
 *(.data.$RAM2.*)
 *(.data.$RamAHB32.*)
                0x2007c000                . = ALIGN (0x4)
                [!provide]                PROVIDE (__end_data_RAM2 = .)
                [!provide]                PROVIDE (__end_data_RamAHB32 = .)

.uninit_RESERVED
                0x10000000        0x0
                0x10000000                _start_uninit_RESERVED = .
 *(.bss.$RESERVED*)
                0x10000000                . = ALIGN (0x4)
                0x10000000                _end_uninit_RESERVED = .

.data           0x10000000        0x0 load address 0x00001510
 FILL mask 0xff
                0x10000000                _data = .
                [!provide]                PROVIDE (__start_data_RAM = .)
                [!provide]                PROVIDE (__start_data_RamLoc32 = .)
 *(vtable)
 *(.ramfunc*)
 *(CodeQuickAccess)
 *(DataQuickAccess)
 *(RamFunction)
 *(.data*)
                0x10000000                . = ALIGN (0x4)
                0x10000000                _edata = .
                [!provide]                PROVIDE (__end_data_RAM = .)
                [!provide]                PROVIDE (__end_data_RamLoc32 = .)

.igot.plt       0x10000000        0x0 load address 0x00001510
 .igot.plt      0x10000000        0x0 ./src/PR/PR_Botones.o

.bss_RAM2       0x2007c000        0x0
                [!provide]                PROVIDE (__start_bss_RAM2 = .)
                [!provide]                PROVIDE (__start_bss_RamAHB32 = .)
 *(.bss.$RAM2)
 *(.bss.$RamAHB32)
 *(.bss.$RAM2.*)
 *(.bss.$RamAHB32.*)
                0x2007c000                . = ALIGN ((. != 0x0)?0x4:0x1)
                [!provide]                PROVIDE (__end_bss_RAM2 = .)
                [!provide]                PROVIDE (__end_bss_RamAHB32 = .)

.bss            0x10000000      0x294
                0x10000000                _bss = .
                [!provide]                PROVIDE (__start_bss_RAM = .)
                [!provide]                PROVIDE (__start_bss_RamLoc32 = .)
 *(.bss*)
 .bss.cycleCounter
                0x10000000        0x5 ./src/PR/PR_Botones.o
 .bss.InputBuff
                0x10000005        0x1 ./src/PR/PR_Botones.o
 *fill*         0x10000006        0x2 
 .bss.TmrRun    0x10000008       0x78 ./src/PR/PR_Timers.o
                0x10000008                TmrRun
 .bss.TmrFunciones
                0x10000080       0x78 ./src/PR/PR_Timers.o
                0x10000080                TmrFunciones
 .bss.TmrFlags  0x100000f8       0x1f ./src/PR/PR_Timers.o
                0x100000f8                TmrFlags
 *fill*         0x10000117        0x1 
 .bss.TmrPause  0x10000118       0x1e ./src/PR/PR_Timers.o
                0x10000118                TmrPause
 *fill*         0x10000136        0x2 
 .bss.TmrBase   0x10000138       0x1e ./src/PR/PR_Timers.o
                0x10000138                TmrBase
 *fill*         0x10000156        0x2 
 .bss.ADC_buffer
                0x10000158       0x40 ./src/DR/DR_ADC.o
 .bss.ADC_buffer_cycle
                0x10000198        0x4 ./src/DR/DR_ADC.o
 .bss.ADC_promedio
                0x1000019c        0x4 ./src/DR/DR_ADC.o
 .bss.acummulator.3753
                0x100001a0        0x4 ./src/DR/DR_ADC.o
 .bss.match_counter
                0x100001a4        0x4 ./src/DR/DR_PWM.o
 .bss.UART0_rx_buff
                0x100001a8       0x40 ./src/DR/DR_Serial.o
                0x100001a8                UART0_rx_buff
 .bss.UART0_rx_in
                0x100001e8        0x4 ./src/DR/DR_Serial.o
                0x100001e8                UART0_rx_in
 .bss.UART0_tx_buff
                0x100001ec       0x40 ./src/DR/DR_Serial.o
                0x100001ec                UART0_tx_buff
 .bss.UART0_tx_in
                0x1000022c        0x4 ./src/DR/DR_Serial.o
                0x1000022c                UART0_tx_in
 .bss.UART0_tx_out
                0x10000230        0x4 ./src/DR/DR_Serial.o
                0x10000230                UART0_tx_out
 .bss.UART0_tx_flag
                0x10000234        0x1 ./src/DR/DR_Serial.o
                0x10000234                UART0_tx_flag
 *fill*         0x10000235        0x3 
 .bss.UART3_tx_buff
                0x10000238       0x40 ./src/DR/DR_Serial.o
                0x10000238                UART3_tx_buff
 .bss.UART3_tx_in
                0x10000278        0x4 ./src/DR/DR_Serial.o
                0x10000278                UART3_tx_in
 .bss.UART3_tx_out
                0x1000027c        0x4 ./src/DR/DR_Serial.o
                0x1000027c                UART3_tx_out
 .bss.UART3_tx_flag
                0x10000280        0x1 ./src/DR/DR_Serial.o
                0x10000280                UART3_tx_flag
 *fill*         0x10000281        0x3 
 .bss.systickCounter
                0x10000284        0x4 ./src/DR/DR_Systick.o
 .bss.adc_counter.3753
                0x10000288        0x4 ./src/DR/DR_Systick.o
 .bss.TIM0_count
                0x1000028c        0x4 ./src/DR/DR_Timer0.o
                0x1000028c                TIM0_count
 .bss.prueba.3798
                0x10000290        0x4 ./src/TPI_V0.o
 *(COMMON)
                0x10000294                . = ALIGN (0x4)
                0x10000294                _ebss = .
                [!provide]                PROVIDE (__end_bss_RAM = .)
                [!provide]                PROVIDE (__end_bss_RamLoc32 = .)
                [!provide]                PROVIDE (end = .)

.noinit_RAM2    0x2007c000        0x0
                [!provide]                PROVIDE (__start_noinit_RAM2 = .)
                [!provide]                PROVIDE (__start_noinit_RamAHB32 = .)
 *(.noinit.$RAM2)
 *(.noinit.$RamAHB32)
 *(.noinit.$RAM2.*)
 *(.noinit.$RamAHB32.*)
                0x2007c000                . = ALIGN (0x4)
                [!provide]                PROVIDE (__end_noinit_RAM2 = .)
                [!provide]                PROVIDE (__end_noinit_RamAHB32 = .)

.noinit         0x10000294        0x0
                0x10000294                _noinit = .
                [!provide]                PROVIDE (__start_noinit_RAM = .)
                [!provide]                PROVIDE (__start_noinit_RamLoc32 = .)
 *(.noinit*)
                0x10000294                . = ALIGN (0x4)
                0x10000294                _end_noinit = .
                [!provide]                PROVIDE (__end_noinit_RAM = .)
                [!provide]                PROVIDE (__end_noinit_RamLoc32 = .)
                [!provide]                PROVIDE (_pvHeapStart = DEFINED (__user_heap_base)?__user_heap_base:.)
                0x10008000                PROVIDE (_vStackTop = DEFINED (__user_stack_top)?__user_stack_top:(__top_RamLoc32 - 0x0))
                0xefff74f2                PROVIDE (__valid_user_code_checksum = (0x0 - ((((((_vStackTop + (ResetISR + 0x1)) + (NMI_Handler + 0x1)) + (HardFault_Handler + 0x1)) + (DEFINED (MemManage_Handler)?MemManage_Handler:0x0 + 0x1)) + (DEFINED (BusFault_Handler)?BusFault_Handler:0x0 + 0x1)) + (DEFINED (UsageFault_Handler)?UsageFault_Handler:0x0 + 0x1))))
                0x00000000                _image_start = LOADADDR (.text)
                0x00001510                _image_end = (LOADADDR (.data) + SIZEOF (.data))
                0x00001510                _image_size = (_image_end - _image_start)
OUTPUT(TPI_V0.axf elf32-littlearm)

.debug_info     0x00000000     0x2952
 .debug_info    0x00000000      0x143 ./src/PR/PR_Botones.o
 .debug_info    0x00000143       0xfb ./src/PR/PR_Motores.o
 .debug_info    0x0000023e       0xff ./src/PR/PR_Relays.o
 .debug_info    0x0000033d      0x268 ./src/PR/PR_Serial.o
 .debug_info    0x000005a5      0x355 ./src/PR/PR_Timers.o
 .debug_info    0x000008fa      0x526 ./src/DR/DR_ADC.o
 .debug_info    0x00000e20      0x27f ./src/DR/DR_GPIO.o
 .debug_info    0x0000109f       0x72 ./src/DR/DR_PLL.o
 .debug_info    0x00001111      0x500 ./src/DR/DR_PWM.o
 .debug_info    0x00001611       0xac ./src/DR/DR_Pinsel.o
 .debug_info    0x000016bd      0x700 ./src/DR/DR_Serial.o
 .debug_info    0x00001dbd      0x257 ./src/DR/DR_Systick.o
 .debug_info    0x00002014      0x51b ./src/DR/DR_Timer0.o
 .debug_info    0x0000252f      0x1b1 ./src/TPI_V0.o
 .debug_info    0x000026e0      0x272 ./src/cr_startup_lpc175x_6x.o

.debug_abbrev   0x00000000      0xfa9
 .debug_abbrev  0x00000000       0xe2 ./src/PR/PR_Botones.o
 .debug_abbrev  0x000000e2       0xa1 ./src/PR/PR_Motores.o
 .debug_abbrev  0x00000183       0xc1 ./src/PR/PR_Relays.o
 .debug_abbrev  0x00000244       0xf4 ./src/PR/PR_Serial.o
 .debug_abbrev  0x00000338      0x15b ./src/PR/PR_Timers.o
 .debug_abbrev  0x00000493      0x131 ./src/DR/DR_ADC.o
 .debug_abbrev  0x000005c4       0xf7 ./src/DR/DR_GPIO.o
 .debug_abbrev  0x000006bb       0x56 ./src/DR/DR_PLL.o
 .debug_abbrev  0x00000711      0x11a ./src/DR/DR_PWM.o
 .debug_abbrev  0x0000082b       0x78 ./src/DR/DR_Pinsel.o
 .debug_abbrev  0x000008a3      0x230 ./src/DR/DR_Serial.o
 .debug_abbrev  0x00000ad3      0x15d ./src/DR/DR_Systick.o
 .debug_abbrev  0x00000c30      0x165 ./src/DR/DR_Timer0.o
 .debug_abbrev  0x00000d95       0xfd ./src/TPI_V0.o
 .debug_abbrev  0x00000e92      0x117 ./src/cr_startup_lpc175x_6x.o

.debug_aranges  0x00000000      0x3b8
 .debug_aranges
                0x00000000       0x30 ./src/PR/PR_Botones.o
 .debug_aranges
                0x00000030       0x30 ./src/PR/PR_Motores.o
 .debug_aranges
                0x00000060       0x30 ./src/PR/PR_Relays.o
 .debug_aranges
                0x00000090       0x50 ./src/PR/PR_Serial.o
 .debug_aranges
                0x000000e0       0x58 ./src/PR/PR_Timers.o
 .debug_aranges
                0x00000138       0x40 ./src/DR/DR_ADC.o
 .debug_aranges
                0x00000178       0x48 ./src/DR/DR_GPIO.o
 .debug_aranges
                0x000001c0       0x20 ./src/DR/DR_PLL.o
 .debug_aranges
                0x000001e0       0x28 ./src/DR/DR_PWM.o
 .debug_aranges
                0x00000208       0x20 ./src/DR/DR_Pinsel.o
 .debug_aranges
                0x00000228       0x68 ./src/DR/DR_Serial.o
 .debug_aranges
                0x00000290       0x40 ./src/DR/DR_Systick.o
 .debug_aranges
                0x000002d0       0x40 ./src/DR/DR_Timer0.o
 .debug_aranges
                0x00000310       0x28 ./src/TPI_V0.o
 .debug_aranges
                0x00000338       0x80 ./src/cr_startup_lpc175x_6x.o

.debug_ranges   0x00000000      0x2c8
 .debug_ranges  0x00000000       0x20 ./src/PR/PR_Botones.o
 .debug_ranges  0x00000020       0x20 ./src/PR/PR_Motores.o
 .debug_ranges  0x00000040       0x20 ./src/PR/PR_Relays.o
 .debug_ranges  0x00000060       0x40 ./src/PR/PR_Serial.o
 .debug_ranges  0x000000a0       0x48 ./src/PR/PR_Timers.o
 .debug_ranges  0x000000e8       0x30 ./src/DR/DR_ADC.o
 .debug_ranges  0x00000118       0x38 ./src/DR/DR_GPIO.o
 .debug_ranges  0x00000150       0x10 ./src/DR/DR_PLL.o
 .debug_ranges  0x00000160       0x18 ./src/DR/DR_PWM.o
 .debug_ranges  0x00000178       0x10 ./src/DR/DR_Pinsel.o
 .debug_ranges  0x00000188       0x58 ./src/DR/DR_Serial.o
 .debug_ranges  0x000001e0       0x30 ./src/DR/DR_Systick.o
 .debug_ranges  0x00000210       0x30 ./src/DR/DR_Timer0.o
 .debug_ranges  0x00000240       0x18 ./src/TPI_V0.o
 .debug_ranges  0x00000258       0x70 ./src/cr_startup_lpc175x_6x.o

.debug_macro    0x00000000     0x1746
 .debug_macro   0x00000000       0x58 ./src/PR/PR_Botones.o
 .debug_macro   0x00000058      0xa9c ./src/PR/PR_Botones.o
 .debug_macro   0x00000af4      0x1be ./src/PR/PR_Botones.o
 .debug_macro   0x00000cb2       0x34 ./src/PR/PR_Botones.o
 .debug_macro   0x00000ce6       0x58 ./src/PR/PR_Botones.o
 .debug_macro   0x00000d3e       0x92 ./src/PR/PR_Motores.o
 .debug_macro   0x00000dd0      0x178 ./src/PR/PR_Motores.o
 .debug_macro   0x00000f48       0x22 ./src/PR/PR_Motores.o
 .debug_macro   0x00000f6a       0x5e ./src/PR/PR_Motores.o
 .debug_macro   0x00000fc8       0x4f ./src/PR/PR_Relays.o
 .debug_macro   0x00001017       0x55 ./src/PR/PR_Serial.o
 .debug_macro   0x0000106c       0x1c ./src/PR/PR_Serial.o
 .debug_macro   0x00001088       0x16 ./src/PR/PR_Serial.o
 .debug_macro   0x0000109e       0x42 ./src/PR/PR_Timers.o
 .debug_macro   0x000010e0       0x28 ./src/PR/PR_Timers.o
 .debug_macro   0x00001108       0x67 ./src/DR/DR_ADC.o
 .debug_macro   0x0000116f       0x54 ./src/DR/DR_GPIO.o
 .debug_macro   0x000011c3       0x42 ./src/DR/DR_PLL.o
 .debug_macro   0x00001205      0x172 ./src/DR/DR_PLL.o
 .debug_macro   0x00001377       0xaf ./src/DR/DR_PWM.o
 .debug_macro   0x00001426       0x48 ./src/DR/DR_Pinsel.o
 .debug_macro   0x0000146e       0x78 ./src/DR/DR_Serial.o
 .debug_macro   0x000014e6       0x10 ./src/DR/DR_Serial.o
 .debug_macro   0x000014f6       0x72 ./src/DR/DR_Systick.o
 .debug_macro   0x00001568       0x2e ./src/DR/DR_Systick.o
 .debug_macro   0x00001596       0x61 ./src/DR/DR_Timer0.o
 .debug_macro   0x000015f7       0xb0 ./src/TPI_V0.o
 .debug_macro   0x000016a7       0x82 ./src/TPI_V0.o
 .debug_macro   0x00001729       0x1d ./src/cr_startup_lpc175x_6x.o

.debug_line     0x00000000     0x1d3a
 .debug_line    0x00000000      0x1fd ./src/PR/PR_Botones.o
 .debug_line    0x000001fd      0x199 ./src/PR/PR_Motores.o
 .debug_line    0x00000396      0x198 ./src/PR/PR_Relays.o
 .debug_line    0x0000052e      0x249 ./src/PR/PR_Serial.o
 .debug_line    0x00000777      0x320 ./src/PR/PR_Timers.o
 .debug_line    0x00000a97      0x1b1 ./src/DR/DR_ADC.o
 .debug_line    0x00000c48      0x200 ./src/DR/DR_GPIO.o
 .debug_line    0x00000e48      0x1ef ./src/DR/DR_PLL.o
 .debug_line    0x00001037      0x180 ./src/DR/DR_PWM.o
 .debug_line    0x000011b7      0x104 ./src/DR/DR_Pinsel.o
 .debug_line    0x000012bb      0x303 ./src/DR/DR_Serial.o
 .debug_line    0x000015be      0x1ec ./src/DR/DR_Systick.o
 .debug_line    0x000017aa      0x1a9 ./src/DR/DR_Timer0.o
 .debug_line    0x00001953      0x288 ./src/TPI_V0.o
 .debug_line    0x00001bdb      0x15f ./src/cr_startup_lpc175x_6x.o

.debug_str      0x00000000     0x51df
 .debug_str     0x00000000     0x3400 ./src/PR/PR_Botones.o
                               0x344a (size before relaxing)
 .debug_str     0x00003400      0x793 ./src/PR/PR_Motores.o
                               0x3b3c (size before relaxing)
 .debug_str     0x00003b93       0x70 ./src/PR/PR_Relays.o
                               0x345a (size before relaxing)
 .debug_str     0x00003c03      0x18d ./src/PR/PR_Serial.o
                               0x34db (size before relaxing)
 .debug_str     0x00003d90      0x12c ./src/PR/PR_Timers.o
                               0x3441 (size before relaxing)
 .debug_str     0x00003ebc      0x2a2 ./src/DR/DR_ADC.o
                               0x3c69 (size before relaxing)
 .debug_str     0x0000415e       0xfd ./src/DR/DR_GPIO.o
                               0x34c1 (size before relaxing)
 .debug_str     0x0000425b       0x22 ./src/DR/DR_PLL.o
                               0x3950 (size before relaxing)
 .debug_str     0x0000427d      0x360 ./src/DR/DR_PWM.o
                               0x3d66 (size before relaxing)
 .debug_str     0x000045dd       0x51 ./src/DR/DR_Pinsel.o
                               0x33a5 (size before relaxing)
 .debug_str     0x0000462e      0x297 ./src/DR/DR_Serial.o
                               0x3d65 (size before relaxing)
 .debug_str     0x000048c5      0x110 ./src/DR/DR_Systick.o
                               0x3b36 (size before relaxing)
 .debug_str     0x000049d5      0x1da ./src/DR/DR_Timer0.o
                               0x3bbe (size before relaxing)
 .debug_str     0x00004baf      0x46a ./src/TPI_V0.o
                               0x3fbb (size before relaxing)
 .debug_str     0x00005019      0x1c6 ./src/cr_startup_lpc175x_6x.o
                               0x2f8b (size before relaxing)

.comment        0x00000000       0x76
 .comment       0x00000000       0x76 ./src/PR/PR_Botones.o
                                 0x77 (size before relaxing)
 .comment       0x00000076       0x77 ./src/PR/PR_Motores.o
 .comment       0x00000076       0x77 ./src/PR/PR_Relays.o
 .comment       0x00000076       0x77 ./src/PR/PR_Serial.o
 .comment       0x00000076       0x77 ./src/PR/PR_Timers.o
 .comment       0x00000076       0x77 ./src/DR/DR_ADC.o
 .comment       0x00000076       0x77 ./src/DR/DR_GPIO.o
 .comment       0x00000076       0x77 ./src/DR/DR_PLL.o
 .comment       0x00000076       0x77 ./src/DR/DR_PWM.o
 .comment       0x00000076       0x77 ./src/DR/DR_Pinsel.o
 .comment       0x00000076       0x77 ./src/DR/DR_Serial.o
 .comment       0x00000076       0x77 ./src/DR/DR_Systick.o
 .comment       0x00000076       0x77 ./src/DR/DR_Timer0.o
 .comment       0x00000076       0x77 ./src/TPI_V0.o
 .comment       0x00000076       0x77 ./src/cr_startup_lpc175x_6x.o
 .comment       0x00000076       0x77 c:/nxp/mcuxpressoide_11.1.1_3241/ide/plugins/com.nxp.mcuxpresso.tools.win32_11.1.0.202001081728/tools/bin/../lib/gcc/arm-none-eabi/8.3.1/../../../../arm-none-eabi/lib/thumb/v7-m/nofp\libcr_c.a(__weak__main.o)

.ARM.attributes
                0x00000000       0x2d
 .ARM.attributes
                0x00000000       0x2d ./src/PR/PR_Botones.o
 .ARM.attributes
                0x0000002d       0x2d ./src/PR/PR_Motores.o
 .ARM.attributes
                0x0000005a       0x2d ./src/PR/PR_Relays.o
 .ARM.attributes
                0x00000087       0x2d ./src/PR/PR_Serial.o
 .ARM.attributes
                0x000000b4       0x2d ./src/PR/PR_Timers.o
 .ARM.attributes
                0x000000e1       0x2d ./src/DR/DR_ADC.o
 .ARM.attributes
                0x0000010e       0x2d ./src/DR/DR_GPIO.o
 .ARM.attributes
                0x0000013b       0x2d ./src/DR/DR_PLL.o
 .ARM.attributes
                0x00000168       0x2d ./src/DR/DR_PWM.o
 .ARM.attributes
                0x00000195       0x2d ./src/DR/DR_Pinsel.o
 .ARM.attributes
                0x000001c2       0x2d ./src/DR/DR_Serial.o
 .ARM.attributes
                0x000001ef       0x2d ./src/DR/DR_Systick.o
 .ARM.attributes
                0x0000021c       0x2d ./src/DR/DR_Timer0.o
 .ARM.attributes
                0x00000249       0x2d ./src/TPI_V0.o
 .ARM.attributes
                0x00000276       0x2d ./src/cr_startup_lpc175x_6x.o
 .ARM.attributes
                0x000002a3       0x2d c:/nxp/mcuxpressoide_11.1.1_3241/ide/plugins/com.nxp.mcuxpresso.tools.win32_11.1.0.202001081728/tools/bin/../lib/gcc/arm-none-eabi/8.3.1/../../../../arm-none-eabi/lib/thumb/v7-m/nofp\libcr_c.a(__weak__main.o)

.debug_frame    0x00000000      0xae0
 .debug_frame   0x00000000       0x78 ./src/PR/PR_Botones.o
 .debug_frame   0x00000078       0x74 ./src/PR/PR_Motores.o
 .debug_frame   0x000000ec       0x74 ./src/PR/PR_Relays.o
 .debug_frame   0x00000160      0x114 ./src/PR/PR_Serial.o
 .debug_frame   0x00000274      0x148 ./src/PR/PR_Timers.o
 .debug_frame   0x000003bc       0xc0 ./src/DR/DR_ADC.o
 .debug_frame   0x0000047c      0x104 ./src/DR/DR_GPIO.o
 .debug_frame   0x00000580       0x30 ./src/DR/DR_PLL.o
 .debug_frame   0x000005b0       0x58 ./src/DR/DR_PWM.o
 .debug_frame   0x00000608       0x38 ./src/DR/DR_Pinsel.o
 .debug_frame   0x00000640      0x188 ./src/DR/DR_Serial.o
 .debug_frame   0x000007c8       0xa8 ./src/DR/DR_Systick.o
 .debug_frame   0x00000870       0xb8 ./src/DR/DR_Timer0.o
 .debug_frame   0x00000928       0x48 ./src/TPI_V0.o
 .debug_frame   0x00000970      0x170 ./src/cr_startup_lpc175x_6x.o

Cross Reference Table

Symbol                                            File
ADC_IRQHandler                                    ./src/DR/DR_ADC.o
ADC_changeChannel                                 ./src/DR/DR_ADC.o
ADC_getVal                                        ./src/DR/DR_ADC.o
                                                  ./src/TPI_V0.o
ADC_inUse                                         ./src/DR/DR_Systick.o
ADC_startConvertion                               ./src/DR/DR_ADC.o
                                                  ./src/DR/DR_Systick.o
BOD_IRQHandler                                    ./src/cr_startup_lpc175x_6x.o
BusFault_Handler                                  ./src/cr_startup_lpc175x_6x.o
CANActivity_IRQHandler                            ./src/cr_startup_lpc175x_6x.o
CAN_IRQHandler                                    ./src/cr_startup_lpc175x_6x.o
DMA_IRQHandler                                    ./src/cr_startup_lpc175x_6x.o
DebugMon_Handler                                  ./src/cr_startup_lpc175x_6x.o
EINT0_IRQHandler                                  ./src/cr_startup_lpc175x_6x.o
EINT1_IRQHandler                                  ./src/cr_startup_lpc175x_6x.o
EINT2_IRQHandler                                  ./src/cr_startup_lpc175x_6x.o
EINT3_IRQHandler                                  ./src/cr_startup_lpc175x_6x.o
ENET_IRQHandler                                   ./src/cr_startup_lpc175x_6x.o
HardFault_Handler                                 ./src/cr_startup_lpc175x_6x.o
I2C0_IRQHandler                                   ./src/cr_startup_lpc175x_6x.o
I2C1_IRQHandler                                   ./src/cr_startup_lpc175x_6x.o
I2C2_IRQHandler                                   ./src/cr_startup_lpc175x_6x.o
I2S_IRQHandler                                    ./src/cr_startup_lpc175x_6x.o
InicializarADC_DR                                 ./src/DR/DR_ADC.o
                                                  ./src/TPI_V0.o
InicializarBotones                                ./src/PR/PR_Botones.o
                                                  ./src/TPI_V0.o
InicializarMotores                                ./src/PR/PR_Motores.o
                                                  ./src/TPI_V0.o
InicializarPLL                                    ./src/DR/DR_PLL.o
                                                  ./src/TPI_V0.o
InicializarPWM_DR                                 ./src/DR/DR_PWM.o
                                                  ./src/PR/PR_Motores.o
InicializarRelays                                 ./src/PR/PR_Relays.o
                                                  ./src/TPI_V0.o
InicializarSerial                                 ./src/PR/PR_Serial.o
                                                  ./src/TPI_V0.o
InicializarSystick                                ./src/DR/DR_Systick.o
                                                  ./src/TPI_V0.o
InicializarTimer0_DR                              ./src/DR/DR_Timer0.o
                                                  ./src/TPI_V0.o
InicializarUART0_DR                               ./src/DR/DR_Serial.o
                                                  ./src/PR/PR_Serial.o
InicializarUART3_DR                               ./src/DR/DR_Serial.o
                                                  ./src/PR/PR_Serial.o
IntDefaultHandler                                 ./src/cr_startup_lpc175x_6x.o
MCPWM_IRQHandler                                  ./src/cr_startup_lpc175x_6x.o
MemManage_Handler                                 ./src/cr_startup_lpc175x_6x.o
NMI_Handler                                       ./src/cr_startup_lpc175x_6x.o
PLL0_IRQHandler                                   ./src/cr_startup_lpc175x_6x.o
PLL1_IRQHandler                                   ./src/cr_startup_lpc175x_6x.o
PWM1_IRQHandler                                   ./src/cr_startup_lpc175x_6x.o
PWM_setDutyCicle                                  ./src/DR/DR_PWM.o
                                                  ./src/PR/PR_Motores.o
PendSV_Handler                                    ./src/cr_startup_lpc175x_6x.o
QEI_IRQHandler                                    ./src/cr_startup_lpc175x_6x.o
RIT_IRQHandler                                    ./src/cr_startup_lpc175x_6x.o
RTC_IRQHandler                                    ./src/cr_startup_lpc175x_6x.o
ReadInputs                                        ./src/PR/PR_Botones.o
                                                  ./src/TPI_V0.o
ResetISR                                          ./src/cr_startup_lpc175x_6x.o
SPI_IRQHandler                                    ./src/cr_startup_lpc175x_6x.o
SSP0_IRQHandler                                   ./src/cr_startup_lpc175x_6x.o
SSP1_IRQHandler                                   ./src/cr_startup_lpc175x_6x.o
SVC_Handler                                       ./src/cr_startup_lpc175x_6x.o
SysTick_Handler                                   ./src/DR/DR_Systick.o
TIM0_count                                        ./src/DR/DR_Timer0.o
TIMER0_EnableCount                                ./src/DR/DR_Timer0.o
                                                  ./src/TPI_V0.o
TIMER0_IRQHandler                                 ./src/DR/DR_Timer0.o
TIMER0_getTime                                    ./src/DR/DR_Timer0.o
                                                  ./src/TPI_V0.o
TIMER0_rstTime                                    ./src/DR/DR_Timer0.o
                                                  ./src/TPI_V0.o
TIMER1_IRQHandler                                 ./src/cr_startup_lpc175x_6x.o
TIMER2_IRQHandler                                 ./src/cr_startup_lpc175x_6x.o
TIMER3_IRQHandler                                 ./src/cr_startup_lpc175x_6x.o
TimerClose                                        ./src/PR/PR_Timers.o
TimerDiscount                                     ./src/PR/PR_Timers.o
                                                  ./src/DR/DR_Systick.o
TimerGet                                          ./src/PR/PR_Timers.o
TimerLunchEvent                                   ./src/PR/PR_Timers.o
                                                  ./src/TPI_V0.o
TimerPause                                        ./src/PR/PR_Timers.o
TimerSet                                          ./src/PR/PR_Timers.o
TimerStart                                        ./src/PR/PR_Timers.o
                                                  ./src/TPI_V0.o
TimerStop                                         ./src/PR/PR_Timers.o
TmrBase                                           ./src/PR/PR_Timers.o
TmrFlags                                          ./src/PR/PR_Timers.o
TmrFunciones                                      ./src/PR/PR_Timers.o
TmrPause                                          ./src/PR/PR_Timers.o
TmrRun                                            ./src/PR/PR_Timers.o
UART0_IRQHandler                                  ./src/DR/DR_Serial.o
UART0_SendString                                  ./src/PR/PR_Serial.o
UART0_forceTX                                     ./src/DR/DR_Serial.o
                                                  ./src/PR/PR_Serial.o
UART0_popRX                                       ./src/PR/PR_Serial.o
UART0_popTX                                       ./src/DR/DR_Serial.o
UART0_pushRX                                      ./src/DR/DR_Serial.o
UART0_pushTX                                      ./src/PR/PR_Serial.o
UART0_rx_buff                                     ./src/DR/DR_Serial.o
                                                  ./src/PR/PR_Serial.o
UART0_rx_in                                       ./src/DR/DR_Serial.o
                                                  ./src/PR/PR_Serial.o
UART0_rx_out                                      ./src/DR/DR_Serial.o
                                                  ./src/PR/PR_Serial.o
UART0_tx_buff                                     ./src/DR/DR_Serial.o
                                                  ./src/PR/PR_Serial.o
UART0_tx_flag                                     ./src/DR/DR_Serial.o
                                                  ./src/PR/PR_Serial.o
UART0_tx_in                                       ./src/DR/DR_Serial.o
                                                  ./src/PR/PR_Serial.o
UART0_tx_out                                      ./src/DR/DR_Serial.o
UART1_IRQHandler                                  ./src/cr_startup_lpc175x_6x.o
UART2_IRQHandler                                  ./src/cr_startup_lpc175x_6x.o
UART3_IRQHandler                                  ./src/DR/DR_Serial.o
UART3_SendString                                  ./src/PR/PR_Serial.o
UART3_forceTX                                     ./src/DR/DR_Serial.o
                                                  ./src/PR/PR_Serial.o
UART3_popRX                                       ./src/PR/PR_Serial.o
UART3_popTX                                       ./src/DR/DR_Serial.o
UART3_pushRX                                      ./src/DR/DR_Serial.o
UART3_pushTX                                      ./src/PR/PR_Serial.o
UART3_rx_buff                                     ./src/DR/DR_Serial.o
                                                  ./src/PR/PR_Serial.o
UART3_rx_in                                       ./src/DR/DR_Serial.o
                                                  ./src/PR/PR_Serial.o
UART3_rx_out                                      ./src/DR/DR_Serial.o
                                                  ./src/PR/PR_Serial.o
UART3_tx_buff                                     ./src/DR/DR_Serial.o
                                                  ./src/PR/PR_Serial.o
UART3_tx_flag                                     ./src/DR/DR_Serial.o
                                                  ./src/PR/PR_Serial.o
UART3_tx_in                                       ./src/DR/DR_Serial.o
                                                  ./src/PR/PR_Serial.o
UART3_tx_out                                      ./src/DR/DR_Serial.o
USBActivity_IRQHandler                            ./src/cr_startup_lpc175x_6x.o
USB_IRQHandler                                    ./src/cr_startup_lpc175x_6x.o
UsageFault_Handler                                ./src/cr_startup_lpc175x_6x.o
WDT_IRQHandler                                    ./src/cr_startup_lpc175x_6x.o
__bss_section_table_end                           ./src/cr_startup_lpc175x_6x.o
__data_section_table                              ./src/cr_startup_lpc175x_6x.o
__data_section_table_end                          ./src/cr_startup_lpc175x_6x.o
__main                                            c:/nxp/mcuxpressoide_11.1.1_3241/ide/plugins/com.nxp.mcuxpresso.tools.win32_11.1.0.202001081728/tools/bin/../lib/gcc/arm-none-eabi/8.3.1/../../../../arm-none-eabi/lib/thumb/v7-m/nofp\libcr_c.a(__weak__main.o)
                                                  ./src/cr_startup_lpc175x_6x.o
__valid_user_code_checksum                        ./src/cr_startup_lpc175x_6x.o
__weak_main                                       c:/nxp/mcuxpressoide_11.1.1_3241/ide/plugins/com.nxp.mcuxpresso.tools.win32_11.1.0.202001081728/tools/bin/../lib/gcc/arm-none-eabi/8.3.1/../../../../arm-none-eabi/lib/thumb/v7-m/nofp\libcr_c.a(__weak__main.o)
_vStackTop                                        ./src/cr_startup_lpc175x_6x.o
bss_init                                          ./src/cr_startup_lpc175x_6x.o
data_init                                         ./src/cr_startup_lpc175x_6x.o
func                                              ./src/TPI_V0.o
g_pfnVectors                                      ./src/cr_startup_lpc175x_6x.o
getBtn                                            ./src/PR/PR_Botones.o
                                                  ./src/TPI_V0.o
getPin                                            ./src/DR/DR_GPIO.o
                                                  ./src/PR/PR_Relays.o
                                                  ./src/PR/PR_Botones.o
getPin_raw                                        ./src/DR/DR_GPIO.o
get_ticks                                         ./src/DR/DR_Systick.o
invertRelay                                       ./src/PR/PR_Relays.o
                                                  ./src/TPI_V0.o
main                                              ./src/TPI_V0.o
                                                  c:/nxp/mcuxpressoide_11.1.1_3241/ide/plugins/com.nxp.mcuxpresso.tools.win32_11.1.0.202001081728/tools/bin/../lib/gcc/arm-none-eabi/8.3.1/../../../../arm-none-eabi/lib/thumb/v7-m/nofp\libcr_c.a(__weak__main.o)
reset_ticks                                       ./src/DR/DR_Systick.o
scheduler_run                                     ./src/DR/DR_Systick.o
setDir                                            ./src/DR/DR_GPIO.o
                                                  ./src/PR/PR_Relays.o
                                                  ./src/PR/PR_Motores.o
                                                  ./src/PR/PR_Botones.o
setMotoresDir                                     ./src/PR/PR_Motores.o
setMotoresVel                                     ./src/PR/PR_Motores.o
setPin                                            ./src/DR/DR_GPIO.o
                                                  ./src/PR/PR_Relays.o
                                                  ./src/PR/PR_Motores.o
setPinmode                                        ./src/DR/DR_GPIO.o
                                                  ./src/PR/PR_Botones.o
setPinmode_OP                                     ./src/DR/DR_GPIO.o
                                                  ./src/PR/PR_Relays.o
setPinsel                                         ./src/DR/DR_Pinsel.o
                                                  ./src/TPI_V0.o
                                                  ./src/PR/PR_Serial.o
                                                  ./src/PR/PR_Motores.o
setRelay                                          ./src/PR/PR_Relays.o
                                                  ./src/TPI_V0.o
