Archive member included to satisfy reference by file (symbol)

/usr/local/mcuxpressoide-11.2.0_4120/ide/plugins/com.nxp.mcuxpresso.tools.linux_11.2.0.202001021529/tools/bin/../lib/gcc/arm-none-eabi/9.2.1/../../../../arm-none-eabi/lib/thumb/v7-m/nofp/libcr_c.a(__weak__main.o)
                              ./src/cr_startup_lpc175x_6x.o (__main)

Discarded input sections

 .group         0x0000000000000000        0xc ./src/PR/PR_Botones.o
 .group         0x0000000000000000        0xc ./src/PR/PR_Botones.o
 .group         0x0000000000000000        0xc ./src/PR/PR_Botones.o
 .group         0x0000000000000000        0xc ./src/PR/PR_Botones.o
 .text          0x0000000000000000        0x0 ./src/PR/PR_Botones.o
 .data          0x0000000000000000        0x0 ./src/PR/PR_Botones.o
 .bss           0x0000000000000000        0x0 ./src/PR/PR_Botones.o
 .group         0x0000000000000000        0xc ./src/PR/PR_Motores.o
 .group         0x0000000000000000        0xc ./src/PR/PR_Motores.o
 .group         0x0000000000000000        0xc ./src/PR/PR_Motores.o
 .group         0x0000000000000000        0xc ./src/PR/PR_Motores.o
 .group         0x0000000000000000        0xc ./src/PR/PR_Motores.o
 .group         0x0000000000000000        0xc ./src/PR/PR_Motores.o
 .text          0x0000000000000000        0x0 ./src/PR/PR_Motores.o
 .data          0x0000000000000000        0x0 ./src/PR/PR_Motores.o
 .bss           0x0000000000000000        0x0 ./src/PR/PR_Motores.o
 .text.setMotoresDir
                0x0000000000000000      0x108 ./src/PR/PR_Motores.o
 .text.setMotoresVel
                0x0000000000000000       0x26 ./src/PR/PR_Motores.o
 .debug_macro   0x0000000000000000      0xaa8 ./src/PR/PR_Motores.o
 .debug_macro   0x0000000000000000      0x1be ./src/PR/PR_Motores.o
 .debug_macro   0x0000000000000000       0x34 ./src/PR/PR_Motores.o
 .group         0x0000000000000000        0xc ./src/PR/PR_Relays.o
 .group         0x0000000000000000        0xc ./src/PR/PR_Relays.o
 .group         0x0000000000000000        0xc ./src/PR/PR_Relays.o
 .group         0x0000000000000000        0xc ./src/PR/PR_Relays.o
 .group         0x0000000000000000        0xc ./src/PR/PR_Relays.o
 .text          0x0000000000000000        0x0 ./src/PR/PR_Relays.o
 .data          0x0000000000000000        0x0 ./src/PR/PR_Relays.o
 .bss           0x0000000000000000        0x0 ./src/PR/PR_Relays.o
 .debug_macro   0x0000000000000000      0xaa8 ./src/PR/PR_Relays.o
 .debug_macro   0x0000000000000000      0x1be ./src/PR/PR_Relays.o
 .debug_macro   0x0000000000000000       0x34 ./src/PR/PR_Relays.o
 .debug_macro   0x0000000000000000       0x22 ./src/PR/PR_Relays.o
 .debug_macro   0x0000000000000000       0x5e ./src/PR/PR_Relays.o
 .group         0x0000000000000000        0xc ./src/PR/PR_Serial.o
 .group         0x0000000000000000        0xc ./src/PR/PR_Serial.o
 .group         0x0000000000000000        0xc ./src/PR/PR_Serial.o
 .group         0x0000000000000000        0xc ./src/PR/PR_Serial.o
 .group         0x0000000000000000        0xc ./src/PR/PR_Serial.o
 .text          0x0000000000000000        0x0 ./src/PR/PR_Serial.o
 .data          0x0000000000000000        0x0 ./src/PR/PR_Serial.o
 .bss           0x0000000000000000        0x0 ./src/PR/PR_Serial.o
 .text.UART3_popRX
                0x0000000000000000       0x54 ./src/PR/PR_Serial.o
 .text.UART3_pushTX
                0x0000000000000000       0x58 ./src/PR/PR_Serial.o
 .debug_macro   0x0000000000000000      0xaa8 ./src/PR/PR_Serial.o
 .debug_macro   0x0000000000000000      0x1be ./src/PR/PR_Serial.o
 .debug_macro   0x0000000000000000       0x34 ./src/PR/PR_Serial.o
 .group         0x0000000000000000        0xc ./src/PR/PR_Timers.o
 .group         0x0000000000000000        0xc ./src/PR/PR_Timers.o
 .group         0x0000000000000000        0xc ./src/PR/PR_Timers.o
 .group         0x0000000000000000        0xc ./src/PR/PR_Timers.o
 .text          0x0000000000000000        0x0 ./src/PR/PR_Timers.o
 .data          0x0000000000000000        0x0 ./src/PR/PR_Timers.o
 .bss           0x0000000000000000        0x0 ./src/PR/PR_Timers.o
 .text.TimerPause
                0x0000000000000000       0x38 ./src/PR/PR_Timers.o
 .text.TimerStop
                0x0000000000000000       0x64 ./src/PR/PR_Timers.o
 .text.TimerSet
                0x0000000000000000       0x9c ./src/PR/PR_Timers.o
 .text.TimerGet
                0x0000000000000000       0xa0 ./src/PR/PR_Timers.o
 .text.TimerClose
                0x0000000000000000       0x28 ./src/PR/PR_Timers.o
 .debug_macro   0x0000000000000000      0xaa8 ./src/PR/PR_Timers.o
 .debug_macro   0x0000000000000000      0x1be ./src/PR/PR_Timers.o
 .debug_macro   0x0000000000000000       0x34 ./src/PR/PR_Timers.o
 .group         0x0000000000000000        0xc ./src/DR/DR_ADC.o
 .group         0x0000000000000000        0xc ./src/DR/DR_ADC.o
 .group         0x0000000000000000        0xc ./src/DR/DR_ADC.o
 .group         0x0000000000000000        0xc ./src/DR/DR_ADC.o
 .group         0x0000000000000000        0xc ./src/DR/DR_ADC.o
 .text          0x0000000000000000        0x0 ./src/DR/DR_ADC.o
 .data          0x0000000000000000        0x0 ./src/DR/DR_ADC.o
 .bss           0x0000000000000000        0x0 ./src/DR/DR_ADC.o
 .text.ADC_changeChannel
                0x0000000000000000       0x40 ./src/DR/DR_ADC.o
 .bss.readNum.3734
                0x0000000000000000        0x1 ./src/DR/DR_ADC.o
 .debug_macro   0x0000000000000000      0xaa8 ./src/DR/DR_ADC.o
 .debug_macro   0x0000000000000000      0x1be ./src/DR/DR_ADC.o
 .debug_macro   0x0000000000000000       0x34 ./src/DR/DR_ADC.o
 .debug_macro   0x0000000000000000      0x166 ./src/DR/DR_ADC.o
 .debug_macro   0x0000000000000000       0x22 ./src/DR/DR_ADC.o
 .group         0x0000000000000000        0xc ./src/DR/DR_GPIO.o
 .group         0x0000000000000000        0xc ./src/DR/DR_GPIO.o
 .group         0x0000000000000000        0xc ./src/DR/DR_GPIO.o
 .group         0x0000000000000000        0xc ./src/DR/DR_GPIO.o
 .text          0x0000000000000000        0x0 ./src/DR/DR_GPIO.o
 .data          0x0000000000000000        0x0 ./src/DR/DR_GPIO.o
 .bss           0x0000000000000000        0x0 ./src/DR/DR_GPIO.o
 .text.getPin_raw
                0x0000000000000000       0x36 ./src/DR/DR_GPIO.o
 .debug_macro   0x0000000000000000      0xaa8 ./src/DR/DR_GPIO.o
 .debug_macro   0x0000000000000000      0x1be ./src/DR/DR_GPIO.o
 .debug_macro   0x0000000000000000       0x34 ./src/DR/DR_GPIO.o
 .debug_macro   0x0000000000000000       0x58 ./src/DR/DR_GPIO.o
 .group         0x0000000000000000        0xc ./src/DR/DR_PLL.o
 .group         0x0000000000000000        0xc ./src/DR/DR_PLL.o
 .group         0x0000000000000000        0xc ./src/DR/DR_PLL.o
 .group         0x0000000000000000        0xc ./src/DR/DR_PLL.o
 .text          0x0000000000000000        0x0 ./src/DR/DR_PLL.o
 .data          0x0000000000000000        0x0 ./src/DR/DR_PLL.o
 .bss           0x0000000000000000        0x0 ./src/DR/DR_PLL.o
 .debug_macro   0x0000000000000000      0xaa8 ./src/DR/DR_PLL.o
 .debug_macro   0x0000000000000000      0x1be ./src/DR/DR_PLL.o
 .debug_macro   0x0000000000000000       0x34 ./src/DR/DR_PLL.o
 .group         0x0000000000000000        0xc ./src/DR/DR_PWM.o
 .group         0x0000000000000000        0xc ./src/DR/DR_PWM.o
 .group         0x0000000000000000        0xc ./src/DR/DR_PWM.o
 .group         0x0000000000000000        0xc ./src/DR/DR_PWM.o
 .group         0x0000000000000000        0xc ./src/DR/DR_PWM.o
 .text          0x0000000000000000        0x0 ./src/DR/DR_PWM.o
 .data          0x0000000000000000        0x0 ./src/DR/DR_PWM.o
 .bss           0x0000000000000000        0x0 ./src/DR/DR_PWM.o
 .debug_macro   0x0000000000000000      0xaa8 ./src/DR/DR_PWM.o
 .debug_macro   0x0000000000000000      0x1be ./src/DR/DR_PWM.o
 .debug_macro   0x0000000000000000       0x34 ./src/DR/DR_PWM.o
 .debug_macro   0x0000000000000000      0x166 ./src/DR/DR_PWM.o
 .debug_macro   0x0000000000000000       0x22 ./src/DR/DR_PWM.o
 .group         0x0000000000000000        0xc ./src/DR/DR_Pinsel.o
 .group         0x0000000000000000        0xc ./src/DR/DR_Pinsel.o
 .group         0x0000000000000000        0xc ./src/DR/DR_Pinsel.o
 .group         0x0000000000000000        0xc ./src/DR/DR_Pinsel.o
 .text          0x0000000000000000        0x0 ./src/DR/DR_Pinsel.o
 .data          0x0000000000000000        0x0 ./src/DR/DR_Pinsel.o
 .bss           0x0000000000000000        0x0 ./src/DR/DR_Pinsel.o
 .debug_macro   0x0000000000000000      0xaa8 ./src/DR/DR_Pinsel.o
 .debug_macro   0x0000000000000000      0x1be ./src/DR/DR_Pinsel.o
 .debug_macro   0x0000000000000000       0x34 ./src/DR/DR_Pinsel.o
 .debug_macro   0x0000000000000000       0x1c ./src/DR/DR_Pinsel.o
 .group         0x0000000000000000        0xc ./src/DR/DR_Serial.o
 .group         0x0000000000000000        0xc ./src/DR/DR_Serial.o
 .group         0x0000000000000000        0xc ./src/DR/DR_Serial.o
 .group         0x0000000000000000        0xc ./src/DR/DR_Serial.o
 .group         0x0000000000000000        0xc ./src/DR/DR_Serial.o
 .group         0x0000000000000000        0xc ./src/DR/DR_Serial.o
 .text          0x0000000000000000        0x0 ./src/DR/DR_Serial.o
 .data          0x0000000000000000        0x0 ./src/DR/DR_Serial.o
 .bss           0x0000000000000000        0x0 ./src/DR/DR_Serial.o
 .bss.UART3_rx_buff
                0x0000000000000000       0x40 ./src/DR/DR_Serial.o
 .bss.UART3_rx_in
                0x0000000000000000        0x4 ./src/DR/DR_Serial.o
 .bss.UART3_rx_out
                0x0000000000000000        0x4 ./src/DR/DR_Serial.o
 .text.UART3_pushRX
                0x0000000000000000       0x3c ./src/DR/DR_Serial.o
 .debug_macro   0x0000000000000000      0xaa8 ./src/DR/DR_Serial.o
 .debug_macro   0x0000000000000000      0x1be ./src/DR/DR_Serial.o
 .debug_macro   0x0000000000000000       0x34 ./src/DR/DR_Serial.o
 .debug_macro   0x0000000000000000      0x166 ./src/DR/DR_Serial.o
 .debug_macro   0x0000000000000000       0x22 ./src/DR/DR_Serial.o
 .group         0x0000000000000000        0xc ./src/DR/DR_Systick.o
 .group         0x0000000000000000        0xc ./src/DR/DR_Systick.o
 .group         0x0000000000000000        0xc ./src/DR/DR_Systick.o
 .group         0x0000000000000000        0xc ./src/DR/DR_Systick.o
 .group         0x0000000000000000        0xc ./src/DR/DR_Systick.o
 .group         0x0000000000000000        0xc ./src/DR/DR_Systick.o
 .text          0x0000000000000000        0x0 ./src/DR/DR_Systick.o
 .data          0x0000000000000000        0x0 ./src/DR/DR_Systick.o
 .bss           0x0000000000000000        0x0 ./src/DR/DR_Systick.o
 .bss.ADC_inUse
                0x0000000000000000        0x1 ./src/DR/DR_Systick.o
 .text.get_ticks
                0x0000000000000000       0x14 ./src/DR/DR_Systick.o
 .text.reset_ticks
                0x0000000000000000       0x18 ./src/DR/DR_Systick.o
 .debug_macro   0x0000000000000000      0xaa8 ./src/DR/DR_Systick.o
 .debug_macro   0x0000000000000000      0x1be ./src/DR/DR_Systick.o
 .debug_macro   0x0000000000000000       0x34 ./src/DR/DR_Systick.o
 .debug_macro   0x0000000000000000      0x166 ./src/DR/DR_Systick.o
 .debug_macro   0x0000000000000000       0x22 ./src/DR/DR_Systick.o
 .group         0x0000000000000000        0xc ./src/TPI_V0.o
 .group         0x0000000000000000        0xc ./src/TPI_V0.o
 .group         0x0000000000000000        0xc ./src/TPI_V0.o
 .group         0x0000000000000000        0xc ./src/TPI_V0.o
 .group         0x0000000000000000        0xc ./src/TPI_V0.o
 .group         0x0000000000000000        0xc ./src/TPI_V0.o
 .group         0x0000000000000000        0xc ./src/TPI_V0.o
 .group         0x0000000000000000        0xc ./src/TPI_V0.o
 .text          0x0000000000000000        0x0 ./src/TPI_V0.o
 .data          0x0000000000000000        0x0 ./src/TPI_V0.o
 .bss           0x0000000000000000        0x0 ./src/TPI_V0.o
 .debug_macro   0x0000000000000000      0xaa8 ./src/TPI_V0.o
 .debug_macro   0x0000000000000000      0x1be ./src/TPI_V0.o
 .debug_macro   0x0000000000000000       0x34 ./src/TPI_V0.o
 .debug_macro   0x0000000000000000      0x166 ./src/TPI_V0.o
 .debug_macro   0x0000000000000000       0x2e ./src/TPI_V0.o
 .debug_macro   0x0000000000000000       0x22 ./src/TPI_V0.o
 .debug_macro   0x0000000000000000       0x5e ./src/TPI_V0.o
 .group         0x0000000000000000        0xc ./src/cr_startup_lpc175x_6x.o
 .text          0x0000000000000000        0x0 ./src/cr_startup_lpc175x_6x.o
 .data          0x0000000000000000        0x0 ./src/cr_startup_lpc175x_6x.o
 .bss           0x0000000000000000        0x0 ./src/cr_startup_lpc175x_6x.o
 .debug_macro   0x0000000000000000      0xaa8 ./src/cr_startup_lpc175x_6x.o
 .text          0x0000000000000000        0x0 /usr/local/mcuxpressoide-11.2.0_4120/ide/plugins/com.nxp.mcuxpresso.tools.linux_11.2.0.202001021529/tools/bin/../lib/gcc/arm-none-eabi/9.2.1/../../../../arm-none-eabi/lib/thumb/v7-m/nofp/libcr_c.a(__weak__main.o)
 .data          0x0000000000000000        0x0 /usr/local/mcuxpressoide-11.2.0_4120/ide/plugins/com.nxp.mcuxpresso.tools.linux_11.2.0.202001021529/tools/bin/../lib/gcc/arm-none-eabi/9.2.1/../../../../arm-none-eabi/lib/thumb/v7-m/nofp/libcr_c.a(__weak__main.o)
 .bss           0x0000000000000000        0x0 /usr/local/mcuxpressoide-11.2.0_4120/ide/plugins/com.nxp.mcuxpresso.tools.linux_11.2.0.202001021529/tools/bin/../lib/gcc/arm-none-eabi/9.2.1/../../../../arm-none-eabi/lib/thumb/v7-m/nofp/libcr_c.a(__weak__main.o)

Memory Configuration

Name             Origin             Length             Attributes
MFlash512        0x0000000000000000 0x0000000000080000 xr
RamLoc32         0x0000000010000000 0x0000000000008000 xrw
RamAHB32         0x000000002007c000 0x0000000000008000 xrw
*default*        0x0000000000000000 0xffffffffffffffff

Linker script and memory map

LOAD ./src/PR/PR_Botones.o
LOAD ./src/PR/PR_Motores.o
LOAD ./src/PR/PR_Relays.o
LOAD ./src/PR/PR_Serial.o
LOAD ./src/PR/PR_Timers.o
LOAD ./src/DR/DR_ADC.o
LOAD ./src/DR/DR_GPIO.o
LOAD ./src/DR/DR_PLL.o
LOAD ./src/DR/DR_PWM.o
LOAD ./src/DR/DR_Pinsel.o
LOAD ./src/DR/DR_Serial.o
LOAD ./src/DR/DR_Systick.o
LOAD ./src/TPI_V0.o
LOAD ./src/cr_startup_lpc175x_6x.o
START GROUP
LOAD /usr/local/mcuxpressoide-11.2.0_4120/ide/plugins/com.nxp.mcuxpresso.tools.linux_11.2.0.202001021529/tools/bin/../lib/gcc/arm-none-eabi/9.2.1/../../../../arm-none-eabi/lib/thumb/v7-m/nofp/libcr_c.a
LOAD /usr/local/mcuxpressoide-11.2.0_4120/ide/plugins/com.nxp.mcuxpresso.tools.linux_11.2.0.202001021529/tools/bin/../lib/gcc/arm-none-eabi/9.2.1/thumb/v7-m/nofp/libcr_eabihelpers.a
LOAD /usr/local/mcuxpressoide-11.2.0_4120/ide/plugins/com.nxp.mcuxpresso.tools.linux_11.2.0.202001021529/tools/bin/../lib/gcc/arm-none-eabi/9.2.1/thumb/v7-m/nofp/libgcc.a
END GROUP
                0x0000000000000000                __base_MFlash512 = 0x0
                0x0000000000000000                __base_Flash = 0x0
                0x0000000000080000                __top_MFlash512 = 0x80000
                0x0000000000080000                __top_Flash = 0x80000
                0x0000000010000000                __base_RamLoc32 = 0x10000000
                0x0000000010000000                __base_RAM = 0x10000000
                0x0000000010008000                __top_RamLoc32 = 0x10008000
                0x0000000010008000                __top_RAM = 0x10008000
                0x000000002007c000                __base_RamAHB32 = 0x2007c000
                0x000000002007c000                __base_RAM2 = 0x2007c000
                0x0000000020084000                __top_RamAHB32 = 0x20084000
                0x0000000020084000                __top_RAM2 = 0x20084000

.text           0x0000000000000000     0x13e0
 FILL mask 0xff
                0x0000000000000000                __vectors_start__ = ABSOLUTE (.)
 *(.isr_vector)
 .isr_vector    0x0000000000000000       0xcc ./src/cr_startup_lpc175x_6x.o
                0x0000000000000000                g_pfnVectors
                0x00000000000000cc                . = ALIGN (0x4)
                0x00000000000000cc                __section_table_start = .
                0x00000000000000cc                __data_section_table = .
                0x00000000000000cc        0x4 LONG 0x13e0 LOADADDR (.data)
                0x00000000000000d0        0x4 LONG 0x10000000 ADDR (.data)
                0x00000000000000d4        0x4 LONG 0x4 SIZEOF (.data)
                0x00000000000000d8        0x4 LONG 0x13e0 LOADADDR (.data_RAM2)
                0x00000000000000dc        0x4 LONG 0x2007c000 ADDR (.data_RAM2)
                0x00000000000000e0        0x4 LONG 0x0 SIZEOF (.data_RAM2)
                0x00000000000000e4                __data_section_table_end = .
                0x00000000000000e4                __bss_section_table = .
                0x00000000000000e4        0x4 LONG 0x10000004 ADDR (.bss)
                0x00000000000000e8        0x4 LONG 0x294 SIZEOF (.bss)
                0x00000000000000ec        0x4 LONG 0x2007c000 ADDR (.bss_RAM2)
                0x00000000000000f0        0x4 LONG 0x0 SIZEOF (.bss_RAM2)
                0x00000000000000f4                __bss_section_table_end = .
                0x00000000000000f4                __section_table_end = .
 *(.after_vectors*)
 .after_vectors
                0x00000000000000f4      0x12c ./src/cr_startup_lpc175x_6x.o
                0x00000000000000f4                data_init
                0x0000000000000138                bss_init
                0x0000000000000170                ResetISR
                0x00000000000001e4                NMI_Handler
                0x00000000000001ea                HardFault_Handler
                0x00000000000001f0                MemManage_Handler
                0x00000000000001f6                BusFault_Handler
                0x00000000000001fc                UsageFault_Handler
                0x0000000000000202                SVC_Handler
                0x0000000000000208                DebugMon_Handler
                0x000000000000020e                PendSV_Handler
                0x000000000000021a                TIMER2_IRQHandler
                0x000000000000021a                RIT_IRQHandler
                0x000000000000021a                I2C0_IRQHandler
                0x000000000000021a                USBActivity_IRQHandler
                0x000000000000021a                PWM1_IRQHandler
                0x000000000000021a                I2C1_IRQHandler
                0x000000000000021a                EINT2_IRQHandler
                0x000000000000021a                UART1_IRQHandler
                0x000000000000021a                EINT3_IRQHandler
                0x000000000000021a                CANActivity_IRQHandler
                0x000000000000021a                TIMER3_IRQHandler
                0x000000000000021a                IntDefaultHandler
                0x000000000000021a                PLL0_IRQHandler
                0x000000000000021a                CAN_IRQHandler
                0x000000000000021a                PLL1_IRQHandler
                0x000000000000021a                SSP0_IRQHandler
                0x000000000000021a                I2S_IRQHandler
                0x000000000000021a                I2C2_IRQHandler
                0x000000000000021a                RTC_IRQHandler
                0x000000000000021a                TIMER0_IRQHandler
                0x000000000000021a                SPI_IRQHandler
                0x000000000000021a                EINT1_IRQHandler
                0x000000000000021a                TIMER1_IRQHandler
                0x000000000000021a                UART2_IRQHandler
                0x000000000000021a                SSP1_IRQHandler
                0x000000000000021a                USB_IRQHandler
                0x000000000000021a                BOD_IRQHandler
                0x000000000000021a                WDT_IRQHandler
                0x000000000000021a                QEI_IRQHandler
                0x000000000000021a                EINT0_IRQHandler
                0x000000000000021a                DMA_IRQHandler
                0x000000000000021a                MCPWM_IRQHandler
                0x000000000000021a                ENET_IRQHandler
 *(.text*)
 .text.InicializarBotones
                0x0000000000000220       0x6c ./src/PR/PR_Botones.o
                0x0000000000000220                InicializarBotones
 .text.ReadInputs
                0x000000000000028c      0x13c ./src/PR/PR_Botones.o
                0x000000000000028c                ReadInputs
 .text.getBtn   0x00000000000003c8       0x30 ./src/PR/PR_Botones.o
                0x00000000000003c8                getBtn
 .text.InicializarMotores
                0x00000000000003f8       0x58 ./src/PR/PR_Motores.o
                0x00000000000003f8                InicializarMotores
 .text.InicializarRelays
                0x0000000000000450       0x80 ./src/PR/PR_Relays.o
                0x0000000000000450                InicializarRelays
 .text.setRelay
                0x00000000000004d0       0x8e ./src/PR/PR_Relays.o
                0x00000000000004d0                setRelay
 .text.InicializarSerial
                0x000000000000055e       0x50 ./src/PR/PR_Serial.o
                0x000000000000055e                InicializarSerial
 *fill*         0x00000000000005ae        0x2 ff
 .text.UART0_popRX
                0x00000000000005b0       0x54 ./src/PR/PR_Serial.o
                0x00000000000005b0                UART0_popRX
 .text.UART0_pushTX
                0x0000000000000604       0x58 ./src/PR/PR_Serial.o
                0x0000000000000604                UART0_pushTX
 .text.TimerStart
                0x000000000000065c       0x9c ./src/PR/PR_Timers.o
                0x000000000000065c                TimerStart
 .text.TimerDiscount
                0x00000000000006f8       0x6c ./src/PR/PR_Timers.o
                0x00000000000006f8                TimerDiscount
 .text.TimerLunchEvent
                0x0000000000000764       0x48 ./src/PR/PR_Timers.o
                0x0000000000000764                TimerLunchEvent
 .text.InicializarADC_DR
                0x00000000000007ac       0x78 ./src/DR/DR_ADC.o
                0x00000000000007ac                InicializarADC_DR
 .text.ADC_IRQHandler
                0x0000000000000824       0x80 ./src/DR/DR_ADC.o
                0x0000000000000824                ADC_IRQHandler
 .text.ADC_getVal
                0x00000000000008a4       0x14 ./src/DR/DR_ADC.o
                0x00000000000008a4                ADC_getVal
 .text.ADC_startConvertion
                0x00000000000008b8       0x1c ./src/DR/DR_ADC.o
                0x00000000000008b8                ADC_startConvertion
 .text.setPinmode
                0x00000000000008d4       0x94 ./src/DR/DR_GPIO.o
                0x00000000000008d4                setPinmode
 .text.setPinmode_OP
                0x0000000000000968       0x64 ./src/DR/DR_GPIO.o
                0x0000000000000968                setPinmode_OP
 .text.setDir   0x00000000000009cc       0x76 ./src/DR/DR_GPIO.o
                0x00000000000009cc                setDir
 *fill*         0x0000000000000a42        0x2 ff
 .text.setPin   0x0000000000000a44       0xe8 ./src/DR/DR_GPIO.o
                0x0000000000000a44                setPin
 .text.getPin   0x0000000000000b2c       0x4e ./src/DR/DR_GPIO.o
                0x0000000000000b2c                getPin
 *fill*         0x0000000000000b7a        0x2 ff
 .text.InicializarPLL
                0x0000000000000b7c      0x140 ./src/DR/DR_PLL.o
                0x0000000000000b7c                InicializarPLL
 .text.InicializarPWM_DR
                0x0000000000000cbc       0xe4 ./src/DR/DR_PWM.o
                0x0000000000000cbc                InicializarPWM_DR
 .text.PWM_setDutyCicle
                0x0000000000000da0       0x7c ./src/DR/DR_PWM.o
                0x0000000000000da0                PWM_setDutyCicle
 .text.setPinsel
                0x0000000000000e1c       0xa4 ./src/DR/DR_Pinsel.o
                0x0000000000000e1c                setPinsel
 .text.InicializarUART0_DR
                0x0000000000000ec0       0x90 ./src/DR/DR_Serial.o
                0x0000000000000ec0                InicializarUART0_DR
 .text.UART0_pushRX
                0x0000000000000f50       0x3c ./src/DR/DR_Serial.o
                0x0000000000000f50                UART0_pushRX
 .text.UART0_popTX
                0x0000000000000f8c       0x54 ./src/DR/DR_Serial.o
                0x0000000000000f8c                UART0_popTX
 .text.UART0_forceTX
                0x0000000000000fe0       0x28 ./src/DR/DR_Serial.o
                0x0000000000000fe0                UART0_forceTX
 .text.UART0_IRQHandler
                0x0000000000001008       0xa0 ./src/DR/DR_Serial.o
                0x0000000000001008                UART0_IRQHandler
 .text.InicializarUART3_DR
                0x00000000000010a8       0x90 ./src/DR/DR_Serial.o
                0x00000000000010a8                InicializarUART3_DR
 .text.UART3_popTX
                0x0000000000001138       0x54 ./src/DR/DR_Serial.o
                0x0000000000001138                UART3_popTX
 .text.UART3_forceTX
                0x000000000000118c       0x28 ./src/DR/DR_Serial.o
                0x000000000000118c                UART3_forceTX
 .text.UART3_IRQHandler
                0x00000000000011b4       0xa0 ./src/DR/DR_Serial.o
                0x00000000000011b4                UART3_IRQHandler
 .text.InicializarSystick
                0x0000000000001254       0x40 ./src/DR/DR_Systick.o
                0x0000000000001254                InicializarSystick
 .text.SysTick_Handler
                0x0000000000001294       0x1c ./src/DR/DR_Systick.o
                0x0000000000001294                SysTick_Handler
 .text.scheduler_run
                0x00000000000012b0       0x44 ./src/DR/DR_Systick.o
                0x00000000000012b0                scheduler_run
 .text.func     0x00000000000012f4       0x40 ./src/TPI_V0.o
                0x00000000000012f4                func
 .text.main     0x0000000000001334       0xa8 ./src/TPI_V0.o
                0x0000000000001334                main
 .text.__weak_main
                0x00000000000013dc        0x4 /usr/local/mcuxpressoide-11.2.0_4120/ide/plugins/com.nxp.mcuxpresso.tools.linux_11.2.0.202001021529/tools/bin/../lib/gcc/arm-none-eabi/9.2.1/../../../../arm-none-eabi/lib/thumb/v7-m/nofp/libcr_c.a(__weak__main.o)
                0x00000000000013dc                __main
                0x00000000000013dc                __weak_main
 *(.rodata .rodata.* .constdata .constdata.*)
                0x00000000000013e0                . = ALIGN (0x4)

.glue_7         0x00000000000013e0        0x0
 .glue_7        0x00000000000013e0        0x0 linker stubs

.glue_7t        0x00000000000013e0        0x0
 .glue_7t       0x00000000000013e0        0x0 linker stubs

.vfp11_veneer   0x00000000000013e0        0x0
 .vfp11_veneer  0x00000000000013e0        0x0 linker stubs

.v4_bx          0x00000000000013e0        0x0
 .v4_bx         0x00000000000013e0        0x0 linker stubs

.iplt           0x00000000000013e0        0x0
 .iplt          0x00000000000013e0        0x0 ./src/PR/PR_Botones.o

.rel.dyn        0x00000000000013e0        0x0
 .rel.iplt      0x00000000000013e0        0x0 ./src/PR/PR_Botones.o

.ARM.extab
 *(.ARM.extab* .gnu.linkonce.armextab.*)

.ARM.exidx      0x00000000000013e0        0x0
                0x00000000000013e0                __exidx_start = .
 *(.ARM.exidx* .gnu.linkonce.armexidx.*)
                0x00000000000013e0                __exidx_end = .
                0x00000000000013e0                _etext = .

.data_RAM2      0x000000002007c000        0x0 load address 0x00000000000013e0
 FILL mask 0xff
                [!provide]                        PROVIDE (__start_data_RAM2 = .)
                [!provide]                        PROVIDE (__start_data_RamAHB32 = .)
 *(.ramfunc.$RAM2)
 *(.ramfunc.$RamAHB32)
 *(.data.$RAM2)
 *(.data.$RamAHB32)
 *(.data.$RAM2.*)
 *(.data.$RamAHB32.*)
                0x000000002007c000                . = ALIGN (0x4)
                [!provide]                        PROVIDE (__end_data_RAM2 = .)
                [!provide]                        PROVIDE (__end_data_RamAHB32 = .)

.uninit_RESERVED
                0x0000000010000000        0x0
                0x0000000010000000                _start_uninit_RESERVED = .
 *(.bss.$RESERVED*)
                0x0000000010000000                . = ALIGN (0x4)
                0x0000000010000000                _end_uninit_RESERVED = .

.data           0x0000000010000000        0x4 load address 0x00000000000013e0
 FILL mask 0xff
                0x0000000010000000                _data = .
                [!provide]                        PROVIDE (__start_data_RAM = .)
                [!provide]                        PROVIDE (__start_data_RamLoc32 = .)
 *(vtable)
 *(.ramfunc*)
 *(CodeQuickAccess)
 *(DataQuickAccess)
 *(RamFunction)
 *(.data*)
 .data.state    0x0000000010000000        0x4 ./src/TPI_V0.o
                0x0000000010000000                state
                0x0000000010000004                . = ALIGN (0x4)
                0x0000000010000004                _edata = .
                [!provide]                        PROVIDE (__end_data_RAM = .)
                [!provide]                        PROVIDE (__end_data_RamLoc32 = .)

.igot.plt       0x0000000010000004        0x0 load address 0x00000000000013e4
 .igot.plt      0x0000000010000004        0x0 ./src/PR/PR_Botones.o

.bss_RAM2       0x000000002007c000        0x0
                [!provide]                        PROVIDE (__start_bss_RAM2 = .)
                [!provide]                        PROVIDE (__start_bss_RamAHB32 = .)
 *(.bss.$RAM2)
 *(.bss.$RamAHB32)
 *(.bss.$RAM2.*)
 *(.bss.$RamAHB32.*)
                0x000000002007c000                . = ALIGN ((. != 0x0)?0x4:0x1)
                [!provide]                        PROVIDE (__end_bss_RAM2 = .)
                [!provide]                        PROVIDE (__end_bss_RamAHB32 = .)

.bss            0x0000000010000004      0x294
                0x0000000010000004                _bss = .
                [!provide]                        PROVIDE (__start_bss_RAM = .)
                [!provide]                        PROVIDE (__start_bss_RamLoc32 = .)
 *(.bss*)
 .bss.cycleCounter
                0x0000000010000004        0x5 ./src/PR/PR_Botones.o
 .bss.InputBuff
                0x0000000010000009        0x1 ./src/PR/PR_Botones.o
 *fill*         0x000000001000000a        0x2 
 .bss.TmrRun    0x000000001000000c       0x78 ./src/PR/PR_Timers.o
                0x000000001000000c                TmrRun
 .bss.TmrFunciones
                0x0000000010000084       0x78 ./src/PR/PR_Timers.o
                0x0000000010000084                TmrFunciones
 .bss.TmrFlags  0x00000000100000fc       0x1f ./src/PR/PR_Timers.o
                0x00000000100000fc                TmrFlags
 *fill*         0x000000001000011b        0x1 
 .bss.TmrPause  0x000000001000011c       0x1e ./src/PR/PR_Timers.o
                0x000000001000011c                TmrPause
 *fill*         0x000000001000013a        0x2 
 .bss.TmrBase   0x000000001000013c       0x1e ./src/PR/PR_Timers.o
                0x000000001000013c                TmrBase
 *fill*         0x000000001000015a        0x2 
 .bss.ADC_buffer
                0x000000001000015c       0x40 ./src/DR/DR_ADC.o
 .bss.ADC_buffer_cycle
                0x000000001000019c        0x4 ./src/DR/DR_ADC.o
 .bss.ADC_promedio
                0x00000000100001a0        0x4 ./src/DR/DR_ADC.o
 .bss.acummulator.3733
                0x00000000100001a4        0x4 ./src/DR/DR_ADC.o
 .bss.match_counter
                0x00000000100001a8        0x4 ./src/DR/DR_PWM.o
 .bss.UART0_rx_buff
                0x00000000100001ac       0x40 ./src/DR/DR_Serial.o
                0x00000000100001ac                UART0_rx_buff
 .bss.UART0_rx_in
                0x00000000100001ec        0x4 ./src/DR/DR_Serial.o
                0x00000000100001ec                UART0_rx_in
 .bss.UART0_rx_out
                0x00000000100001f0        0x4 ./src/DR/DR_Serial.o
                0x00000000100001f0                UART0_rx_out
 .bss.UART0_tx_buff
                0x00000000100001f4       0x40 ./src/DR/DR_Serial.o
                0x00000000100001f4                UART0_tx_buff
 .bss.UART0_tx_in
                0x0000000010000234        0x4 ./src/DR/DR_Serial.o
                0x0000000010000234                UART0_tx_in
 .bss.UART0_tx_out
                0x0000000010000238        0x4 ./src/DR/DR_Serial.o
                0x0000000010000238                UART0_tx_out
 .bss.UART0_tx_flag
                0x000000001000023c        0x1 ./src/DR/DR_Serial.o
                0x000000001000023c                UART0_tx_flag
 *fill*         0x000000001000023d        0x3 
 .bss.UART3_tx_buff
                0x0000000010000240       0x40 ./src/DR/DR_Serial.o
                0x0000000010000240                UART3_tx_buff
 .bss.UART3_tx_in
                0x0000000010000280        0x4 ./src/DR/DR_Serial.o
                0x0000000010000280                UART3_tx_in
 .bss.UART3_tx_out
                0x0000000010000284        0x4 ./src/DR/DR_Serial.o
                0x0000000010000284                UART3_tx_out
 .bss.UART3_tx_flag
                0x0000000010000288        0x1 ./src/DR/DR_Serial.o
                0x0000000010000288                UART3_tx_flag
 *fill*         0x0000000010000289        0x3 
 .bss.systickCounter
                0x000000001000028c        0x4 ./src/DR/DR_Systick.o
 .bss.adc_counter.3733
                0x0000000010000290        0x4 ./src/DR/DR_Systick.o
 .bss.prueba.3771
                0x0000000010000294        0x4 ./src/TPI_V0.o
 *(COMMON)
                0x0000000010000298                . = ALIGN (0x4)
                0x0000000010000298                _ebss = .
                [!provide]                        PROVIDE (__end_bss_RAM = .)
                [!provide]                        PROVIDE (__end_bss_RamLoc32 = .)
                [!provide]                        PROVIDE (end = .)

.noinit_RAM2    0x000000002007c000        0x0
                [!provide]                        PROVIDE (__start_noinit_RAM2 = .)
                [!provide]                        PROVIDE (__start_noinit_RamAHB32 = .)
 *(.noinit.$RAM2)
 *(.noinit.$RamAHB32)
 *(.noinit.$RAM2.*)
 *(.noinit.$RamAHB32.*)
                0x000000002007c000                . = ALIGN (0x4)
                [!provide]                        PROVIDE (__end_noinit_RAM2 = .)
                [!provide]                        PROVIDE (__end_noinit_RamAHB32 = .)

.noinit         0x0000000010000298        0x0
                0x0000000010000298                _noinit = .
                [!provide]                        PROVIDE (__start_noinit_RAM = .)
                [!provide]                        PROVIDE (__start_noinit_RamLoc32 = .)
 *(.noinit*)
                0x0000000010000298                . = ALIGN (0x4)
                0x0000000010000298                _end_noinit = .
                [!provide]                        PROVIDE (__end_noinit_RAM = .)
                [!provide]                        PROVIDE (__end_noinit_RamLoc32 = .)
                [!provide]                        PROVIDE (_pvHeapStart = DEFINED (__user_heap_base)?__user_heap_base:.)
                0x0000000010008000                PROVIDE (_vStackTop = DEFINED (__user_stack_top)?__user_stack_top:(__top_RamLoc32 - 0x0))
                0xffffffffefff74da                PROVIDE (__valid_user_code_checksum = (0x0 - ((((((_vStackTop + (ResetISR + 0x1)) + (NMI_Handler + 0x1)) + (HardFault_Handler + 0x1)) + (DEFINED (MemManage_Handler)?MemManage_Handler:0x0 + 0x1)) + (DEFINED (BusFault_Handler)?BusFault_Handler:0x0 + 0x1)) + (DEFINED (UsageFault_Handler)?UsageFault_Handler:0x0 + 0x1))))
                0x0000000000000000                _image_start = LOADADDR (.text)
                0x00000000000013e4                _image_end = (LOADADDR (.data) + SIZEOF (.data))
                0x00000000000013e4                _image_size = (_image_end - _image_start)
OUTPUT(TPI_V0.axf elf32-littlearm)

.debug_info     0x0000000000000000     0x23a5
 .debug_info    0x0000000000000000      0x143 ./src/PR/PR_Botones.o
 .debug_info    0x0000000000000143       0xfb ./src/PR/PR_Motores.o
 .debug_info    0x000000000000023e       0xcc ./src/PR/PR_Relays.o
 .debug_info    0x000000000000030a      0x1fc ./src/PR/PR_Serial.o
 .debug_info    0x0000000000000506      0x355 ./src/PR/PR_Timers.o
 .debug_info    0x000000000000085b      0x526 ./src/DR/DR_ADC.o
 .debug_info    0x0000000000000d81      0x27f ./src/DR/DR_GPIO.o
 .debug_info    0x0000000000001000       0x72 ./src/DR/DR_PLL.o
 .debug_info    0x0000000000001072      0x4e0 ./src/DR/DR_PWM.o
 .debug_info    0x0000000000001552       0xac ./src/DR/DR_Pinsel.o
 .debug_info    0x00000000000015fe      0x700 ./src/DR/DR_Serial.o
 .debug_info    0x0000000000001cfe      0x257 ./src/DR/DR_Systick.o
 .debug_info    0x0000000000001f55      0x1de ./src/TPI_V0.o
 .debug_info    0x0000000000002133      0x272 ./src/cr_startup_lpc175x_6x.o

.debug_abbrev   0x0000000000000000      0xe2a
 .debug_abbrev  0x0000000000000000       0xe2 ./src/PR/PR_Botones.o
 .debug_abbrev  0x00000000000000e2       0xa1 ./src/PR/PR_Motores.o
 .debug_abbrev  0x0000000000000183       0xb0 ./src/PR/PR_Relays.o
 .debug_abbrev  0x0000000000000233       0xda ./src/PR/PR_Serial.o
 .debug_abbrev  0x000000000000030d      0x15b ./src/PR/PR_Timers.o
 .debug_abbrev  0x0000000000000468      0x131 ./src/DR/DR_ADC.o
 .debug_abbrev  0x0000000000000599       0xf7 ./src/DR/DR_GPIO.o
 .debug_abbrev  0x0000000000000690       0x56 ./src/DR/DR_PLL.o
 .debug_abbrev  0x00000000000006e6      0x118 ./src/DR/DR_PWM.o
 .debug_abbrev  0x00000000000007fe       0x78 ./src/DR/DR_Pinsel.o
 .debug_abbrev  0x0000000000000876      0x230 ./src/DR/DR_Serial.o
 .debug_abbrev  0x0000000000000aa6      0x15d ./src/DR/DR_Systick.o
 .debug_abbrev  0x0000000000000c03      0x110 ./src/TPI_V0.o
 .debug_abbrev  0x0000000000000d13      0x117 ./src/cr_startup_lpc175x_6x.o

.debug_aranges  0x0000000000000000      0x360
 .debug_aranges
                0x0000000000000000       0x30 ./src/PR/PR_Botones.o
 .debug_aranges
                0x0000000000000030       0x30 ./src/PR/PR_Motores.o
 .debug_aranges
                0x0000000000000060       0x28 ./src/PR/PR_Relays.o
 .debug_aranges
                0x0000000000000088       0x40 ./src/PR/PR_Serial.o
 .debug_aranges
                0x00000000000000c8       0x58 ./src/PR/PR_Timers.o
 .debug_aranges
                0x0000000000000120       0x40 ./src/DR/DR_ADC.o
 .debug_aranges
                0x0000000000000160       0x48 ./src/DR/DR_GPIO.o
 .debug_aranges
                0x00000000000001a8       0x20 ./src/DR/DR_PLL.o
 .debug_aranges
                0x00000000000001c8       0x28 ./src/DR/DR_PWM.o
 .debug_aranges
                0x00000000000001f0       0x20 ./src/DR/DR_Pinsel.o
 .debug_aranges
                0x0000000000000210       0x68 ./src/DR/DR_Serial.o
 .debug_aranges
                0x0000000000000278       0x40 ./src/DR/DR_Systick.o
 .debug_aranges
                0x00000000000002b8       0x28 ./src/TPI_V0.o
 .debug_aranges
                0x00000000000002e0       0x80 ./src/cr_startup_lpc175x_6x.o

.debug_ranges   0x0000000000000000      0x280
 .debug_ranges  0x0000000000000000       0x20 ./src/PR/PR_Botones.o
 .debug_ranges  0x0000000000000020       0x20 ./src/PR/PR_Motores.o
 .debug_ranges  0x0000000000000040       0x18 ./src/PR/PR_Relays.o
 .debug_ranges  0x0000000000000058       0x30 ./src/PR/PR_Serial.o
 .debug_ranges  0x0000000000000088       0x48 ./src/PR/PR_Timers.o
 .debug_ranges  0x00000000000000d0       0x30 ./src/DR/DR_ADC.o
 .debug_ranges  0x0000000000000100       0x38 ./src/DR/DR_GPIO.o
 .debug_ranges  0x0000000000000138       0x10 ./src/DR/DR_PLL.o
 .debug_ranges  0x0000000000000148       0x18 ./src/DR/DR_PWM.o
 .debug_ranges  0x0000000000000160       0x10 ./src/DR/DR_Pinsel.o
 .debug_ranges  0x0000000000000170       0x58 ./src/DR/DR_Serial.o
 .debug_ranges  0x00000000000001c8       0x30 ./src/DR/DR_Systick.o
 .debug_ranges  0x00000000000001f8       0x18 ./src/TPI_V0.o
 .debug_ranges  0x0000000000000210       0x70 ./src/cr_startup_lpc175x_6x.o

.debug_macro    0x0000000000000000     0x16c3
 .debug_macro   0x0000000000000000       0x58 ./src/PR/PR_Botones.o
 .debug_macro   0x0000000000000058      0xaa8 ./src/PR/PR_Botones.o
 .debug_macro   0x0000000000000b00      0x1be ./src/PR/PR_Botones.o
 .debug_macro   0x0000000000000cbe       0x34 ./src/PR/PR_Botones.o
 .debug_macro   0x0000000000000cf2       0x58 ./src/PR/PR_Botones.o
 .debug_macro   0x0000000000000d4a       0x92 ./src/PR/PR_Motores.o
 .debug_macro   0x0000000000000ddc      0x166 ./src/PR/PR_Motores.o
 .debug_macro   0x0000000000000f42       0x22 ./src/PR/PR_Motores.o
 .debug_macro   0x0000000000000f64       0x5e ./src/PR/PR_Motores.o
 .debug_macro   0x0000000000000fc2       0x4f ./src/PR/PR_Relays.o
 .debug_macro   0x0000000000001011       0x55 ./src/PR/PR_Serial.o
 .debug_macro   0x0000000000001066       0x1c ./src/PR/PR_Serial.o
 .debug_macro   0x0000000000001082       0x16 ./src/PR/PR_Serial.o
 .debug_macro   0x0000000000001098       0x42 ./src/PR/PR_Timers.o
 .debug_macro   0x00000000000010da       0x28 ./src/PR/PR_Timers.o
 .debug_macro   0x0000000000001102       0x67 ./src/DR/DR_ADC.o
 .debug_macro   0x0000000000001169       0x54 ./src/DR/DR_GPIO.o
 .debug_macro   0x00000000000011bd       0x42 ./src/DR/DR_PLL.o
 .debug_macro   0x00000000000011ff      0x160 ./src/DR/DR_PLL.o
 .debug_macro   0x000000000000135f       0xaf ./src/DR/DR_PWM.o
 .debug_macro   0x000000000000140e       0x48 ./src/DR/DR_Pinsel.o
 .debug_macro   0x0000000000001456       0x78 ./src/DR/DR_Serial.o
 .debug_macro   0x00000000000014ce       0x10 ./src/DR/DR_Serial.o
 .debug_macro   0x00000000000014de       0x72 ./src/DR/DR_Systick.o
 .debug_macro   0x0000000000001550       0x2e ./src/DR/DR_Systick.o
 .debug_macro   0x000000000000157e       0xa6 ./src/TPI_V0.o
 .debug_macro   0x0000000000001624       0x82 ./src/TPI_V0.o
 .debug_macro   0x00000000000016a6       0x1d ./src/cr_startup_lpc175x_6x.o

.debug_line     0x0000000000000000     0x1a5e
 .debug_line    0x0000000000000000      0x1ee ./src/PR/PR_Botones.o
 .debug_line    0x00000000000001ee      0x18a ./src/PR/PR_Motores.o
 .debug_line    0x0000000000000378      0x177 ./src/PR/PR_Relays.o
 .debug_line    0x00000000000004ef      0x1e6 ./src/PR/PR_Serial.o
 .debug_line    0x00000000000006d5      0x313 ./src/PR/PR_Timers.o
 .debug_line    0x00000000000009e8      0x1a7 ./src/DR/DR_ADC.o
 .debug_line    0x0000000000000b8f      0x1f6 ./src/DR/DR_GPIO.o
 .debug_line    0x0000000000000d85      0x1e5 ./src/DR/DR_PLL.o
 .debug_line    0x0000000000000f6a      0x170 ./src/DR/DR_PWM.o
 .debug_line    0x00000000000010da       0xfa ./src/DR/DR_Pinsel.o
 .debug_line    0x00000000000011d4      0x2f7 ./src/DR/DR_Serial.o
 .debug_line    0x00000000000014cb      0x1d1 ./src/DR/DR_Systick.o
 .debug_line    0x000000000000169c      0x263 ./src/TPI_V0.o
 .debug_line    0x00000000000018ff      0x15f ./src/cr_startup_lpc175x_6x.o

.debug_str      0x0000000000000000     0x4fdb
 .debug_str     0x0000000000000000     0x3439 ./src/PR/PR_Botones.o
                                       0x3483 (size before relaxing)
 .debug_str     0x0000000000003439      0x76d ./src/PR/PR_Motores.o
                                       0x3b4f (size before relaxing)
 .debug_str     0x0000000000003ba6       0x64 ./src/PR/PR_Relays.o
                                       0x3487 (size before relaxing)
 .debug_str     0x0000000000003c0a      0x16b ./src/PR/PR_Serial.o
                                       0x34f2 (size before relaxing)
 .debug_str     0x0000000000003d75      0x12c ./src/PR/PR_Timers.o
                                       0x347a (size before relaxing)
 .debug_str     0x0000000000003ea1      0x2a2 ./src/DR/DR_ADC.o
                                       0x3c7c (size before relaxing)
 .debug_str     0x0000000000004143       0xfd ./src/DR/DR_GPIO.o
                                       0x34fa (size before relaxing)
 .debug_str     0x0000000000004240       0x22 ./src/DR/DR_PLL.o
                                       0x3963 (size before relaxing)
 .debug_str     0x0000000000004262      0x351 ./src/DR/DR_PWM.o
                                       0x3d05 (size before relaxing)
 .debug_str     0x00000000000045b3       0x51 ./src/DR/DR_Pinsel.o
                                       0x33de (size before relaxing)
 .debug_str     0x0000000000004604      0x297 ./src/DR/DR_Serial.o
                                       0x3d78 (size before relaxing)
 .debug_str     0x000000000000489b      0x110 ./src/DR/DR_Systick.o
                                       0x3b49 (size before relaxing)
 .debug_str     0x00000000000049ab      0x46a ./src/TPI_V0.o
                                       0x3fd0 (size before relaxing)
 .debug_str     0x0000000000004e15      0x1c6 ./src/cr_startup_lpc175x_6x.o
                                       0x2fc4 (size before relaxing)

.comment        0x0000000000000000       0x79
 .comment       0x0000000000000000       0x79 ./src/PR/PR_Botones.o
                                         0x7a (size before relaxing)
 .comment       0x0000000000000079       0x7a ./src/PR/PR_Motores.o
 .comment       0x0000000000000079       0x7a ./src/PR/PR_Relays.o
 .comment       0x0000000000000079       0x7a ./src/PR/PR_Serial.o
 .comment       0x0000000000000079       0x7a ./src/PR/PR_Timers.o
 .comment       0x0000000000000079       0x7a ./src/DR/DR_ADC.o
 .comment       0x0000000000000079       0x7a ./src/DR/DR_GPIO.o
 .comment       0x0000000000000079       0x7a ./src/DR/DR_PLL.o
 .comment       0x0000000000000079       0x7a ./src/DR/DR_PWM.o
 .comment       0x0000000000000079       0x7a ./src/DR/DR_Pinsel.o
 .comment       0x0000000000000079       0x7a ./src/DR/DR_Serial.o
 .comment       0x0000000000000079       0x7a ./src/DR/DR_Systick.o
 .comment       0x0000000000000079       0x7a ./src/TPI_V0.o
 .comment       0x0000000000000079       0x7a ./src/cr_startup_lpc175x_6x.o
 .comment       0x0000000000000079       0x7a /usr/local/mcuxpressoide-11.2.0_4120/ide/plugins/com.nxp.mcuxpresso.tools.linux_11.2.0.202001021529/tools/bin/../lib/gcc/arm-none-eabi/9.2.1/../../../../arm-none-eabi/lib/thumb/v7-m/nofp/libcr_c.a(__weak__main.o)

.ARM.attributes
                0x0000000000000000       0x2d
 .ARM.attributes
                0x0000000000000000       0x2d ./src/PR/PR_Botones.o
 .ARM.attributes
                0x000000000000002d       0x2d ./src/PR/PR_Motores.o
 .ARM.attributes
                0x000000000000005a       0x2d ./src/PR/PR_Relays.o
 .ARM.attributes
                0x0000000000000087       0x2d ./src/PR/PR_Serial.o
 .ARM.attributes
                0x00000000000000b4       0x2d ./src/PR/PR_Timers.o
 .ARM.attributes
                0x00000000000000e1       0x2d ./src/DR/DR_ADC.o
 .ARM.attributes
                0x000000000000010e       0x2d ./src/DR/DR_GPIO.o
 .ARM.attributes
                0x000000000000013b       0x2d ./src/DR/DR_PLL.o
 .ARM.attributes
                0x0000000000000168       0x2d ./src/DR/DR_PWM.o
 .ARM.attributes
                0x0000000000000195       0x2d ./src/DR/DR_Pinsel.o
 .ARM.attributes
                0x00000000000001c2       0x2d ./src/DR/DR_Serial.o
 .ARM.attributes
                0x00000000000001ef       0x2d ./src/DR/DR_Systick.o
 .ARM.attributes
                0x000000000000021c       0x2d ./src/TPI_V0.o
 .ARM.attributes
                0x0000000000000249       0x2d ./src/cr_startup_lpc175x_6x.o
 .ARM.attributes
                0x0000000000000276       0x2d /usr/local/mcuxpressoide-11.2.0_4120/ide/plugins/com.nxp.mcuxpresso.tools.linux_11.2.0.202001021529/tools/bin/../lib/gcc/arm-none-eabi/9.2.1/../../../../arm-none-eabi/lib/thumb/v7-m/nofp/libcr_c.a(__weak__main.o)

.debug_frame    0x0000000000000000      0x9c0
 .debug_frame   0x0000000000000000       0x78 ./src/PR/PR_Botones.o
 .debug_frame   0x0000000000000078       0x74 ./src/PR/PR_Motores.o
 .debug_frame   0x00000000000000ec       0x50 ./src/PR/PR_Relays.o
 .debug_frame   0x000000000000013c       0xcc ./src/PR/PR_Serial.o
 .debug_frame   0x0000000000000208      0x148 ./src/PR/PR_Timers.o
 .debug_frame   0x0000000000000350       0xc0 ./src/DR/DR_ADC.o
 .debug_frame   0x0000000000000410      0x104 ./src/DR/DR_GPIO.o
 .debug_frame   0x0000000000000514       0x30 ./src/DR/DR_PLL.o
 .debug_frame   0x0000000000000544       0x58 ./src/DR/DR_PWM.o
 .debug_frame   0x000000000000059c       0x38 ./src/DR/DR_Pinsel.o
 .debug_frame   0x00000000000005d4      0x188 ./src/DR/DR_Serial.o
 .debug_frame   0x000000000000075c       0xa8 ./src/DR/DR_Systick.o
 .debug_frame   0x0000000000000804       0x4c ./src/TPI_V0.o
 .debug_frame   0x0000000000000850      0x170 ./src/cr_startup_lpc175x_6x.o

Cross Reference Table

Symbol                                            File
ADC_IRQHandler                                    ./src/DR/DR_ADC.o
ADC_changeChannel                                 ./src/DR/DR_ADC.o
ADC_getVal                                        ./src/DR/DR_ADC.o
                                                  ./src/TPI_V0.o
ADC_inUse                                         ./src/DR/DR_Systick.o
ADC_startConvertion                               ./src/DR/DR_ADC.o
                                                  ./src/DR/DR_Systick.o
BOD_IRQHandler                                    ./src/cr_startup_lpc175x_6x.o
BusFault_Handler                                  ./src/cr_startup_lpc175x_6x.o
CANActivity_IRQHandler                            ./src/cr_startup_lpc175x_6x.o
CAN_IRQHandler                                    ./src/cr_startup_lpc175x_6x.o
DMA_IRQHandler                                    ./src/cr_startup_lpc175x_6x.o
DebugMon_Handler                                  ./src/cr_startup_lpc175x_6x.o
EINT0_IRQHandler                                  ./src/cr_startup_lpc175x_6x.o
EINT1_IRQHandler                                  ./src/cr_startup_lpc175x_6x.o
EINT2_IRQHandler                                  ./src/cr_startup_lpc175x_6x.o
EINT3_IRQHandler                                  ./src/cr_startup_lpc175x_6x.o
ENET_IRQHandler                                   ./src/cr_startup_lpc175x_6x.o
HardFault_Handler                                 ./src/cr_startup_lpc175x_6x.o
I2C0_IRQHandler                                   ./src/cr_startup_lpc175x_6x.o
I2C1_IRQHandler                                   ./src/cr_startup_lpc175x_6x.o
I2C2_IRQHandler                                   ./src/cr_startup_lpc175x_6x.o
I2S_IRQHandler                                    ./src/cr_startup_lpc175x_6x.o
InicializarADC_DR                                 ./src/DR/DR_ADC.o
                                                  ./src/TPI_V0.o
InicializarBotones                                ./src/PR/PR_Botones.o
                                                  ./src/TPI_V0.o
InicializarMotores                                ./src/PR/PR_Motores.o
                                                  ./src/TPI_V0.o
InicializarPLL                                    ./src/DR/DR_PLL.o
                                                  ./src/TPI_V0.o
InicializarPWM_DR                                 ./src/DR/DR_PWM.o
                                                  ./src/PR/PR_Motores.o
InicializarRelays                                 ./src/PR/PR_Relays.o
                                                  ./src/TPI_V0.o
InicializarSerial                                 ./src/PR/PR_Serial.o
                                                  ./src/TPI_V0.o
InicializarSystick                                ./src/DR/DR_Systick.o
                                                  ./src/TPI_V0.o
InicializarUART0_DR                               ./src/DR/DR_Serial.o
                                                  ./src/PR/PR_Serial.o
InicializarUART3_DR                               ./src/DR/DR_Serial.o
                                                  ./src/PR/PR_Serial.o
IntDefaultHandler                                 ./src/cr_startup_lpc175x_6x.o
MCPWM_IRQHandler                                  ./src/cr_startup_lpc175x_6x.o
MemManage_Handler                                 ./src/cr_startup_lpc175x_6x.o
NMI_Handler                                       ./src/cr_startup_lpc175x_6x.o
PLL0_IRQHandler                                   ./src/cr_startup_lpc175x_6x.o
PLL1_IRQHandler                                   ./src/cr_startup_lpc175x_6x.o
PWM1_IRQHandler                                   ./src/cr_startup_lpc175x_6x.o
PWM_setDutyCicle                                  ./src/DR/DR_PWM.o
                                                  ./src/PR/PR_Motores.o
PendSV_Handler                                    ./src/cr_startup_lpc175x_6x.o
QEI_IRQHandler                                    ./src/cr_startup_lpc175x_6x.o
RIT_IRQHandler                                    ./src/cr_startup_lpc175x_6x.o
RTC_IRQHandler                                    ./src/cr_startup_lpc175x_6x.o
ReadInputs                                        ./src/PR/PR_Botones.o
                                                  ./src/TPI_V0.o
ResetISR                                          ./src/cr_startup_lpc175x_6x.o
SPI_IRQHandler                                    ./src/cr_startup_lpc175x_6x.o
SSP0_IRQHandler                                   ./src/cr_startup_lpc175x_6x.o
SSP1_IRQHandler                                   ./src/cr_startup_lpc175x_6x.o
SVC_Handler                                       ./src/cr_startup_lpc175x_6x.o
SysTick_Handler                                   ./src/DR/DR_Systick.o
TIMER0_IRQHandler                                 ./src/cr_startup_lpc175x_6x.o
TIMER1_IRQHandler                                 ./src/cr_startup_lpc175x_6x.o
TIMER2_IRQHandler                                 ./src/cr_startup_lpc175x_6x.o
TIMER3_IRQHandler                                 ./src/cr_startup_lpc175x_6x.o
TimerClose                                        ./src/PR/PR_Timers.o
TimerDiscount                                     ./src/PR/PR_Timers.o
                                                  ./src/DR/DR_Systick.o
TimerGet                                          ./src/PR/PR_Timers.o
TimerLunchEvent                                   ./src/PR/PR_Timers.o
                                                  ./src/TPI_V0.o
TimerPause                                        ./src/PR/PR_Timers.o
TimerSet                                          ./src/PR/PR_Timers.o
TimerStart                                        ./src/PR/PR_Timers.o
                                                  ./src/TPI_V0.o
TimerStop                                         ./src/PR/PR_Timers.o
TmrBase                                           ./src/PR/PR_Timers.o
TmrFlags                                          ./src/PR/PR_Timers.o
TmrFunciones                                      ./src/PR/PR_Timers.o
TmrPause                                          ./src/PR/PR_Timers.o
TmrRun                                            ./src/PR/PR_Timers.o
UART0_IRQHandler                                  ./src/DR/DR_Serial.o
UART0_forceTX                                     ./src/DR/DR_Serial.o
                                                  ./src/PR/PR_Serial.o
UART0_popRX                                       ./src/PR/PR_Serial.o
                                                  ./src/TPI_V0.o
UART0_popTX                                       ./src/DR/DR_Serial.o
UART0_pushRX                                      ./src/DR/DR_Serial.o
UART0_pushTX                                      ./src/PR/PR_Serial.o
                                                  ./src/TPI_V0.o
UART0_rx_buff                                     ./src/DR/DR_Serial.o
                                                  ./src/PR/PR_Serial.o
UART0_rx_in                                       ./src/DR/DR_Serial.o
                                                  ./src/PR/PR_Serial.o
UART0_rx_out                                      ./src/DR/DR_Serial.o
                                                  ./src/PR/PR_Serial.o
UART0_tx_buff                                     ./src/DR/DR_Serial.o
                                                  ./src/PR/PR_Serial.o
UART0_tx_flag                                     ./src/DR/DR_Serial.o
                                                  ./src/PR/PR_Serial.o
UART0_tx_in                                       ./src/DR/DR_Serial.o
                                                  ./src/PR/PR_Serial.o
UART0_tx_out                                      ./src/DR/DR_Serial.o
UART1_IRQHandler                                  ./src/cr_startup_lpc175x_6x.o
UART2_IRQHandler                                  ./src/cr_startup_lpc175x_6x.o
UART3_IRQHandler                                  ./src/DR/DR_Serial.o
UART3_forceTX                                     ./src/DR/DR_Serial.o
                                                  ./src/PR/PR_Serial.o
UART3_popRX                                       ./src/PR/PR_Serial.o
UART3_popTX                                       ./src/DR/DR_Serial.o
UART3_pushRX                                      ./src/DR/DR_Serial.o
UART3_pushTX                                      ./src/PR/PR_Serial.o
UART3_rx_buff                                     ./src/DR/DR_Serial.o
                                                  ./src/PR/PR_Serial.o
UART3_rx_in                                       ./src/DR/DR_Serial.o
                                                  ./src/PR/PR_Serial.o
UART3_rx_out                                      ./src/DR/DR_Serial.o
                                                  ./src/PR/PR_Serial.o
UART3_tx_buff                                     ./src/DR/DR_Serial.o
                                                  ./src/PR/PR_Serial.o
UART3_tx_flag                                     ./src/DR/DR_Serial.o
                                                  ./src/PR/PR_Serial.o
UART3_tx_in                                       ./src/DR/DR_Serial.o
                                                  ./src/PR/PR_Serial.o
UART3_tx_out                                      ./src/DR/DR_Serial.o
USBActivity_IRQHandler                            ./src/cr_startup_lpc175x_6x.o
USB_IRQHandler                                    ./src/cr_startup_lpc175x_6x.o
UsageFault_Handler                                ./src/cr_startup_lpc175x_6x.o
WDT_IRQHandler                                    ./src/cr_startup_lpc175x_6x.o
__bss_section_table_end                           ./src/cr_startup_lpc175x_6x.o
__data_section_table                              ./src/cr_startup_lpc175x_6x.o
__data_section_table_end                          ./src/cr_startup_lpc175x_6x.o
__main                                            /usr/local/mcuxpressoide-11.2.0_4120/ide/plugins/com.nxp.mcuxpresso.tools.linux_11.2.0.202001021529/tools/bin/../lib/gcc/arm-none-eabi/9.2.1/../../../../arm-none-eabi/lib/thumb/v7-m/nofp/libcr_c.a(__weak__main.o)
                                                  ./src/cr_startup_lpc175x_6x.o
__valid_user_code_checksum                        ./src/cr_startup_lpc175x_6x.o
__weak_main                                       /usr/local/mcuxpressoide-11.2.0_4120/ide/plugins/com.nxp.mcuxpresso.tools.linux_11.2.0.202001021529/tools/bin/../lib/gcc/arm-none-eabi/9.2.1/../../../../arm-none-eabi/lib/thumb/v7-m/nofp/libcr_c.a(__weak__main.o)
_vStackTop                                        ./src/cr_startup_lpc175x_6x.o
bss_init                                          ./src/cr_startup_lpc175x_6x.o
data_init                                         ./src/cr_startup_lpc175x_6x.o
func                                              ./src/TPI_V0.o
g_pfnVectors                                      ./src/cr_startup_lpc175x_6x.o
getBtn                                            ./src/PR/PR_Botones.o
                                                  ./src/TPI_V0.o
getPin                                            ./src/DR/DR_GPIO.o
                                                  ./src/PR/PR_Botones.o
getPin_raw                                        ./src/DR/DR_GPIO.o
get_ticks                                         ./src/DR/DR_Systick.o
main                                              ./src/TPI_V0.o
                                                  /usr/local/mcuxpressoide-11.2.0_4120/ide/plugins/com.nxp.mcuxpresso.tools.linux_11.2.0.202001021529/tools/bin/../lib/gcc/arm-none-eabi/9.2.1/../../../../arm-none-eabi/lib/thumb/v7-m/nofp/libcr_c.a(__weak__main.o)
reset_ticks                                       ./src/DR/DR_Systick.o
scheduler_run                                     ./src/DR/DR_Systick.o
setDir                                            ./src/DR/DR_GPIO.o
                                                  ./src/PR/PR_Relays.o
                                                  ./src/PR/PR_Motores.o
                                                  ./src/PR/PR_Botones.o
setMotoresDir                                     ./src/PR/PR_Motores.o
setMotoresVel                                     ./src/PR/PR_Motores.o
setPin                                            ./src/DR/DR_GPIO.o
                                                  ./src/PR/PR_Relays.o
                                                  ./src/PR/PR_Motores.o
setPinmode                                        ./src/DR/DR_GPIO.o
                                                  ./src/PR/PR_Botones.o
setPinmode_OP                                     ./src/DR/DR_GPIO.o
                                                  ./src/PR/PR_Relays.o
setPinsel                                         ./src/DR/DR_Pinsel.o
                                                  ./src/TPI_V0.o
                                                  ./src/PR/PR_Serial.o
                                                  ./src/PR/PR_Motores.o
setRelay                                          ./src/PR/PR_Relays.o
                                                  ./src/TPI_V0.o
state                                             ./src/TPI_V0.o
