Archive member included to satisfy reference by file (symbol)

/usr/local/mcuxpressoide-11.2.0_4120/ide/plugins/com.nxp.mcuxpresso.tools.linux_11.2.0.202001021529/tools/bin/../lib/gcc/arm-none-eabi/9.2.1/../../../../arm-none-eabi/lib/thumb/v7-m/nofp/libcr_c.a(__weak__main.o)
                              ./src/cr_startup_lpc175x_6x.o (__main)

Discarded input sections

 .group         0x0000000000000000        0xc ./src/PR/PR_Botones.o
 .group         0x0000000000000000        0xc ./src/PR/PR_Botones.o
 .group         0x0000000000000000        0xc ./src/PR/PR_Botones.o
 .group         0x0000000000000000        0xc ./src/PR/PR_Botones.o
 .text          0x0000000000000000        0x0 ./src/PR/PR_Botones.o
 .data          0x0000000000000000        0x0 ./src/PR/PR_Botones.o
 .bss           0x0000000000000000        0x0 ./src/PR/PR_Botones.o
 .group         0x0000000000000000        0xc ./src/PR/PR_Serial.o
 .group         0x0000000000000000        0xc ./src/PR/PR_Serial.o
 .group         0x0000000000000000        0xc ./src/PR/PR_Serial.o
 .group         0x0000000000000000        0xc ./src/PR/PR_Serial.o
 .group         0x0000000000000000        0xc ./src/PR/PR_Serial.o
 .text          0x0000000000000000        0x0 ./src/PR/PR_Serial.o
 .data          0x0000000000000000        0x0 ./src/PR/PR_Serial.o
 .bss           0x0000000000000000        0x0 ./src/PR/PR_Serial.o
 .text.UART3_popRX
                0x0000000000000000       0x54 ./src/PR/PR_Serial.o
 .text.UART3_pushTX
                0x0000000000000000       0x58 ./src/PR/PR_Serial.o
 .debug_macro   0x0000000000000000      0xaa8 ./src/PR/PR_Serial.o
 .debug_macro   0x0000000000000000      0x1be ./src/PR/PR_Serial.o
 .debug_macro   0x0000000000000000       0x34 ./src/PR/PR_Serial.o
 .group         0x0000000000000000        0xc ./src/PR/PR_Timers.o
 .group         0x0000000000000000        0xc ./src/PR/PR_Timers.o
 .group         0x0000000000000000        0xc ./src/PR/PR_Timers.o
 .group         0x0000000000000000        0xc ./src/PR/PR_Timers.o
 .text          0x0000000000000000        0x0 ./src/PR/PR_Timers.o
 .data          0x0000000000000000        0x0 ./src/PR/PR_Timers.o
 .bss           0x0000000000000000        0x0 ./src/PR/PR_Timers.o
 .text.TimerPause
                0x0000000000000000       0x38 ./src/PR/PR_Timers.o
 .text.TimerStop
                0x0000000000000000       0x64 ./src/PR/PR_Timers.o
 .text.TimerSet
                0x0000000000000000       0x9c ./src/PR/PR_Timers.o
 .text.TimerGet
                0x0000000000000000       0xa0 ./src/PR/PR_Timers.o
 .text.TimerClose
                0x0000000000000000       0x28 ./src/PR/PR_Timers.o
 .debug_macro   0x0000000000000000      0xaa8 ./src/PR/PR_Timers.o
 .debug_macro   0x0000000000000000      0x1be ./src/PR/PR_Timers.o
 .debug_macro   0x0000000000000000       0x34 ./src/PR/PR_Timers.o
 .group         0x0000000000000000        0xc ./src/DR/DR_ADC.o
 .group         0x0000000000000000        0xc ./src/DR/DR_ADC.o
 .group         0x0000000000000000        0xc ./src/DR/DR_ADC.o
 .group         0x0000000000000000        0xc ./src/DR/DR_ADC.o
 .group         0x0000000000000000        0xc ./src/DR/DR_ADC.o
 .text          0x0000000000000000        0x0 ./src/DR/DR_ADC.o
 .data          0x0000000000000000        0x0 ./src/DR/DR_ADC.o
 .bss           0x0000000000000000        0x0 ./src/DR/DR_ADC.o
 .text.ADC_changeChannel
                0x0000000000000000       0x40 ./src/DR/DR_ADC.o
 .bss.readNum.3734
                0x0000000000000000        0x1 ./src/DR/DR_ADC.o
 .debug_macro   0x0000000000000000      0xaa8 ./src/DR/DR_ADC.o
 .debug_macro   0x0000000000000000      0x1be ./src/DR/DR_ADC.o
 .debug_macro   0x0000000000000000       0x34 ./src/DR/DR_ADC.o
 .group         0x0000000000000000        0xc ./src/DR/DR_GPIO.o
 .group         0x0000000000000000        0xc ./src/DR/DR_GPIO.o
 .group         0x0000000000000000        0xc ./src/DR/DR_GPIO.o
 .group         0x0000000000000000        0xc ./src/DR/DR_GPIO.o
 .text          0x0000000000000000        0x0 ./src/DR/DR_GPIO.o
 .data          0x0000000000000000        0x0 ./src/DR/DR_GPIO.o
 .bss           0x0000000000000000        0x0 ./src/DR/DR_GPIO.o
 .text.setPinmode_OP
                0x0000000000000000       0x64 ./src/DR/DR_GPIO.o
 .text.getPin_raw
                0x0000000000000000       0x36 ./src/DR/DR_GPIO.o
 .debug_macro   0x0000000000000000      0xaa8 ./src/DR/DR_GPIO.o
 .debug_macro   0x0000000000000000      0x1be ./src/DR/DR_GPIO.o
 .debug_macro   0x0000000000000000       0x34 ./src/DR/DR_GPIO.o
 .debug_macro   0x0000000000000000       0x58 ./src/DR/DR_GPIO.o
 .group         0x0000000000000000        0xc ./src/DR/DR_PLL.o
 .group         0x0000000000000000        0xc ./src/DR/DR_PLL.o
 .group         0x0000000000000000        0xc ./src/DR/DR_PLL.o
 .group         0x0000000000000000        0xc ./src/DR/DR_PLL.o
 .text          0x0000000000000000        0x0 ./src/DR/DR_PLL.o
 .data          0x0000000000000000        0x0 ./src/DR/DR_PLL.o
 .bss           0x0000000000000000        0x0 ./src/DR/DR_PLL.o
 .debug_macro   0x0000000000000000      0xaa8 ./src/DR/DR_PLL.o
 .debug_macro   0x0000000000000000      0x1be ./src/DR/DR_PLL.o
 .debug_macro   0x0000000000000000       0x34 ./src/DR/DR_PLL.o
 .group         0x0000000000000000        0xc ./src/DR/DR_PWM.o
 .group         0x0000000000000000        0xc ./src/DR/DR_PWM.o
 .group         0x0000000000000000        0xc ./src/DR/DR_PWM.o
 .group         0x0000000000000000        0xc ./src/DR/DR_PWM.o
 .group         0x0000000000000000        0xc ./src/DR/DR_PWM.o
 .text          0x0000000000000000        0x0 ./src/DR/DR_PWM.o
 .data          0x0000000000000000        0x0 ./src/DR/DR_PWM.o
 .bss           0x0000000000000000        0x0 ./src/DR/DR_PWM.o
 .debug_macro   0x0000000000000000      0xaa8 ./src/DR/DR_PWM.o
 .debug_macro   0x0000000000000000      0x1be ./src/DR/DR_PWM.o
 .debug_macro   0x0000000000000000       0x34 ./src/DR/DR_PWM.o
 .debug_macro   0x0000000000000000      0x166 ./src/DR/DR_PWM.o
 .debug_macro   0x0000000000000000       0x22 ./src/DR/DR_PWM.o
 .group         0x0000000000000000        0xc ./src/DR/DR_Pinsel.o
 .group         0x0000000000000000        0xc ./src/DR/DR_Pinsel.o
 .group         0x0000000000000000        0xc ./src/DR/DR_Pinsel.o
 .group         0x0000000000000000        0xc ./src/DR/DR_Pinsel.o
 .text          0x0000000000000000        0x0 ./src/DR/DR_Pinsel.o
 .data          0x0000000000000000        0x0 ./src/DR/DR_Pinsel.o
 .bss           0x0000000000000000        0x0 ./src/DR/DR_Pinsel.o
 .debug_macro   0x0000000000000000      0xaa8 ./src/DR/DR_Pinsel.o
 .debug_macro   0x0000000000000000      0x1be ./src/DR/DR_Pinsel.o
 .debug_macro   0x0000000000000000       0x34 ./src/DR/DR_Pinsel.o
 .debug_macro   0x0000000000000000       0x1c ./src/DR/DR_Pinsel.o
 .group         0x0000000000000000        0xc ./src/DR/DR_Serial.o
 .group         0x0000000000000000        0xc ./src/DR/DR_Serial.o
 .group         0x0000000000000000        0xc ./src/DR/DR_Serial.o
 .group         0x0000000000000000        0xc ./src/DR/DR_Serial.o
 .group         0x0000000000000000        0xc ./src/DR/DR_Serial.o
 .group         0x0000000000000000        0xc ./src/DR/DR_Serial.o
 .text          0x0000000000000000        0x0 ./src/DR/DR_Serial.o
 .data          0x0000000000000000        0x0 ./src/DR/DR_Serial.o
 .bss           0x0000000000000000        0x0 ./src/DR/DR_Serial.o
 .bss.UART3_rx_buff
                0x0000000000000000       0x40 ./src/DR/DR_Serial.o
 .bss.UART3_rx_in
                0x0000000000000000        0x4 ./src/DR/DR_Serial.o
 .bss.UART3_rx_out
                0x0000000000000000        0x4 ./src/DR/DR_Serial.o
 .text.UART3_pushRX
                0x0000000000000000       0x3c ./src/DR/DR_Serial.o
 .debug_macro   0x0000000000000000      0xaa8 ./src/DR/DR_Serial.o
 .debug_macro   0x0000000000000000      0x1be ./src/DR/DR_Serial.o
 .debug_macro   0x0000000000000000       0x34 ./src/DR/DR_Serial.o
 .debug_macro   0x0000000000000000      0x166 ./src/DR/DR_Serial.o
 .debug_macro   0x0000000000000000       0x22 ./src/DR/DR_Serial.o
 .group         0x0000000000000000        0xc ./src/DR/DR_Systick.o
 .group         0x0000000000000000        0xc ./src/DR/DR_Systick.o
 .group         0x0000000000000000        0xc ./src/DR/DR_Systick.o
 .group         0x0000000000000000        0xc ./src/DR/DR_Systick.o
 .group         0x0000000000000000        0xc ./src/DR/DR_Systick.o
 .group         0x0000000000000000        0xc ./src/DR/DR_Systick.o
 .text          0x0000000000000000        0x0 ./src/DR/DR_Systick.o
 .data          0x0000000000000000        0x0 ./src/DR/DR_Systick.o
 .bss           0x0000000000000000        0x0 ./src/DR/DR_Systick.o
 .bss.ADC_inUse
                0x0000000000000000        0x1 ./src/DR/DR_Systick.o
 .text.get_ticks
                0x0000000000000000       0x14 ./src/DR/DR_Systick.o
 .text.reset_ticks
                0x0000000000000000       0x18 ./src/DR/DR_Systick.o
 .debug_macro   0x0000000000000000      0xaa8 ./src/DR/DR_Systick.o
 .debug_macro   0x0000000000000000      0x1be ./src/DR/DR_Systick.o
 .debug_macro   0x0000000000000000       0x34 ./src/DR/DR_Systick.o
 .debug_macro   0x0000000000000000      0x166 ./src/DR/DR_Systick.o
 .debug_macro   0x0000000000000000       0x22 ./src/DR/DR_Systick.o
 .group         0x0000000000000000        0xc ./src/TPI_V0.o
 .group         0x0000000000000000        0xc ./src/TPI_V0.o
 .group         0x0000000000000000        0xc ./src/TPI_V0.o
 .group         0x0000000000000000        0xc ./src/TPI_V0.o
 .group         0x0000000000000000        0xc ./src/TPI_V0.o
 .group         0x0000000000000000        0xc ./src/TPI_V0.o
 .group         0x0000000000000000        0xc ./src/TPI_V0.o
 .group         0x0000000000000000        0xc ./src/TPI_V0.o
 .text          0x0000000000000000        0x0 ./src/TPI_V0.o
 .data          0x0000000000000000        0x0 ./src/TPI_V0.o
 .bss           0x0000000000000000        0x0 ./src/TPI_V0.o
 .debug_macro   0x0000000000000000      0xaa8 ./src/TPI_V0.o
 .debug_macro   0x0000000000000000      0x1be ./src/TPI_V0.o
 .debug_macro   0x0000000000000000       0x34 ./src/TPI_V0.o
 .debug_macro   0x0000000000000000      0x166 ./src/TPI_V0.o
 .debug_macro   0x0000000000000000       0x2e ./src/TPI_V0.o
 .debug_macro   0x0000000000000000       0x22 ./src/TPI_V0.o
 .group         0x0000000000000000        0xc ./src/cr_startup_lpc175x_6x.o
 .text          0x0000000000000000        0x0 ./src/cr_startup_lpc175x_6x.o
 .data          0x0000000000000000        0x0 ./src/cr_startup_lpc175x_6x.o
 .bss           0x0000000000000000        0x0 ./src/cr_startup_lpc175x_6x.o
 .debug_macro   0x0000000000000000      0xaa8 ./src/cr_startup_lpc175x_6x.o
 .text          0x0000000000000000        0x0 /usr/local/mcuxpressoide-11.2.0_4120/ide/plugins/com.nxp.mcuxpresso.tools.linux_11.2.0.202001021529/tools/bin/../lib/gcc/arm-none-eabi/9.2.1/../../../../arm-none-eabi/lib/thumb/v7-m/nofp/libcr_c.a(__weak__main.o)
 .data          0x0000000000000000        0x0 /usr/local/mcuxpressoide-11.2.0_4120/ide/plugins/com.nxp.mcuxpresso.tools.linux_11.2.0.202001021529/tools/bin/../lib/gcc/arm-none-eabi/9.2.1/../../../../arm-none-eabi/lib/thumb/v7-m/nofp/libcr_c.a(__weak__main.o)
 .bss           0x0000000000000000        0x0 /usr/local/mcuxpressoide-11.2.0_4120/ide/plugins/com.nxp.mcuxpresso.tools.linux_11.2.0.202001021529/tools/bin/../lib/gcc/arm-none-eabi/9.2.1/../../../../arm-none-eabi/lib/thumb/v7-m/nofp/libcr_c.a(__weak__main.o)

Memory Configuration

Name             Origin             Length             Attributes
MFlash512        0x0000000000000000 0x0000000000080000 xr
RamLoc32         0x0000000010000000 0x0000000000008000 xrw
RamAHB32         0x000000002007c000 0x0000000000008000 xrw
*default*        0x0000000000000000 0xffffffffffffffff

Linker script and memory map

LOAD ./src/PR/PR_Botones.o
LOAD ./src/PR/PR_Serial.o
LOAD ./src/PR/PR_Timers.o
LOAD ./src/DR/DR_ADC.o
LOAD ./src/DR/DR_GPIO.o
LOAD ./src/DR/DR_PLL.o
LOAD ./src/DR/DR_PWM.o
LOAD ./src/DR/DR_Pinsel.o
LOAD ./src/DR/DR_Serial.o
LOAD ./src/DR/DR_Systick.o
LOAD ./src/TPI_V0.o
LOAD ./src/cr_startup_lpc175x_6x.o
START GROUP
LOAD /usr/local/mcuxpressoide-11.2.0_4120/ide/plugins/com.nxp.mcuxpresso.tools.linux_11.2.0.202001021529/tools/bin/../lib/gcc/arm-none-eabi/9.2.1/../../../../arm-none-eabi/lib/thumb/v7-m/nofp/libcr_c.a
LOAD /usr/local/mcuxpressoide-11.2.0_4120/ide/plugins/com.nxp.mcuxpresso.tools.linux_11.2.0.202001021529/tools/bin/../lib/gcc/arm-none-eabi/9.2.1/thumb/v7-m/nofp/libcr_eabihelpers.a
LOAD /usr/local/mcuxpressoide-11.2.0_4120/ide/plugins/com.nxp.mcuxpresso.tools.linux_11.2.0.202001021529/tools/bin/../lib/gcc/arm-none-eabi/9.2.1/thumb/v7-m/nofp/libgcc.a
END GROUP
                0x0000000000000000                __base_MFlash512 = 0x0
                0x0000000000000000                __base_Flash = 0x0
                0x0000000000080000                __top_MFlash512 = 0x80000
                0x0000000000080000                __top_Flash = 0x80000
                0x0000000010000000                __base_RamLoc32 = 0x10000000
                0x0000000010000000                __base_RAM = 0x10000000
                0x0000000010008000                __top_RamLoc32 = 0x10008000
                0x0000000010008000                __top_RAM = 0x10008000
                0x000000002007c000                __base_RamAHB32 = 0x2007c000
                0x000000002007c000                __base_RAM2 = 0x2007c000
                0x0000000020084000                __top_RamAHB32 = 0x20084000
                0x0000000020084000                __top_RAM2 = 0x20084000

.text           0x0000000000000000     0x1288
 FILL mask 0xff
                0x0000000000000000                __vectors_start__ = ABSOLUTE (.)
 *(.isr_vector)
 .isr_vector    0x0000000000000000       0xcc ./src/cr_startup_lpc175x_6x.o
                0x0000000000000000                g_pfnVectors
                0x00000000000000cc                . = ALIGN (0x4)
                0x00000000000000cc                __section_table_start = .
                0x00000000000000cc                __data_section_table = .
                0x00000000000000cc        0x4 LONG 0x1288 LOADADDR (.data)
                0x00000000000000d0        0x4 LONG 0x10000000 ADDR (.data)
                0x00000000000000d4        0x4 LONG 0x4 SIZEOF (.data)
                0x00000000000000d8        0x4 LONG 0x1288 LOADADDR (.data_RAM2)
                0x00000000000000dc        0x4 LONG 0x2007c000 ADDR (.data_RAM2)
                0x00000000000000e0        0x4 LONG 0x0 SIZEOF (.data_RAM2)
                0x00000000000000e4                __data_section_table_end = .
                0x00000000000000e4                __bss_section_table = .
                0x00000000000000e4        0x4 LONG 0x10000004 ADDR (.bss)
                0x00000000000000e8        0x4 LONG 0x294 SIZEOF (.bss)
                0x00000000000000ec        0x4 LONG 0x2007c000 ADDR (.bss_RAM2)
                0x00000000000000f0        0x4 LONG 0x0 SIZEOF (.bss_RAM2)
                0x00000000000000f4                __bss_section_table_end = .
                0x00000000000000f4                __section_table_end = .
 *(.after_vectors*)
 .after_vectors
                0x00000000000000f4      0x12c ./src/cr_startup_lpc175x_6x.o
                0x00000000000000f4                data_init
                0x0000000000000138                bss_init
                0x0000000000000170                ResetISR
                0x00000000000001e4                NMI_Handler
                0x00000000000001ea                HardFault_Handler
                0x00000000000001f0                MemManage_Handler
                0x00000000000001f6                BusFault_Handler
                0x00000000000001fc                UsageFault_Handler
                0x0000000000000202                SVC_Handler
                0x0000000000000208                DebugMon_Handler
                0x000000000000020e                PendSV_Handler
                0x000000000000021a                TIMER2_IRQHandler
                0x000000000000021a                RIT_IRQHandler
                0x000000000000021a                I2C0_IRQHandler
                0x000000000000021a                USBActivity_IRQHandler
                0x000000000000021a                PWM1_IRQHandler
                0x000000000000021a                I2C1_IRQHandler
                0x000000000000021a                EINT2_IRQHandler
                0x000000000000021a                UART1_IRQHandler
                0x000000000000021a                EINT3_IRQHandler
                0x000000000000021a                CANActivity_IRQHandler
                0x000000000000021a                TIMER3_IRQHandler
                0x000000000000021a                IntDefaultHandler
                0x000000000000021a                PLL0_IRQHandler
                0x000000000000021a                CAN_IRQHandler
                0x000000000000021a                PLL1_IRQHandler
                0x000000000000021a                SSP0_IRQHandler
                0x000000000000021a                I2S_IRQHandler
                0x000000000000021a                I2C2_IRQHandler
                0x000000000000021a                RTC_IRQHandler
                0x000000000000021a                TIMER0_IRQHandler
                0x000000000000021a                SPI_IRQHandler
                0x000000000000021a                EINT1_IRQHandler
                0x000000000000021a                TIMER1_IRQHandler
                0x000000000000021a                UART2_IRQHandler
                0x000000000000021a                SSP1_IRQHandler
                0x000000000000021a                USB_IRQHandler
                0x000000000000021a                BOD_IRQHandler
                0x000000000000021a                WDT_IRQHandler
                0x000000000000021a                QEI_IRQHandler
                0x000000000000021a                EINT0_IRQHandler
                0x000000000000021a                DMA_IRQHandler
                0x000000000000021a                MCPWM_IRQHandler
                0x000000000000021a                ENET_IRQHandler
 *(.text*)
 .text.ReadInputs
                0x0000000000000220      0x13c ./src/PR/PR_Botones.o
                0x0000000000000220                ReadInputs
 .text.getBtn   0x000000000000035c       0x30 ./src/PR/PR_Botones.o
                0x000000000000035c                getBtn
 .text.InicializarSerial
                0x000000000000038c       0x50 ./src/PR/PR_Serial.o
                0x000000000000038c                InicializarSerial
 .text.UART0_popRX
                0x00000000000003dc       0x54 ./src/PR/PR_Serial.o
                0x00000000000003dc                UART0_popRX
 .text.UART0_pushTX
                0x0000000000000430       0x58 ./src/PR/PR_Serial.o
                0x0000000000000430                UART0_pushTX
 .text.TimerStart
                0x0000000000000488       0x9c ./src/PR/PR_Timers.o
                0x0000000000000488                TimerStart
 .text.TimerDiscount
                0x0000000000000524       0x6c ./src/PR/PR_Timers.o
                0x0000000000000524                TimerDiscount
 .text.TimerLunchEvent
                0x0000000000000590       0x48 ./src/PR/PR_Timers.o
                0x0000000000000590                TimerLunchEvent
 .text.InicializarADC_DR
                0x00000000000005d8       0x78 ./src/DR/DR_ADC.o
                0x00000000000005d8                InicializarADC_DR
 .text.ADC_IRQHandler
                0x0000000000000650       0x80 ./src/DR/DR_ADC.o
                0x0000000000000650                ADC_IRQHandler
 .text.ADC_getVal
                0x00000000000006d0       0x14 ./src/DR/DR_ADC.o
                0x00000000000006d0                ADC_getVal
 .text.ADC_startConvertion
                0x00000000000006e4       0x1c ./src/DR/DR_ADC.o
                0x00000000000006e4                ADC_startConvertion
 .text.setPinmode
                0x0000000000000700       0x94 ./src/DR/DR_GPIO.o
                0x0000000000000700                setPinmode
 .text.setDir   0x0000000000000794       0x76 ./src/DR/DR_GPIO.o
                0x0000000000000794                setDir
 *fill*         0x000000000000080a        0x2 ff
 .text.setPin   0x000000000000080c       0xe8 ./src/DR/DR_GPIO.o
                0x000000000000080c                setPin
 .text.getPin   0x00000000000008f4       0x4e ./src/DR/DR_GPIO.o
                0x00000000000008f4                getPin
 *fill*         0x0000000000000942        0x2 ff
 .text.InicializarPLL
                0x0000000000000944      0x140 ./src/DR/DR_PLL.o
                0x0000000000000944                InicializarPLL
 .text.InicializarPWM
                0x0000000000000a84       0xe4 ./src/DR/DR_PWM.o
                0x0000000000000a84                InicializarPWM
 .text.PWM_setDutyCicle
                0x0000000000000b68       0x7c ./src/DR/DR_PWM.o
                0x0000000000000b68                PWM_setDutyCicle
 .text.setPinsel
                0x0000000000000be4       0xa4 ./src/DR/DR_Pinsel.o
                0x0000000000000be4                setPinsel
 .text.InicializarUART0_DR
                0x0000000000000c88       0x90 ./src/DR/DR_Serial.o
                0x0000000000000c88                InicializarUART0_DR
 .text.UART0_pushRX
                0x0000000000000d18       0x3c ./src/DR/DR_Serial.o
                0x0000000000000d18                UART0_pushRX
 .text.UART0_popTX
                0x0000000000000d54       0x54 ./src/DR/DR_Serial.o
                0x0000000000000d54                UART0_popTX
 .text.UART0_forceTX
                0x0000000000000da8       0x28 ./src/DR/DR_Serial.o
                0x0000000000000da8                UART0_forceTX
 .text.UART0_IRQHandler
                0x0000000000000dd0       0xa0 ./src/DR/DR_Serial.o
                0x0000000000000dd0                UART0_IRQHandler
 .text.InicializarUART3_DR
                0x0000000000000e70       0x90 ./src/DR/DR_Serial.o
                0x0000000000000e70                InicializarUART3_DR
 .text.UART3_popTX
                0x0000000000000f00       0x54 ./src/DR/DR_Serial.o
                0x0000000000000f00                UART3_popTX
 .text.UART3_forceTX
                0x0000000000000f54       0x28 ./src/DR/DR_Serial.o
                0x0000000000000f54                UART3_forceTX
 .text.UART3_IRQHandler
                0x0000000000000f7c       0xa0 ./src/DR/DR_Serial.o
                0x0000000000000f7c                UART3_IRQHandler
 .text.InicializarSystick
                0x000000000000101c       0x40 ./src/DR/DR_Systick.o
                0x000000000000101c                InicializarSystick
 .text.SysTick_Handler
                0x000000000000105c       0x1c ./src/DR/DR_Systick.o
                0x000000000000105c                SysTick_Handler
 .text.scheduler_run
                0x0000000000001078       0x44 ./src/DR/DR_Systick.o
                0x0000000000001078                scheduler_run
 .text.func     0x00000000000010bc       0x40 ./src/TPI_V0.o
                0x00000000000010bc                func
 .text.main     0x00000000000010fc      0x188 ./src/TPI_V0.o
                0x00000000000010fc                main
 .text.__weak_main
                0x0000000000001284        0x4 /usr/local/mcuxpressoide-11.2.0_4120/ide/plugins/com.nxp.mcuxpresso.tools.linux_11.2.0.202001021529/tools/bin/../lib/gcc/arm-none-eabi/9.2.1/../../../../arm-none-eabi/lib/thumb/v7-m/nofp/libcr_c.a(__weak__main.o)
                0x0000000000001284                __main
                0x0000000000001284                __weak_main
 *(.rodata .rodata.* .constdata .constdata.*)
                0x0000000000001288                . = ALIGN (0x4)

.glue_7         0x0000000000001288        0x0
 .glue_7        0x0000000000001288        0x0 linker stubs

.glue_7t        0x0000000000001288        0x0
 .glue_7t       0x0000000000001288        0x0 linker stubs

.vfp11_veneer   0x0000000000001288        0x0
 .vfp11_veneer  0x0000000000001288        0x0 linker stubs

.v4_bx          0x0000000000001288        0x0
 .v4_bx         0x0000000000001288        0x0 linker stubs

.iplt           0x0000000000001288        0x0
 .iplt          0x0000000000001288        0x0 ./src/PR/PR_Botones.o

.rel.dyn        0x0000000000001288        0x0
 .rel.iplt      0x0000000000001288        0x0 ./src/PR/PR_Botones.o

.ARM.extab
 *(.ARM.extab* .gnu.linkonce.armextab.*)

.ARM.exidx      0x0000000000001288        0x0
                0x0000000000001288                __exidx_start = .
 *(.ARM.exidx* .gnu.linkonce.armexidx.*)
                0x0000000000001288                __exidx_end = .
                0x0000000000001288                _etext = .

.data_RAM2      0x000000002007c000        0x0 load address 0x0000000000001288
 FILL mask 0xff
                [!provide]                        PROVIDE (__start_data_RAM2 = .)
                [!provide]                        PROVIDE (__start_data_RamAHB32 = .)
 *(.ramfunc.$RAM2)
 *(.ramfunc.$RamAHB32)
 *(.data.$RAM2)
 *(.data.$RamAHB32)
 *(.data.$RAM2.*)
 *(.data.$RamAHB32.*)
                0x000000002007c000                . = ALIGN (0x4)
                [!provide]                        PROVIDE (__end_data_RAM2 = .)
                [!provide]                        PROVIDE (__end_data_RamAHB32 = .)

.uninit_RESERVED
                0x0000000010000000        0x0
                0x0000000010000000                _start_uninit_RESERVED = .
 *(.bss.$RESERVED*)
                0x0000000010000000                . = ALIGN (0x4)
                0x0000000010000000                _end_uninit_RESERVED = .

.data           0x0000000010000000        0x4 load address 0x0000000000001288
 FILL mask 0xff
                0x0000000010000000                _data = .
                [!provide]                        PROVIDE (__start_data_RAM = .)
                [!provide]                        PROVIDE (__start_data_RamLoc32 = .)
 *(vtable)
 *(.ramfunc*)
 *(CodeQuickAccess)
 *(DataQuickAccess)
 *(RamFunction)
 *(.data*)
 .data.state    0x0000000010000000        0x4 ./src/TPI_V0.o
                0x0000000010000000                state
                0x0000000010000004                . = ALIGN (0x4)
                0x0000000010000004                _edata = .
                [!provide]                        PROVIDE (__end_data_RAM = .)
                [!provide]                        PROVIDE (__end_data_RamLoc32 = .)

.igot.plt       0x0000000010000004        0x0 load address 0x000000000000128c
 .igot.plt      0x0000000010000004        0x0 ./src/PR/PR_Botones.o

.bss_RAM2       0x000000002007c000        0x0
                [!provide]                        PROVIDE (__start_bss_RAM2 = .)
                [!provide]                        PROVIDE (__start_bss_RamAHB32 = .)
 *(.bss.$RAM2)
 *(.bss.$RamAHB32)
 *(.bss.$RAM2.*)
 *(.bss.$RamAHB32.*)
                0x000000002007c000                . = ALIGN ((. != 0x0)?0x4:0x1)
                [!provide]                        PROVIDE (__end_bss_RAM2 = .)
                [!provide]                        PROVIDE (__end_bss_RamAHB32 = .)

.bss            0x0000000010000004      0x294
                0x0000000010000004                _bss = .
                [!provide]                        PROVIDE (__start_bss_RAM = .)
                [!provide]                        PROVIDE (__start_bss_RamLoc32 = .)
 *(.bss*)
 .bss.InputBuff
                0x0000000010000004        0x1 ./src/PR/PR_Botones.o
                0x0000000010000004                InputBuff
 *fill*         0x0000000010000005        0x3 
 .bss.cycleCounter
                0x0000000010000008        0x5 ./src/PR/PR_Botones.o
 *fill*         0x000000001000000d        0x3 
 .bss.TmrRun    0x0000000010000010       0x78 ./src/PR/PR_Timers.o
                0x0000000010000010                TmrRun
 .bss.TmrFunciones
                0x0000000010000088       0x78 ./src/PR/PR_Timers.o
                0x0000000010000088                TmrFunciones
 .bss.TmrFlags  0x0000000010000100       0x1f ./src/PR/PR_Timers.o
                0x0000000010000100                TmrFlags
 *fill*         0x000000001000011f        0x1 
 .bss.TmrPause  0x0000000010000120       0x1e ./src/PR/PR_Timers.o
                0x0000000010000120                TmrPause
 *fill*         0x000000001000013e        0x2 
 .bss.TmrBase   0x0000000010000140       0x1e ./src/PR/PR_Timers.o
                0x0000000010000140                TmrBase
 *fill*         0x000000001000015e        0x2 
 .bss.ADC_buffer
                0x0000000010000160       0x40 ./src/DR/DR_ADC.o
 .bss.ADC_buffer_cycle
                0x00000000100001a0        0x4 ./src/DR/DR_ADC.o
 .bss.ADC_promedio
                0x00000000100001a4        0x4 ./src/DR/DR_ADC.o
 .bss.acummulator.3733
                0x00000000100001a8        0x4 ./src/DR/DR_ADC.o
 .bss.match_counter
                0x00000000100001ac        0x4 ./src/DR/DR_PWM.o
 .bss.UART0_rx_buff
                0x00000000100001b0       0x40 ./src/DR/DR_Serial.o
                0x00000000100001b0                UART0_rx_buff
 .bss.UART0_rx_in
                0x00000000100001f0        0x4 ./src/DR/DR_Serial.o
                0x00000000100001f0                UART0_rx_in
 .bss.UART0_rx_out
                0x00000000100001f4        0x4 ./src/DR/DR_Serial.o
                0x00000000100001f4                UART0_rx_out
 .bss.UART0_tx_buff
                0x00000000100001f8       0x40 ./src/DR/DR_Serial.o
                0x00000000100001f8                UART0_tx_buff
 .bss.UART0_tx_in
                0x0000000010000238        0x4 ./src/DR/DR_Serial.o
                0x0000000010000238                UART0_tx_in
 .bss.UART0_tx_out
                0x000000001000023c        0x4 ./src/DR/DR_Serial.o
                0x000000001000023c                UART0_tx_out
 .bss.UART0_tx_flag
                0x0000000010000240        0x1 ./src/DR/DR_Serial.o
                0x0000000010000240                UART0_tx_flag
 *fill*         0x0000000010000241        0x3 
 .bss.UART3_tx_buff
                0x0000000010000244       0x40 ./src/DR/DR_Serial.o
                0x0000000010000244                UART3_tx_buff
 .bss.UART3_tx_in
                0x0000000010000284        0x4 ./src/DR/DR_Serial.o
                0x0000000010000284                UART3_tx_in
 .bss.UART3_tx_out
                0x0000000010000288        0x4 ./src/DR/DR_Serial.o
                0x0000000010000288                UART3_tx_out
 .bss.UART3_tx_flag
                0x000000001000028c        0x1 ./src/DR/DR_Serial.o
                0x000000001000028c                UART3_tx_flag
 *fill*         0x000000001000028d        0x3 
 .bss.systickCounter
                0x0000000010000290        0x4 ./src/DR/DR_Systick.o
 .bss.adc_counter.3733
                0x0000000010000294        0x4 ./src/DR/DR_Systick.o
 *(COMMON)
                0x0000000010000298                . = ALIGN (0x4)
                0x0000000010000298                _ebss = .
                [!provide]                        PROVIDE (__end_bss_RAM = .)
                [!provide]                        PROVIDE (__end_bss_RamLoc32 = .)
                [!provide]                        PROVIDE (end = .)

.noinit_RAM2    0x000000002007c000        0x0
                [!provide]                        PROVIDE (__start_noinit_RAM2 = .)
                [!provide]                        PROVIDE (__start_noinit_RamAHB32 = .)
 *(.noinit.$RAM2)
 *(.noinit.$RamAHB32)
 *(.noinit.$RAM2.*)
 *(.noinit.$RamAHB32.*)
                0x000000002007c000                . = ALIGN (0x4)
                [!provide]                        PROVIDE (__end_noinit_RAM2 = .)
                [!provide]                        PROVIDE (__end_noinit_RamAHB32 = .)

.noinit         0x0000000010000298        0x0
                0x0000000010000298                _noinit = .
                [!provide]                        PROVIDE (__start_noinit_RAM = .)
                [!provide]                        PROVIDE (__start_noinit_RamLoc32 = .)
 *(.noinit*)
                0x0000000010000298                . = ALIGN (0x4)
                0x0000000010000298                _end_noinit = .
                [!provide]                        PROVIDE (__end_noinit_RAM = .)
                [!provide]                        PROVIDE (__end_noinit_RamLoc32 = .)
                [!provide]                        PROVIDE (_pvHeapStart = DEFINED (__user_heap_base)?__user_heap_base:.)
                0x0000000010008000                PROVIDE (_vStackTop = DEFINED (__user_stack_top)?__user_stack_top:(__top_RamLoc32 - 0x0))
                0xffffffffefff74da                PROVIDE (__valid_user_code_checksum = (0x0 - ((((((_vStackTop + (ResetISR + 0x1)) + (NMI_Handler + 0x1)) + (HardFault_Handler + 0x1)) + (DEFINED (MemManage_Handler)?MemManage_Handler:0x0 + 0x1)) + (DEFINED (BusFault_Handler)?BusFault_Handler:0x0 + 0x1)) + (DEFINED (UsageFault_Handler)?UsageFault_Handler:0x0 + 0x1))))
                0x0000000000000000                _image_start = LOADADDR (.text)
                0x000000000000128c                _image_end = (LOADADDR (.data) + SIZEOF (.data))
                0x000000000000128c                _image_size = (_image_end - _image_start)
OUTPUT(TPI_V0.axf elf32-littlearm)

.debug_info     0x0000000000000000     0x219e
 .debug_info    0x0000000000000000      0x12d ./src/PR/PR_Botones.o
 .debug_info    0x000000000000012d      0x1fc ./src/PR/PR_Serial.o
 .debug_info    0x0000000000000329      0x355 ./src/PR/PR_Timers.o
 .debug_info    0x000000000000067e      0x526 ./src/DR/DR_ADC.o
 .debug_info    0x0000000000000ba4      0x27f ./src/DR/DR_GPIO.o
 .debug_info    0x0000000000000e23       0x72 ./src/DR/DR_PLL.o
 .debug_info    0x0000000000000e95      0x4e0 ./src/DR/DR_PWM.o
 .debug_info    0x0000000000001375       0xac ./src/DR/DR_Pinsel.o
 .debug_info    0x0000000000001421      0x700 ./src/DR/DR_Serial.o
 .debug_info    0x0000000000001b21      0x257 ./src/DR/DR_Systick.o
 .debug_info    0x0000000000001d78      0x1b4 ./src/TPI_V0.o
 .debug_info    0x0000000000001f2c      0x272 ./src/cr_startup_lpc175x_6x.o

.debug_abbrev   0x0000000000000000      0xcd0
 .debug_abbrev  0x0000000000000000       0xd9 ./src/PR/PR_Botones.o
 .debug_abbrev  0x00000000000000d9       0xda ./src/PR/PR_Serial.o
 .debug_abbrev  0x00000000000001b3      0x15b ./src/PR/PR_Timers.o
 .debug_abbrev  0x000000000000030e      0x131 ./src/DR/DR_ADC.o
 .debug_abbrev  0x000000000000043f       0xf7 ./src/DR/DR_GPIO.o
 .debug_abbrev  0x0000000000000536       0x56 ./src/DR/DR_PLL.o
 .debug_abbrev  0x000000000000058c      0x118 ./src/DR/DR_PWM.o
 .debug_abbrev  0x00000000000006a4       0x78 ./src/DR/DR_Pinsel.o
 .debug_abbrev  0x000000000000071c      0x230 ./src/DR/DR_Serial.o
 .debug_abbrev  0x000000000000094c      0x15d ./src/DR/DR_Systick.o
 .debug_abbrev  0x0000000000000aa9      0x110 ./src/TPI_V0.o
 .debug_abbrev  0x0000000000000bb9      0x117 ./src/cr_startup_lpc175x_6x.o

.debug_aranges  0x0000000000000000      0x300
 .debug_aranges
                0x0000000000000000       0x28 ./src/PR/PR_Botones.o
 .debug_aranges
                0x0000000000000028       0x40 ./src/PR/PR_Serial.o
 .debug_aranges
                0x0000000000000068       0x58 ./src/PR/PR_Timers.o
 .debug_aranges
                0x00000000000000c0       0x40 ./src/DR/DR_ADC.o
 .debug_aranges
                0x0000000000000100       0x48 ./src/DR/DR_GPIO.o
 .debug_aranges
                0x0000000000000148       0x20 ./src/DR/DR_PLL.o
 .debug_aranges
                0x0000000000000168       0x28 ./src/DR/DR_PWM.o
 .debug_aranges
                0x0000000000000190       0x20 ./src/DR/DR_Pinsel.o
 .debug_aranges
                0x00000000000001b0       0x68 ./src/DR/DR_Serial.o
 .debug_aranges
                0x0000000000000218       0x40 ./src/DR/DR_Systick.o
 .debug_aranges
                0x0000000000000258       0x28 ./src/TPI_V0.o
 .debug_aranges
                0x0000000000000280       0x80 ./src/cr_startup_lpc175x_6x.o

.debug_ranges   0x0000000000000000      0x240
 .debug_ranges  0x0000000000000000       0x18 ./src/PR/PR_Botones.o
 .debug_ranges  0x0000000000000018       0x30 ./src/PR/PR_Serial.o
 .debug_ranges  0x0000000000000048       0x48 ./src/PR/PR_Timers.o
 .debug_ranges  0x0000000000000090       0x30 ./src/DR/DR_ADC.o
 .debug_ranges  0x00000000000000c0       0x38 ./src/DR/DR_GPIO.o
 .debug_ranges  0x00000000000000f8       0x10 ./src/DR/DR_PLL.o
 .debug_ranges  0x0000000000000108       0x18 ./src/DR/DR_PWM.o
 .debug_ranges  0x0000000000000120       0x10 ./src/DR/DR_Pinsel.o
 .debug_ranges  0x0000000000000130       0x58 ./src/DR/DR_Serial.o
 .debug_ranges  0x0000000000000188       0x30 ./src/DR/DR_Systick.o
 .debug_ranges  0x00000000000001b8       0x18 ./src/TPI_V0.o
 .debug_ranges  0x00000000000001d0       0x70 ./src/cr_startup_lpc175x_6x.o

.debug_macro    0x0000000000000000     0x15d8
 .debug_macro   0x0000000000000000       0x58 ./src/PR/PR_Botones.o
 .debug_macro   0x0000000000000058      0xaa8 ./src/PR/PR_Botones.o
 .debug_macro   0x0000000000000b00      0x1be ./src/PR/PR_Botones.o
 .debug_macro   0x0000000000000cbe       0x34 ./src/PR/PR_Botones.o
 .debug_macro   0x0000000000000cf2       0x58 ./src/PR/PR_Botones.o
 .debug_macro   0x0000000000000d4a       0x55 ./src/PR/PR_Serial.o
 .debug_macro   0x0000000000000d9f       0x1c ./src/PR/PR_Serial.o
 .debug_macro   0x0000000000000dbb       0x16 ./src/PR/PR_Serial.o
 .debug_macro   0x0000000000000dd1       0x42 ./src/PR/PR_Timers.o
 .debug_macro   0x0000000000000e13       0x28 ./src/PR/PR_Timers.o
 .debug_macro   0x0000000000000e3b       0x67 ./src/DR/DR_ADC.o
 .debug_macro   0x0000000000000ea2      0x166 ./src/DR/DR_ADC.o
 .debug_macro   0x0000000000001008       0x22 ./src/DR/DR_ADC.o
 .debug_macro   0x000000000000102a       0x54 ./src/DR/DR_GPIO.o
 .debug_macro   0x000000000000107e       0x42 ./src/DR/DR_PLL.o
 .debug_macro   0x00000000000010c0      0x160 ./src/DR/DR_PLL.o
 .debug_macro   0x0000000000001220       0xaf ./src/DR/DR_PWM.o
 .debug_macro   0x00000000000012cf       0x48 ./src/DR/DR_Pinsel.o
 .debug_macro   0x0000000000001317       0x78 ./src/DR/DR_Serial.o
 .debug_macro   0x000000000000138f       0x10 ./src/DR/DR_Serial.o
 .debug_macro   0x000000000000139f       0x72 ./src/DR/DR_Systick.o
 .debug_macro   0x0000000000001411       0x2e ./src/DR/DR_Systick.o
 .debug_macro   0x000000000000143f       0x9c ./src/TPI_V0.o
 .debug_macro   0x00000000000014db       0x82 ./src/TPI_V0.o
 .debug_macro   0x000000000000155d       0x5e ./src/TPI_V0.o
 .debug_macro   0x00000000000015bb       0x1d ./src/cr_startup_lpc175x_6x.o

.debug_line     0x0000000000000000     0x173c
 .debug_line    0x0000000000000000      0x1cd ./src/PR/PR_Botones.o
 .debug_line    0x00000000000001cd      0x1e6 ./src/PR/PR_Serial.o
 .debug_line    0x00000000000003b3      0x313 ./src/PR/PR_Timers.o
 .debug_line    0x00000000000006c6      0x1a7 ./src/DR/DR_ADC.o
 .debug_line    0x000000000000086d      0x1f6 ./src/DR/DR_GPIO.o
 .debug_line    0x0000000000000a63      0x1e5 ./src/DR/DR_PLL.o
 .debug_line    0x0000000000000c48      0x170 ./src/DR/DR_PWM.o
 .debug_line    0x0000000000000db8       0xfa ./src/DR/DR_Pinsel.o
 .debug_line    0x0000000000000eb2      0x2f7 ./src/DR/DR_Serial.o
 .debug_line    0x00000000000011a9      0x1d1 ./src/DR/DR_Systick.o
 .debug_line    0x000000000000137a      0x263 ./src/TPI_V0.o
 .debug_line    0x00000000000015dd      0x15f ./src/cr_startup_lpc175x_6x.o

.debug_str      0x0000000000000000     0x4e5b
 .debug_str     0x0000000000000000     0x342d ./src/PR/PR_Botones.o
                                       0x3477 (size before relaxing)
 .debug_str     0x000000000000342d      0x1ac ./src/PR/PR_Serial.o
                                       0x34e0 (size before relaxing)
 .debug_str     0x00000000000035d9      0x12c ./src/PR/PR_Timers.o
                                       0x3468 (size before relaxing)
 .debug_str     0x0000000000003705      0x8a4 ./src/DR/DR_ADC.o
                                       0x3c6a (size before relaxing)
 .debug_str     0x0000000000003fa9      0x103 ./src/DR/DR_GPIO.o
                                       0x34e8 (size before relaxing)
 .debug_str     0x00000000000040ac       0x22 ./src/DR/DR_PLL.o
                                       0x3951 (size before relaxing)
 .debug_str     0x00000000000040ce      0x365 ./src/DR/DR_PWM.o
                                       0x3cf0 (size before relaxing)
 .debug_str     0x0000000000004433       0x51 ./src/DR/DR_Pinsel.o
                                       0x33cc (size before relaxing)
 .debug_str     0x0000000000004484      0x297 ./src/DR/DR_Serial.o
                                       0x3d66 (size before relaxing)
 .debug_str     0x000000000000471b      0x110 ./src/DR/DR_Systick.o
                                       0x3b37 (size before relaxing)
 .debug_str     0x000000000000482b      0x46a ./src/TPI_V0.o
                                       0x3fa6 (size before relaxing)
 .debug_str     0x0000000000004c95      0x1c6 ./src/cr_startup_lpc175x_6x.o
                                       0x2fc4 (size before relaxing)

.comment        0x0000000000000000       0x79
 .comment       0x0000000000000000       0x79 ./src/PR/PR_Botones.o
                                         0x7a (size before relaxing)
 .comment       0x0000000000000079       0x7a ./src/PR/PR_Serial.o
 .comment       0x0000000000000079       0x7a ./src/PR/PR_Timers.o
 .comment       0x0000000000000079       0x7a ./src/DR/DR_ADC.o
 .comment       0x0000000000000079       0x7a ./src/DR/DR_GPIO.o
 .comment       0x0000000000000079       0x7a ./src/DR/DR_PLL.o
 .comment       0x0000000000000079       0x7a ./src/DR/DR_PWM.o
 .comment       0x0000000000000079       0x7a ./src/DR/DR_Pinsel.o
 .comment       0x0000000000000079       0x7a ./src/DR/DR_Serial.o
 .comment       0x0000000000000079       0x7a ./src/DR/DR_Systick.o
 .comment       0x0000000000000079       0x7a ./src/TPI_V0.o
 .comment       0x0000000000000079       0x7a ./src/cr_startup_lpc175x_6x.o
 .comment       0x0000000000000079       0x7a /usr/local/mcuxpressoide-11.2.0_4120/ide/plugins/com.nxp.mcuxpresso.tools.linux_11.2.0.202001021529/tools/bin/../lib/gcc/arm-none-eabi/9.2.1/../../../../arm-none-eabi/lib/thumb/v7-m/nofp/libcr_c.a(__weak__main.o)

.ARM.attributes
                0x0000000000000000       0x2d
 .ARM.attributes
                0x0000000000000000       0x2d ./src/PR/PR_Botones.o
 .ARM.attributes
                0x000000000000002d       0x2d ./src/PR/PR_Serial.o
 .ARM.attributes
                0x000000000000005a       0x2d ./src/PR/PR_Timers.o
 .ARM.attributes
                0x0000000000000087       0x2d ./src/DR/DR_ADC.o
 .ARM.attributes
                0x00000000000000b4       0x2d ./src/DR/DR_GPIO.o
 .ARM.attributes
                0x00000000000000e1       0x2d ./src/DR/DR_PLL.o
 .ARM.attributes
                0x000000000000010e       0x2d ./src/DR/DR_PWM.o
 .ARM.attributes
                0x000000000000013b       0x2d ./src/DR/DR_Pinsel.o
 .ARM.attributes
                0x0000000000000168       0x2d ./src/DR/DR_Serial.o
 .ARM.attributes
                0x0000000000000195       0x2d ./src/DR/DR_Systick.o
 .ARM.attributes
                0x00000000000001c2       0x2d ./src/TPI_V0.o
 .ARM.attributes
                0x00000000000001ef       0x2d ./src/cr_startup_lpc175x_6x.o
 .ARM.attributes
                0x000000000000021c       0x2d /usr/local/mcuxpressoide-11.2.0_4120/ide/plugins/com.nxp.mcuxpresso.tools.linux_11.2.0.202001021529/tools/bin/../lib/gcc/arm-none-eabi/9.2.1/../../../../arm-none-eabi/lib/thumb/v7-m/nofp/libcr_c.a(__weak__main.o)

.debug_frame    0x0000000000000000      0x8e0
 .debug_frame   0x0000000000000000       0x5c ./src/PR/PR_Botones.o
 .debug_frame   0x000000000000005c       0xcc ./src/PR/PR_Serial.o
 .debug_frame   0x0000000000000128      0x148 ./src/PR/PR_Timers.o
 .debug_frame   0x0000000000000270       0xc0 ./src/DR/DR_ADC.o
 .debug_frame   0x0000000000000330      0x104 ./src/DR/DR_GPIO.o
 .debug_frame   0x0000000000000434       0x30 ./src/DR/DR_PLL.o
 .debug_frame   0x0000000000000464       0x58 ./src/DR/DR_PWM.o
 .debug_frame   0x00000000000004bc       0x38 ./src/DR/DR_Pinsel.o
 .debug_frame   0x00000000000004f4      0x188 ./src/DR/DR_Serial.o
 .debug_frame   0x000000000000067c       0xa8 ./src/DR/DR_Systick.o
 .debug_frame   0x0000000000000724       0x4c ./src/TPI_V0.o
 .debug_frame   0x0000000000000770      0x170 ./src/cr_startup_lpc175x_6x.o

Cross Reference Table

Symbol                                            File
ADC_IRQHandler                                    ./src/DR/DR_ADC.o
ADC_changeChannel                                 ./src/DR/DR_ADC.o
ADC_getVal                                        ./src/DR/DR_ADC.o
                                                  ./src/TPI_V0.o
ADC_inUse                                         ./src/DR/DR_Systick.o
ADC_startConvertion                               ./src/DR/DR_ADC.o
                                                  ./src/DR/DR_Systick.o
BOD_IRQHandler                                    ./src/cr_startup_lpc175x_6x.o
BusFault_Handler                                  ./src/cr_startup_lpc175x_6x.o
CANActivity_IRQHandler                            ./src/cr_startup_lpc175x_6x.o
CAN_IRQHandler                                    ./src/cr_startup_lpc175x_6x.o
DMA_IRQHandler                                    ./src/cr_startup_lpc175x_6x.o
DebugMon_Handler                                  ./src/cr_startup_lpc175x_6x.o
EINT0_IRQHandler                                  ./src/cr_startup_lpc175x_6x.o
EINT1_IRQHandler                                  ./src/cr_startup_lpc175x_6x.o
EINT2_IRQHandler                                  ./src/cr_startup_lpc175x_6x.o
EINT3_IRQHandler                                  ./src/cr_startup_lpc175x_6x.o
ENET_IRQHandler                                   ./src/cr_startup_lpc175x_6x.o
HardFault_Handler                                 ./src/cr_startup_lpc175x_6x.o
I2C0_IRQHandler                                   ./src/cr_startup_lpc175x_6x.o
I2C1_IRQHandler                                   ./src/cr_startup_lpc175x_6x.o
I2C2_IRQHandler                                   ./src/cr_startup_lpc175x_6x.o
I2S_IRQHandler                                    ./src/cr_startup_lpc175x_6x.o
InicializarADC_DR                                 ./src/DR/DR_ADC.o
                                                  ./src/TPI_V0.o
InicializarPLL                                    ./src/DR/DR_PLL.o
                                                  ./src/TPI_V0.o
InicializarPWM                                    ./src/DR/DR_PWM.o
                                                  ./src/TPI_V0.o
InicializarSerial                                 ./src/PR/PR_Serial.o
                                                  ./src/TPI_V0.o
InicializarSystick                                ./src/DR/DR_Systick.o
                                                  ./src/TPI_V0.o
InicializarUART0_DR                               ./src/DR/DR_Serial.o
                                                  ./src/PR/PR_Serial.o
InicializarUART3_DR                               ./src/DR/DR_Serial.o
                                                  ./src/PR/PR_Serial.o
InputBuff                                         ./src/PR/PR_Botones.o
IntDefaultHandler                                 ./src/cr_startup_lpc175x_6x.o
MCPWM_IRQHandler                                  ./src/cr_startup_lpc175x_6x.o
MemManage_Handler                                 ./src/cr_startup_lpc175x_6x.o
NMI_Handler                                       ./src/cr_startup_lpc175x_6x.o
PLL0_IRQHandler                                   ./src/cr_startup_lpc175x_6x.o
PLL1_IRQHandler                                   ./src/cr_startup_lpc175x_6x.o
PWM1_IRQHandler                                   ./src/cr_startup_lpc175x_6x.o
PWM_setDutyCicle                                  ./src/DR/DR_PWM.o
                                                  ./src/TPI_V0.o
PendSV_Handler                                    ./src/cr_startup_lpc175x_6x.o
QEI_IRQHandler                                    ./src/cr_startup_lpc175x_6x.o
RIT_IRQHandler                                    ./src/cr_startup_lpc175x_6x.o
RTC_IRQHandler                                    ./src/cr_startup_lpc175x_6x.o
ReadInputs                                        ./src/PR/PR_Botones.o
                                                  ./src/TPI_V0.o
ResetISR                                          ./src/cr_startup_lpc175x_6x.o
SPI_IRQHandler                                    ./src/cr_startup_lpc175x_6x.o
SSP0_IRQHandler                                   ./src/cr_startup_lpc175x_6x.o
SSP1_IRQHandler                                   ./src/cr_startup_lpc175x_6x.o
SVC_Handler                                       ./src/cr_startup_lpc175x_6x.o
SysTick_Handler                                   ./src/DR/DR_Systick.o
TIMER0_IRQHandler                                 ./src/cr_startup_lpc175x_6x.o
TIMER1_IRQHandler                                 ./src/cr_startup_lpc175x_6x.o
TIMER2_IRQHandler                                 ./src/cr_startup_lpc175x_6x.o
TIMER3_IRQHandler                                 ./src/cr_startup_lpc175x_6x.o
TimerClose                                        ./src/PR/PR_Timers.o
TimerDiscount                                     ./src/PR/PR_Timers.o
                                                  ./src/DR/DR_Systick.o
TimerGet                                          ./src/PR/PR_Timers.o
TimerLunchEvent                                   ./src/PR/PR_Timers.o
                                                  ./src/TPI_V0.o
TimerPause                                        ./src/PR/PR_Timers.o
TimerSet                                          ./src/PR/PR_Timers.o
TimerStart                                        ./src/PR/PR_Timers.o
                                                  ./src/TPI_V0.o
TimerStop                                         ./src/PR/PR_Timers.o
TmrBase                                           ./src/PR/PR_Timers.o
TmrFlags                                          ./src/PR/PR_Timers.o
TmrFunciones                                      ./src/PR/PR_Timers.o
TmrPause                                          ./src/PR/PR_Timers.o
TmrRun                                            ./src/PR/PR_Timers.o
UART0_IRQHandler                                  ./src/DR/DR_Serial.o
UART0_forceTX                                     ./src/DR/DR_Serial.o
                                                  ./src/PR/PR_Serial.o
UART0_popRX                                       ./src/PR/PR_Serial.o
                                                  ./src/TPI_V0.o
UART0_popTX                                       ./src/DR/DR_Serial.o
UART0_pushRX                                      ./src/DR/DR_Serial.o
UART0_pushTX                                      ./src/PR/PR_Serial.o
                                                  ./src/TPI_V0.o
UART0_rx_buff                                     ./src/DR/DR_Serial.o
                                                  ./src/PR/PR_Serial.o
UART0_rx_in                                       ./src/DR/DR_Serial.o
                                                  ./src/PR/PR_Serial.o
UART0_rx_out                                      ./src/DR/DR_Serial.o
                                                  ./src/PR/PR_Serial.o
UART0_tx_buff                                     ./src/DR/DR_Serial.o
                                                  ./src/PR/PR_Serial.o
UART0_tx_flag                                     ./src/DR/DR_Serial.o
                                                  ./src/PR/PR_Serial.o
UART0_tx_in                                       ./src/DR/DR_Serial.o
                                                  ./src/PR/PR_Serial.o
UART0_tx_out                                      ./src/DR/DR_Serial.o
UART1_IRQHandler                                  ./src/cr_startup_lpc175x_6x.o
UART2_IRQHandler                                  ./src/cr_startup_lpc175x_6x.o
UART3_IRQHandler                                  ./src/DR/DR_Serial.o
UART3_forceTX                                     ./src/DR/DR_Serial.o
                                                  ./src/PR/PR_Serial.o
UART3_popRX                                       ./src/PR/PR_Serial.o
UART3_popTX                                       ./src/DR/DR_Serial.o
UART3_pushRX                                      ./src/DR/DR_Serial.o
UART3_pushTX                                      ./src/PR/PR_Serial.o
UART3_rx_buff                                     ./src/DR/DR_Serial.o
                                                  ./src/PR/PR_Serial.o
UART3_rx_in                                       ./src/DR/DR_Serial.o
                                                  ./src/PR/PR_Serial.o
UART3_rx_out                                      ./src/DR/DR_Serial.o
                                                  ./src/PR/PR_Serial.o
UART3_tx_buff                                     ./src/DR/DR_Serial.o
                                                  ./src/PR/PR_Serial.o
UART3_tx_flag                                     ./src/DR/DR_Serial.o
                                                  ./src/PR/PR_Serial.o
UART3_tx_in                                       ./src/DR/DR_Serial.o
                                                  ./src/PR/PR_Serial.o
UART3_tx_out                                      ./src/DR/DR_Serial.o
USBActivity_IRQHandler                            ./src/cr_startup_lpc175x_6x.o
USB_IRQHandler                                    ./src/cr_startup_lpc175x_6x.o
UsageFault_Handler                                ./src/cr_startup_lpc175x_6x.o
WDT_IRQHandler                                    ./src/cr_startup_lpc175x_6x.o
__bss_section_table_end                           ./src/cr_startup_lpc175x_6x.o
__data_section_table                              ./src/cr_startup_lpc175x_6x.o
__data_section_table_end                          ./src/cr_startup_lpc175x_6x.o
__main                                            /usr/local/mcuxpressoide-11.2.0_4120/ide/plugins/com.nxp.mcuxpresso.tools.linux_11.2.0.202001021529/tools/bin/../lib/gcc/arm-none-eabi/9.2.1/../../../../arm-none-eabi/lib/thumb/v7-m/nofp/libcr_c.a(__weak__main.o)
                                                  ./src/cr_startup_lpc175x_6x.o
__valid_user_code_checksum                        ./src/cr_startup_lpc175x_6x.o
__weak_main                                       /usr/local/mcuxpressoide-11.2.0_4120/ide/plugins/com.nxp.mcuxpresso.tools.linux_11.2.0.202001021529/tools/bin/../lib/gcc/arm-none-eabi/9.2.1/../../../../arm-none-eabi/lib/thumb/v7-m/nofp/libcr_c.a(__weak__main.o)
_vStackTop                                        ./src/cr_startup_lpc175x_6x.o
bss_init                                          ./src/cr_startup_lpc175x_6x.o
data_init                                         ./src/cr_startup_lpc175x_6x.o
func                                              ./src/TPI_V0.o
g_pfnVectors                                      ./src/cr_startup_lpc175x_6x.o
getBtn                                            ./src/PR/PR_Botones.o
                                                  ./src/TPI_V0.o
getPin                                            ./src/DR/DR_GPIO.o
                                                  ./src/PR/PR_Botones.o
getPin_raw                                        ./src/DR/DR_GPIO.o
get_ticks                                         ./src/DR/DR_Systick.o
main                                              ./src/TPI_V0.o
                                                  /usr/local/mcuxpressoide-11.2.0_4120/ide/plugins/com.nxp.mcuxpresso.tools.linux_11.2.0.202001021529/tools/bin/../lib/gcc/arm-none-eabi/9.2.1/../../../../arm-none-eabi/lib/thumb/v7-m/nofp/libcr_c.a(__weak__main.o)
reset_ticks                                       ./src/DR/DR_Systick.o
scheduler_run                                     ./src/DR/DR_Systick.o
setDir                                            ./src/DR/DR_GPIO.o
                                                  ./src/TPI_V0.o
setPin                                            ./src/DR/DR_GPIO.o
                                                  ./src/TPI_V0.o
setPinmode                                        ./src/DR/DR_GPIO.o
                                                  ./src/TPI_V0.o
setPinmode_OP                                     ./src/DR/DR_GPIO.o
setPinsel                                         ./src/DR/DR_Pinsel.o
                                                  ./src/TPI_V0.o
                                                  ./src/PR/PR_Serial.o
state                                             ./src/TPI_V0.o
