Archive member included to satisfy reference by file (symbol)

/usr/local/mcuxpressoide-11.2.0_4120/ide/plugins/com.nxp.mcuxpresso.tools.linux_11.2.0.202001021529/tools/bin/../lib/gcc/arm-none-eabi/9.2.1/../../../../arm-none-eabi/lib/thumb/v7-m/nofp/libcr_c.a(__weak__main.o)
                              ./src/cr_startup_lpc175x_6x.o (__main)
/usr/local/mcuxpressoide-11.2.0_4120/ide/plugins/com.nxp.mcuxpresso.tools.linux_11.2.0.202001021529/tools/bin/../lib/gcc/arm-none-eabi/9.2.1/thumb/v7-m/nofp/libcr_eabihelpers.a(double.o)
                              ./src/AP/AP_Ultrasonido.o (__aeabi_ddiv)
/usr/local/mcuxpressoide-11.2.0_4120/ide/plugins/com.nxp.mcuxpresso.tools.linux_11.2.0.202001021529/tools/bin/../lib/gcc/arm-none-eabi/9.2.1/thumb/v7-m/nofp/libcr_eabihelpers.a(float.o)
                              ./src/AP/AP_Ultrasonido.o (__aeabi_fmul)

Discarded input sections

 .group         0x0000000000000000        0xc ./src/PR/PR_ADC.o
 .group         0x0000000000000000        0xc ./src/PR/PR_ADC.o
 .group         0x0000000000000000        0xc ./src/PR/PR_ADC.o
 .group         0x0000000000000000        0xc ./src/PR/PR_ADC.o
 .group         0x0000000000000000        0xc ./src/PR/PR_ADC.o
 .text          0x0000000000000000        0x0 ./src/PR/PR_ADC.o
 .data          0x0000000000000000        0x0 ./src/PR/PR_ADC.o
 .bss           0x0000000000000000        0x0 ./src/PR/PR_ADC.o
 .text.InicializarADC
                0x0000000000000000       0x20 ./src/PR/PR_ADC.o
 .text.getADC   0x0000000000000000       0x24 ./src/PR/PR_ADC.o
 .text.ADC_cleanBuff
                0x0000000000000000       0x1c ./src/PR/PR_ADC.o
 .group         0x0000000000000000        0xc ./src/PR/PR_BMP280.o
 .group         0x0000000000000000        0xc ./src/PR/PR_BMP280.o
 .group         0x0000000000000000        0xc ./src/PR/PR_BMP280.o
 .group         0x0000000000000000        0xc ./src/PR/PR_BMP280.o
 .group         0x0000000000000000        0xc ./src/PR/PR_BMP280.o
 .group         0x0000000000000000        0xc ./src/PR/PR_BMP280.o
 .group         0x0000000000000000        0xc ./src/PR/PR_BMP280.o
 .group         0x0000000000000000        0xc ./src/PR/PR_BMP280.o
 .text          0x0000000000000000        0x0 ./src/PR/PR_BMP280.o
 .data          0x0000000000000000        0x0 ./src/PR/PR_BMP280.o
 .bss           0x0000000000000000        0x0 ./src/PR/PR_BMP280.o
 .debug_macro   0x0000000000000000      0xaa8 ./src/PR/PR_BMP280.o
 .debug_macro   0x0000000000000000      0x1ea ./src/PR/PR_BMP280.o
 .debug_macro   0x0000000000000000       0x34 ./src/PR/PR_BMP280.o
 .group         0x0000000000000000        0xc ./src/PR/PR_Botones.o
 .group         0x0000000000000000        0xc ./src/PR/PR_Botones.o
 .group         0x0000000000000000        0xc ./src/PR/PR_Botones.o
 .group         0x0000000000000000        0xc ./src/PR/PR_Botones.o
 .text          0x0000000000000000        0x0 ./src/PR/PR_Botones.o
 .data          0x0000000000000000        0x0 ./src/PR/PR_Botones.o
 .bss           0x0000000000000000        0x0 ./src/PR/PR_Botones.o
 .debug_macro   0x0000000000000000      0xaa8 ./src/PR/PR_Botones.o
 .debug_macro   0x0000000000000000      0x1ea ./src/PR/PR_Botones.o
 .debug_macro   0x0000000000000000       0x34 ./src/PR/PR_Botones.o
 .group         0x0000000000000000        0xc ./src/PR/PR_I2C.o
 .group         0x0000000000000000        0xc ./src/PR/PR_I2C.o
 .group         0x0000000000000000        0xc ./src/PR/PR_I2C.o
 .group         0x0000000000000000        0xc ./src/PR/PR_I2C.o
 .group         0x0000000000000000        0xc ./src/PR/PR_I2C.o
 .group         0x0000000000000000        0xc ./src/PR/PR_I2C.o
 .group         0x0000000000000000        0xc ./src/PR/PR_I2C.o
 .text          0x0000000000000000        0x0 ./src/PR/PR_I2C.o
 .data          0x0000000000000000        0x0 ./src/PR/PR_I2C.o
 .bss           0x0000000000000000        0x0 ./src/PR/PR_I2C.o
 .debug_macro   0x0000000000000000      0xaa8 ./src/PR/PR_I2C.o
 .debug_macro   0x0000000000000000      0x1ea ./src/PR/PR_I2C.o
 .debug_macro   0x0000000000000000       0x34 ./src/PR/PR_I2C.o
 .debug_macro   0x0000000000000000      0x1a8 ./src/PR/PR_I2C.o
 .debug_macro   0x0000000000000000       0x22 ./src/PR/PR_I2C.o
 .debug_macro   0x0000000000000000       0x5e ./src/PR/PR_I2C.o
 .group         0x0000000000000000        0xc ./src/PR/PR_IntTime.o
 .group         0x0000000000000000        0xc ./src/PR/PR_IntTime.o
 .group         0x0000000000000000        0xc ./src/PR/PR_IntTime.o
 .group         0x0000000000000000        0xc ./src/PR/PR_IntTime.o
 .group         0x0000000000000000        0xc ./src/PR/PR_IntTime.o
 .group         0x0000000000000000        0xc ./src/PR/PR_IntTime.o
 .group         0x0000000000000000        0xc ./src/PR/PR_IntTime.o
 .text          0x0000000000000000        0x0 ./src/PR/PR_IntTime.o
 .data          0x0000000000000000        0x0 ./src/PR/PR_IntTime.o
 .bss           0x0000000000000000        0x0 ./src/PR/PR_IntTime.o
 .text.InicializarIntTime
[...]
Memory Configuration

Name             Origin             Length             Attributes
MFlash512        0x0000000000000000 0x0000000000080000 xr
RamLoc32         0x0000000010000000 0x0000000000008000 xrw
RamAHB32         0x000000002007c000 0x0000000000008000 xrw
*default*        0x0000000000000000 0xffffffffffffffff

Linker script and memory map

LOAD ./src/PR/PR_ADC.o
LOAD ./src/PR/PR_BMP280.o
LOAD ./src/PR/PR_Botones.o
LOAD ./src/PR/PR_I2C.o
LOAD ./src/PR/PR_IntTime.o
LOAD ./src/PR/PR_Motores.o
LOAD ./src/PR/PR_PWM.o
LOAD ./src/PR/PR_RGB.o
LOAD ./src/PR/PR_Relays.o
LOAD ./src/PR/PR_Serial.o
LOAD ./src/PR/PR_Timers.o
LOAD ./src/DR/DR_ADC.o
LOAD ./src/DR/DR_Botones.o
LOAD ./src/DR/DR_ExtInt.o
LOAD ./src/DR/DR_GPIO.o
LOAD ./src/DR/DR_I2C.o
LOAD ./src/DR/DR_PLL.o
LOAD ./src/DR/DR_PWM.o
LOAD ./src/DR/DR_Pinsel.o
LOAD ./src/DR/DR_Serial.o
LOAD ./src/DR/DR_Systick.o
LOAD ./src/DR/DR_Timer0.o
LOAD ./src/AP/AP_Ultrasonido.o
LOAD ./src/TPI_V0.o
LOAD ./src/cr_startup_lpc175x_6x.o
START GROUP
LOAD /usr/local/mcuxpressoide-11.2.0_4120/ide/plugins/com.nxp.mcuxpresso.tools.linux_11.2.0.202001021529/tools/bin/../lib/gcc/arm-none-eabi/9.2.1/../../../../arm-none-eabi/lib/thumb/v7-m/nofp/libcr_c.a
LOAD /usr/local/mcuxpressoide-11.2.0_4120/ide/plugins/com.nxp.mcuxpresso.tools.linux_11.2.0.202001021529/tools/bin/../lib/gcc/arm-none-eabi/9.2.1/thumb/v7-m/nofp/libcr_eabihelpers.a
LOAD /usr/local/mcuxpressoide-11.2.0_4120/ide/plugins/com.nxp.mcuxpresso.tools.linux_11.2.0.202001021529/tools/bin/../lib/gcc/arm-none-eabi/9.2.1/thumb/v7-m/nofp/libgcc.a
END GROUP
                0x0000000000000000                __base_MFlash512 = 0x0
                0x0000000000000000                __base_Flash = 0x0
                0x0000000000080000                __top_MFlash512 = 0x80000
                0x0000000000080000                __top_Flash = 0x80000
                0x0000000010000000                __base_RamLoc32 = 0x10000000
                0x0000000010000000                __base_RAM = 0x10000000
                0x0000000010008000                __top_RamLoc32 = 0x10008000
                0x0000000010008000                __top_RAM = 0x10008000
                0x000000002007c000                __base_RamAHB32 = 0x2007c000
                0x000000002007c000                __base_RAM2 = 0x2007c000
                0x0000000020084000                __top_RamAHB32 = 0x20084000
                0x0000000020084000                __top_RAM2 = 0x20084000

.text           0x0000000000000000     0x2120
 FILL mask 0xff
                0x0000000000000000                __vectors_start__ = ABSOLUTE (.)
 *(.isr_vector)
 .isr_vector    0x0000000000000000       0xcc ./src/cr_startup_lpc175x_6x.o
                0x0000000000000000                g_pfnVectors
                0x00000000000000cc                . = ALIGN (0x4)
                0x00000000000000cc                __section_table_start = .
                0x00000000000000cc                __data_section_table = .
                0x00000000000000cc        0x4 LONG 0x2120 LOADADDR (.data)
                0x00000000000000d0        0x4 LONG 0x10000000 ADDR (.data)
                0x00000000000000d4        0x4 LONG 0x0 SIZEOF (.data)
                0x00000000000000d8        0x4 LONG 0x2120 LOADADDR (.data_RAM2)
                0x00000000000000dc        0x4 LONG 0x2007c000 ADDR (.data_RAM2)
                0x00000000000000e0        0x4 LONG 0x0 SIZEOF (.data_RAM2)
                0x00000000000000e4                __data_section_table_end = .
                0x00000000000000e4                __bss_section_table = .
                0x00000000000000e4        0x4 LONG 0x10000000 ADDR (.bss)
                0x00000000000000e8        0x4 LONG 0x460 SIZEOF (.bss)
                0x00000000000000ec        0x4 LONG 0x2007c000 ADDR (.bss_RAM2)
                0x00000000000000f0        0x4 LONG 0x0 SIZEOF (.bss_RAM2)
                0x00000000000000f4                __bss_section_table_end = .
                0x00000000000000f4                __section_table_end = .
 *(.after_vectors*)
 .after_vectors
                0x00000000000000f4      0x12c ./src/cr_startup_lpc175x_6x.o
                0x00000000000000f4                data_init
                0x0000000000000138                bss_init
                0x0000000000000170                ResetISR
                0x00000000000001e4                NMI_Handler
                0x00000000000001ea                HardFault_Handler
                0x00000000000001f0                MemManage_Handler
                0x00000000000001f6                BusFault_Handler
                0x00000000000001fc                UsageFault_Handler
                0x0000000000000202                SVC_Handler
                0x0000000000000208                DebugMon_Handler
                0x000000000000020e                PendSV_Handler
                0x000000000000021a                TIMER2_IRQHandler
                0x000000000000021a                RIT_IRQHandler
                0x000000000000021a                I2C0_IRQHandler
                0x000000000000021a                USBActivity_IRQHandler
                0x000000000000021a                PWM1_IRQHandler
                0x000000000000021a                EINT3_IRQHandler
                0x000000000000021a                CANActivity_IRQHandler
                0x000000000000021a                TIMER3_IRQHandler
                0x000000000000021a                IntDefaultHandler
                0x000000000000021a                PLL0_IRQHandler
                0x000000000000021a                CAN_IRQHandler
                0x000000000000021a                PLL1_IRQHandler
                0x000000000000021a                SSP0_IRQHandler
                0x000000000000021a                I2S_IRQHandler
                0x000000000000021a                I2C2_IRQHandler
                0x000000000000021a                RTC_IRQHandler
                0x000000000000021a                SPI_IRQHandler
                0x000000000000021a                EINT1_IRQHandler
                0x000000000000021a                TIMER1_IRQHandler
                0x000000000000021a                UART2_IRQHandler
                0x000000000000021a                SSP1_IRQHandler
                0x000000000000021a                USB_IRQHandler
                0x000000000000021a                BOD_IRQHandler
                0x000000000000021a                WDT_IRQHandler
                0x000000000000021a                QEI_IRQHandler
                0x000000000000021a                EINT0_IRQHandler
                0x000000000000021a                DMA_IRQHandler
                0x000000000000021a                UART3_IRQHandler
                0x000000000000021a                MCPWM_IRQHandler
                0x000000000000021a                ENET_IRQHandler
 *(.text*)
 .text.ADC_run  0x0000000000000220       0x20 ./src/PR/PR_ADC.o
                0x0000000000000220                ADC_run
 .text.InicializarBMP280
                0x0000000000000240       0x68 ./src/PR/PR_BMP280.o
                0x0000000000000240                InicializarBMP280
 .text.BMP280_getData
                0x00000000000002a8       0x60 ./src/PR/PR_BMP280.o
                0x00000000000002a8                BMP280_getData
 .text.getBMP280_temp
                0x0000000000000308       0x18 ./src/PR/PR_BMP280.o
                0x0000000000000308                getBMP280_temp
 .text.getBMP280_pres
                0x0000000000000320       0x18 ./src/PR/PR_BMP280.o
                0x0000000000000320                getBMP280_pres
 .text.bmp280_get_uncomp_data
                0x0000000000000338       0x60 ./src/PR/PR_BMP280.o
                0x0000000000000338                bmp280_get_uncomp_data
 .text.get_comp_temp
                0x0000000000000398       0xb4 ./src/PR/PR_BMP280.o
                0x0000000000000398                get_comp_temp
 .text.get_comp_pres
                0x000000000000044c      0x1d8 ./src/PR/PR_BMP280.o
                0x000000000000044c                get_comp_pres
 .text.set_calib_param
                0x0000000000000624      0x120 ./src/PR/PR_BMP280.o
                0x0000000000000624                set_calib_param
 .text.InicializarBotones
                0x0000000000000744       0x6c ./src/PR/PR_Botones.o
                0x0000000000000744                InicializarBotones
 .text.getBtn   0x00000000000007b0       0x54 ./src/PR/PR_Botones.o
                0x00000000000007b0                getBtn
 .text.InicializarI2C
                0x0000000000000804       0x48 ./src/PR/PR_I2C.o
                0x0000000000000804                InicializarI2C
 .text.I2C_beginTransmition
                0x000000000000084c       0x38 ./src/PR/PR_I2C.o
                0x000000000000084c                I2C_beginTransmition
 .text.I2C_put  0x0000000000000884       0x30 ./src/PR/PR_I2C.o
                0x0000000000000884                I2C_put
 .text.I2C_get  0x00000000000008b4       0x20 ./src/PR/PR_I2C.o
                0x00000000000008b4                I2C_get
 .text.I2C_endTransmition
                0x00000000000008d4       0x18 ./src/PR/PR_I2C.o
                0x00000000000008d4                I2C_endTransmition
 .text.I2C_getData
                0x00000000000008ec       0x48 ./src/PR/PR_I2C.o
                0x00000000000008ec                I2C_getData
 .text.InicializarPWM
                0x0000000000000934       0x20 ./src/PR/PR_PWM.o
                0x0000000000000934                InicializarPWM
 .text.InicializarRGB
                0x0000000000000954       0x62 ./src/PR/PR_RGB.o
                0x0000000000000954                InicializarRGB
 .text.toggleRGB_r
                0x00000000000009b6       0x26 ./src/PR/PR_RGB.o
                0x00000000000009b6                toggleRGB_r
 .text.InicializarRelays
                0x00000000000009dc       0x80 ./src/PR/PR_Relays.o
                0x00000000000009dc                InicializarRelays
 .text.setRelay
                0x0000000000000a5c       0x6c ./src/PR/PR_Relays.o
                0x0000000000000a5c                setRelay
 .text.InicializarSerial0
                0x0000000000000ac8       0x20 ./src/PR/PR_Serial.o
                0x0000000000000ac8                InicializarSerial0
 .text.InicializarSerial1
                0x0000000000000ae8       0x20 ./src/PR/PR_Serial.o
                0x0000000000000ae8                InicializarSerial1
 .text.UART1_pushTX
                0x0000000000000b08       0x58 ./src/PR/PR_Serial.o
                0x0000000000000b08                UART1_pushTX
 .text.UART1_SendString
                0x0000000000000b60       0x4e ./src/PR/PR_Serial.o
                0x0000000000000b60                UART1_SendString
 *fill*         0x0000000000000bae        0x2 ff
 .text.TimerStart
                0x0000000000000bb0       0x9c ./src/PR/PR_Timers.o
                0x0000000000000bb0                TimerStart
 .text.TimerDiscount
                0x0000000000000c4c       0x6c ./src/PR/PR_Timers.o
                0x0000000000000c4c                TimerDiscount
 .text.Timers_run
                0x0000000000000cb8       0x48 ./src/PR/PR_Timers.o
                0x0000000000000cb8                Timers_run
 .text.ADC_IRQHandler
                0x0000000000000d00      0x114 ./src/DR/DR_ADC.o
                0x0000000000000d00                ADC_IRQHandler
 .text.ADC_startConvertion
                0x0000000000000e14       0x24 ./src/DR/DR_ADC.o
                0x0000000000000e14                ADC_startConvertion
 .text.TecladoHW
                0x0000000000000e38       0x6e ./src/DR/DR_Botones.o
                0x0000000000000e38                TecladoHW
 *fill*         0x0000000000000ea6        0x2 ff
 .text.TecladoSW
                0x0000000000000ea8       0xa8 ./src/DR/DR_Botones.o
                0x0000000000000ea8                TecladoSW
 .text.InicializarEINT_DR
                0x0000000000000f50       0x4c ./src/DR/DR_ExtInt.o
                0x0000000000000f50                InicializarEINT_DR
 .text.EINT2_IRQHandler
                0x0000000000000f9c       0x70 ./src/DR/DR_ExtInt.o
                0x0000000000000f9c                EINT2_IRQHandler
 .text.setPinmode
                0x000000000000100c       0x94 ./src/DR/DR_GPIO.o
                0x000000000000100c                setPinmode
 .text.setPinmode_OD
                0x00000000000010a0       0x64 ./src/DR/DR_GPIO.o
                0x00000000000010a0                setPinmode_OD
 .text.setDir   0x0000000000001104       0x76 ./src/DR/DR_GPIO.o
                0x0000000000001104                setDir
 *fill*         0x000000000000117a        0x2 ff
 .text.setPin   0x000000000000117c       0xe8 ./src/DR/DR_GPIO.o
                0x000000000000117c                setPin
 .text.getPin   0x0000000000001264       0x4e ./src/DR/DR_GPIO.o
                0x0000000000001264                getPin
 .text.getPin_raw
                0x00000000000012b2       0x36 ./src/DR/DR_GPIO.o
                0x00000000000012b2                getPin_raw
 .text.InicializarI2C_DR
                0x00000000000012e8       0x58 ./src/DR/DR_I2C.o
                0x00000000000012e8                InicializarI2C_DR
 .text.I2C1_IRQHandler
                0x0000000000001340      0x304 ./src/DR/DR_I2C.o
                0x0000000000001340                I2C1_IRQHandler
 .text.I2C1_Stop
                0x0000000000001644       0x2c ./src/DR/DR_I2C.o
                0x0000000000001644                I2C1_Stop
 .text.I2C1_Engine
                0x0000000000001670       0x58 ./src/DR/DR_I2C.o
                0x0000000000001670                I2C1_Engine
 .text.InicializarPLL
                0x00000000000016c8      0x140 ./src/DR/DR_PLL.o
                0x00000000000016c8                InicializarPLL
 .text.InicializarPWM_DR
                0x0000000000001808       0xdc ./src/DR/DR_PWM.o
                0x0000000000001808                InicializarPWM_DR
 .text.PWM_setDutyCicle
                0x00000000000018e4       0x70 ./src/DR/DR_PWM.o
                0x00000000000018e4                PWM_setDutyCicle
 .text.PWM_update
                0x0000000000001954       0x5c ./src/DR/DR_PWM.o
                0x0000000000001954                PWM_update
 .text.setPinsel
                0x00000000000019b0       0xa4 ./src/DR/DR_Pinsel.o
                0x00000000000019b0                setPinsel
 .text.InicializarUART0_DR
                0x0000000000001a54       0x90 ./src/DR/DR_Serial.o
                0x0000000000001a54                InicializarUART0_DR
 .text.UART0_pushRX
                0x0000000000001ae4       0x40 ./src/DR/DR_Serial.o
                0x0000000000001ae4                UART0_pushRX
 .text.UART0_popTX
                0x0000000000001b24       0x60 ./src/DR/DR_Serial.o
                0x0000000000001b24                UART0_popTX
 .text.UART0_forceTX
                0x0000000000001b84       0x28 ./src/DR/DR_Serial.o
                0x0000000000001b84                UART0_forceTX
 .text.UART0_IRQHandler
                0x0000000000001bac       0xa0 ./src/DR/DR_Serial.o
                0x0000000000001bac                UART0_IRQHandler
 .text.InicializarUART1_DR
                0x0000000000001c4c       0x90 ./src/DR/DR_Serial.o
                0x0000000000001c4c                InicializarUART1_DR
 .text.UART1_pushRX
                0x0000000000001cdc       0x40 ./src/DR/DR_Serial.o
                0x0000000000001cdc                UART1_pushRX
 .text.UART1_popTX
                0x0000000000001d1c       0x60 ./src/DR/DR_Serial.o
                0x0000000000001d1c                UART1_popTX
 .text.UART1_forceTX
                0x0000000000001d7c       0x28 ./src/DR/DR_Serial.o
                0x0000000000001d7c                UART1_forceTX
 .text.UART1_IRQHandler
                0x0000000000001da4       0xa0 ./src/DR/DR_Serial.o
                0x0000000000001da4                UART1_IRQHandler
 .text.InicializarSystick
                0x0000000000001e44       0x40 ./src/DR/DR_Systick.o
                0x0000000000001e44                InicializarSystick
 .text.SysTick_Handler
                0x0000000000001e84       0x1c ./src/DR/DR_Systick.o
                0x0000000000001e84                SysTick_Handler
 .text.scheduler_run
                0x0000000000001ea0       0x74 ./src/DR/DR_Systick.o
                0x0000000000001ea0                scheduler_run
 .text.TIMER0_getTime
                0x0000000000001f14       0x14 ./src/DR/DR_Timer0.o
                0x0000000000001f14                TIMER0_getTime
 .text.TIMER0_rstTime
                0x0000000000001f28       0x18 ./src/DR/DR_Timer0.o
                0x0000000000001f28                TIMER0_rstTime
 .text.TIMER0_IRQHandler
                0x0000000000001f40       0x28 ./src/DR/DR_Timer0.o
                0x0000000000001f40                TIMER0_IRQHandler
 .text.func     0x0000000000001f68       0x1c ./src/TPI_V0.o
                0x0000000000001f68                func
 .text.main     0x0000000000001f84      0x170 ./src/TPI_V0.o
                0x0000000000001f84                main
 .text.__weak_main
                0x00000000000020f4        0x4 /usr/local/mcuxpressoide-11.2.0_4120/ide/plugins/com.nxp.mcuxpresso.tools.linux_11.2.0.202001021529/tools/bin/../lib/gcc/arm-none-eabi/9.2.1/../../../../arm-none-eabi/lib/thumb/v7-m/nofp/libcr_c.a(__weak__main.o)
                0x00000000000020f4                __main
                0x00000000000020f4                __weak_main
 *(.rodata .rodata.* .constdata .constdata.*)
 .rodata.main.str1.4
                0x00000000000020f8       0x26 ./src/TPI_V0.o
                0x0000000000002120                . = ALIGN (0x4)
 *fill*         0x000000000000211e        0x2 ff

.glue_7         0x0000000000002120        0x0
 .glue_7        0x0000000000002120        0x0 linker stubs

.glue_7t        0x0000000000002120        0x0
 .glue_7t       0x0000000000002120        0x0 linker stubs

.vfp11_veneer   0x0000000000002120        0x0
 .vfp11_veneer  0x0000000000002120        0x0 linker stubs

.v4_bx          0x0000000000002120        0x0
 .v4_bx         0x0000000000002120        0x0 linker stubs

.iplt           0x0000000000002120        0x0
 .iplt          0x0000000000002120        0x0 ./src/PR/PR_ADC.o

.rel.dyn        0x0000000000002120        0x0
 .rel.iplt      0x0000000000002120        0x0 ./src/PR/PR_ADC.o

.ARM.extab
 *(.ARM.extab* .gnu.linkonce.armextab.*)

.ARM.exidx      0x0000000000002120        0x0
                0x0000000000002120                __exidx_start = .
 *(.ARM.exidx* .gnu.linkonce.armexidx.*)
                0x0000000000002120                __exidx_end = .
                0x0000000000002120                _etext = .

.data_RAM2      0x000000002007c000        0x0 load address 0x0000000000002120
 FILL mask 0xff
                [!provide]                        PROVIDE (__start_data_RAM2 = .)
                [!provide]                        PROVIDE (__start_data_RamAHB32 = .)
 *(.ramfunc.$RAM2)
 *(.ramfunc.$RamAHB32)
 *(.data.$RAM2)
 *(.data.$RamAHB32)
 *(.data.$RAM2.*)
 *(.data.$RamAHB32.*)
                0x000000002007c000                . = ALIGN (0x4)
                [!provide]                        PROVIDE (__end_data_RAM2 = .)
                [!provide]                        PROVIDE (__end_data_RamAHB32 = .)

.uninit_RESERVED
                0x0000000010000000        0x0
                0x0000000010000000                _start_uninit_RESERVED = .
 *(.bss.$RESERVED*)
                0x0000000010000000                . = ALIGN (0x4)
                0x0000000010000000                _end_uninit_RESERVED = .

.data           0x0000000010000000        0x0 load address 0x0000000000002120
 FILL mask 0xff
                0x0000000010000000                _data = .
                [!provide]                        PROVIDE (__start_data_RAM = .)
                [!provide]                        PROVIDE (__start_data_RamLoc32 = .)
 *(vtable)
 *(.ramfunc*)
 *(CodeQuickAccess)
 *(DataQuickAccess)
 *(RamFunction)
 *(.data*)
                0x0000000010000000                . = ALIGN (0x4)
                0x0000000010000000                _edata = .
                [!provide]                        PROVIDE (__end_data_RAM = .)
                [!provide]                        PROVIDE (__end_data_RamLoc32 = .)

.igot.plt       0x0000000010000000        0x0 load address 0x0000000000002120
 .igot.plt      0x0000000010000000        0x0 ./src/PR/PR_ADC.o

.bss_RAM2       0x000000002007c000        0x0
                [!provide]                        PROVIDE (__start_bss_RAM2 = .)
                [!provide]                        PROVIDE (__start_bss_RamAHB32 = .)
 *(.bss.$RAM2)
 *(.bss.$RamAHB32)
 *(.bss.$RAM2.*)
 *(.bss.$RamAHB32.*)
                0x000000002007c000                . = ALIGN ((. != 0x0)?0x4:0x1)
                [!provide]                        PROVIDE (__end_bss_RAM2 = .)
                [!provide]                        PROVIDE (__end_bss_RamAHB32 = .)

.bss            0x0000000010000000      0x460
                0x0000000010000000                _bss = .
                [!provide]                        PROVIDE (__start_bss_RAM = .)
                [!provide]                        PROVIDE (__start_bss_RamLoc32 = .)
 *(.bss*)
 .bss.dev       0x0000000010000000       0x34 ./src/PR/PR_BMP280.o
                0x0000000010000000                dev
 .bss.bmp280_temperature_data
                0x0000000010000034        0x4 ./src/PR/PR_BMP280.o
 .bss.bmp280_pressure_data
                0x0000000010000038        0x4 ./src/PR/PR_BMP280.o
 .bss.sensor_data
                0x000000001000003c        0x6 ./src/PR/PR_BMP280.o
 *fill*         0x0000000010000042        0x2 
 .bss.calib_data
                0x0000000010000044       0x19 ./src/PR/PR_BMP280.o
 .bss.init_falg.3950
                0x000000001000005d        0x1 ./src/PR/PR_BMP280.o
 *fill*         0x000000001000005e        0x2 
 .bss.TmrRun    0x0000000010000060       0x78 ./src/PR/PR_Timers.o
                0x0000000010000060                TmrRun
 .bss.TmrFunciones
                0x00000000100000d8       0x78 ./src/PR/PR_Timers.o
                0x00000000100000d8                TmrFunciones
 .bss.TmrFlags  0x0000000010000150       0x1f ./src/PR/PR_Timers.o
                0x0000000010000150                TmrFlags
 *fill*         0x000000001000016f        0x1 
 .bss.TmrPause  0x0000000010000170       0x1e ./src/PR/PR_Timers.o
                0x0000000010000170                TmrPause
 *fill*         0x000000001000018e        0x2 
 .bss.TmrBase   0x0000000010000190       0x1e ./src/PR/PR_Timers.o
                0x0000000010000190                TmrBase
 *fill*         0x00000000100001ae        0x2 
 .bss.ADC_read_buffer
                0x00000000100001b0       0xc0 ./src/DR/DR_ADC.o
 .bss.ADC_buffer
                0x0000000010000270        0xc ./src/DR/DR_ADC.o
                0x0000000010000270                ADC_buffer
 .bss.ADC_ready
                0x000000001000027c        0x1 ./src/DR/DR_ADC.o
                0x000000001000027c                ADC_ready
 *fill*         0x000000001000027d        0x3 
 .bss.count_n.3736
                0x0000000010000280        0x4 ./src/DR/DR_ADC.o
 .bss.Botones_buff
                0x0000000010000284        0x1 ./src/DR/DR_Botones.o
                0x0000000010000284                Botones_buff
 .bss.prev_code.3691
                0x0000000010000285        0x1 ./src/DR/DR_Botones.o
 .bss.stableState_n.3692
                0x0000000010000286        0x1 ./src/DR/DR_Botones.o
 *fill*         0x0000000010000287        0x1 
 .bss.startTime
                0x0000000010000288        0x4 ./src/DR/DR_ExtInt.o
 .bss.intTime   0x000000001000028c        0x4 ./src/DR/DR_ExtInt.o
                0x000000001000028c                intTime
 .bss.I2C1_State
                0x0000000010000290        0x4 ./src/DR/DR_I2C.o
                0x0000000010000290                I2C1_State
 .bss.I2C1_timeout
                0x0000000010000294        0x4 ./src/DR/DR_I2C.o
                0x0000000010000294                I2C1_timeout
 .bss.I2C1_MasterBuff
                0x0000000010000298       0x40 ./src/DR/DR_I2C.o
                0x0000000010000298                I2C1_MasterBuff
 .bss.I2C1_SlaveBuff
                0x00000000100002d8       0x40 ./src/DR/DR_I2C.o
                0x00000000100002d8                I2C1_SlaveBuff
 .bss.I2C1_ReadLen
                0x0000000010000318        0x4 ./src/DR/DR_I2C.o
                0x0000000010000318                I2C1_ReadLen
 .bss.I2C1_WriteLen
                0x000000001000031c        0x4 ./src/DR/DR_I2C.o
                0x000000001000031c                I2C1_WriteLen
 .bss.I2C1_RdIdx
                0x0000000010000320        0x4 ./src/DR/DR_I2C.o
                0x0000000010000320                I2C1_RdIdx
 .bss.I2C1_WrIdx
                0x0000000010000324        0x4 ./src/DR/DR_I2C.o
                0x0000000010000324                I2C1_WrIdx
 .bss.PWM_buff  0x0000000010000328        0x6 ./src/DR/DR_PWM.o
                0x0000000010000328                PWM_buff
 *fill*         0x000000001000032e        0x2 
 .bss.UART0_rx_buff
                0x0000000010000330       0x40 ./src/DR/DR_Serial.o
                0x0000000010000330                UART0_rx_buff
 .bss.UART0_rx_in
                0x0000000010000370        0x4 ./src/DR/DR_Serial.o
                0x0000000010000370                UART0_rx_in
 .bss.UART0_tx_buff
                0x0000000010000374       0x40 ./src/DR/DR_Serial.o
                0x0000000010000374                UART0_tx_buff
 .bss.UART0_tx_in
                0x00000000100003b4        0x4 ./src/DR/DR_Serial.o
                0x00000000100003b4                UART0_tx_in
 .bss.UART0_tx_out
                0x00000000100003b8        0x4 ./src/DR/DR_Serial.o
                0x00000000100003b8                UART0_tx_out
 .bss.UART0_tx_flag
                0x00000000100003bc        0x1 ./src/DR/DR_Serial.o
                0x00000000100003bc                UART0_tx_flag
 *fill*         0x00000000100003bd        0x3 
 .bss.UART1_rx_buff
                0x00000000100003c0       0x40 ./src/DR/DR_Serial.o
                0x00000000100003c0                UART1_rx_buff
 .bss.UART1_rx_in
                0x0000000010000400        0x4 ./src/DR/DR_Serial.o
                0x0000000010000400                UART1_rx_in
 .bss.UART1_tx_buff
                0x0000000010000404       0x40 ./src/DR/DR_Serial.o
                0x0000000010000404                UART1_tx_buff
 .bss.UART1_tx_in
                0x0000000010000444        0x4 ./src/DR/DR_Serial.o
                0x0000000010000444                UART1_tx_in
 .bss.UART1_tx_out
                0x0000000010000448        0x4 ./src/DR/DR_Serial.o
                0x0000000010000448                UART1_tx_out
 .bss.UART1_tx_flag
                0x000000001000044c        0x1 ./src/DR/DR_Serial.o
                0x000000001000044c                UART1_tx_flag
 *fill*         0x000000001000044d        0x3 
 .bss.systickCounter
                0x0000000010000450        0x4 ./src/DR/DR_Systick.o
 .bss.pwm_counter.3756
                0x0000000010000454        0x4 ./src/DR/DR_Systick.o
 .bss.btn_counter.3757
                0x0000000010000458        0x4 ./src/DR/DR_Systick.o
 .bss.TIM0_count
                0x000000001000045c        0x4 ./src/DR/DR_Timer0.o
                0x000000001000045c                TIM0_count
 *(COMMON)
                0x0000000010000460                . = ALIGN (0x4)
                0x0000000010000460                _ebss = .
                [!provide]                        PROVIDE (__end_bss_RAM = .)
                [!provide]                        PROVIDE (__end_bss_RamLoc32 = .)
                [!provide]                        PROVIDE (end = .)

.noinit_RAM2    0x000000002007c000        0x0
                [!provide]                        PROVIDE (__start_noinit_RAM2 = .)
                [!provide]                        PROVIDE (__start_noinit_RamAHB32 = .)
 *(.noinit.$RAM2)
 *(.noinit.$RamAHB32)
 *(.noinit.$RAM2.*)
 *(.noinit.$RamAHB32.*)
                0x000000002007c000                . = ALIGN (0x4)
                [!provide]                        PROVIDE (__end_noinit_RAM2 = .)
                [!provide]                        PROVIDE (__end_noinit_RamAHB32 = .)

.noinit         0x0000000010000460        0x0
                0x0000000010000460                _noinit = .
                [!provide]                        PROVIDE (__start_noinit_RAM = .)
                [!provide]                        PROVIDE (__start_noinit_RamLoc32 = .)
 *(.noinit*)
                0x0000000010000460                . = ALIGN (0x4)
                0x0000000010000460                _end_noinit = .
                [!provide]                        PROVIDE (__end_noinit_RAM = .)
                [!provide]                        PROVIDE (__end_noinit_RamLoc32 = .)
                [!provide]                        PROVIDE (_pvHeapStart = DEFINED (__user_heap_base)?__user_heap_base:.)
                0x0000000010008000                PROVIDE (_vStackTop = DEFINED (__user_stack_top)?__user_stack_top:(__top_RamLoc32 - 0x0))
                0xffffffffefff74da                PROVIDE (__valid_user_code_checksum = (0x0 - ((((((_vStackTop + (ResetISR + 0x1)) + (NMI_Handler + 0x1)) + (HardFault_Handler + 0x1)) + (DEFINED (MemManage_Handler)?MemManage_Handler:0x0 + 0x1)) + (DEFINED (BusFault_Handler)?BusFault_Handler:0x0 + 0x1)) + (DEFINED (UsageFault_Handler)?UsageFault_Handler:0x0 + 0x1))))
                0x0000000000000000                _image_start = LOADADDR (.text)
                0x0000000000002120                _image_end = (LOADADDR (.data) + SIZEOF (.data))
                0x0000000000002120                _image_size = (_image_end - _image_start)
OUTPUT(TPI_V0.axf elf32-littlearm)

.debug_info     0x0000000000000000     0x39d2
 .debug_info    0x0000000000000000       0xfe ./src/PR/PR_ADC.o
 .debug_info    0x00000000000000fe      0x5b5 ./src/PR/PR_BMP280.o
 .debug_info    0x00000000000006b3       0xba ./src/PR/PR_Botones.o
 .debug_info    0x000000000000076d      0x208 ./src/PR/PR_I2C.o
 .debug_info    0x0000000000000975      0x11e ./src/PR/PR_PWM.o
 .debug_info    0x0000000000000a93      0x158 ./src/PR/PR_RGB.o
 .debug_info    0x0000000000000beb       0xfc ./src/PR/PR_Relays.o
 .debug_info    0x0000000000000ce7      0x26a ./src/PR/PR_Serial.o
 .debug_info    0x0000000000000f51      0x355 ./src/PR/PR_Timers.o
 .debug_info    0x00000000000012a6      0x549 ./src/DR/DR_ADC.o
 .debug_info    0x00000000000017ef      0x112 ./src/DR/DR_Botones.o
 .debug_info    0x0000000000001901      0x142 ./src/DR/DR_ExtInt.o
 .debug_info    0x0000000000001a43      0x27f ./src/DR/DR_GPIO.o
 .debug_info    0x0000000000001cc2      0x2d5 ./src/DR/DR_I2C.o
 .debug_info    0x0000000000001f97       0x72 ./src/DR/DR_PLL.o
 .debug_info    0x0000000000002009      0x55a ./src/DR/DR_PWM.o
 .debug_info    0x0000000000002563       0xac ./src/DR/DR_Pinsel.o
 .debug_info    0x000000000000260f      0x6d6 ./src/DR/DR_Serial.o
 .debug_info    0x0000000000002ce5      0x2c5 ./src/DR/DR_Systick.o
 .debug_info    0x0000000000002faa      0x51b ./src/DR/DR_Timer0.o
 .debug_info    0x00000000000034c5      0x29b ./src/TPI_V0.o
 .debug_info    0x0000000000003760      0x272 ./src/cr_startup_lpc175x_6x.o

.debug_abbrev   0x0000000000000000     0x17b8
 .debug_abbrev  0x0000000000000000       0xc7 ./src/PR/PR_ADC.o
 .debug_abbrev  0x00000000000000c7      0x1f9 ./src/PR/PR_BMP280.o
 .debug_abbrev  0x00000000000002c0       0xb0 ./src/PR/PR_Botones.o
 .debug_abbrev  0x0000000000000370      0x11b ./src/PR/PR_I2C.o
 .debug_abbrev  0x000000000000048b       0xdc ./src/PR/PR_PWM.o
 .debug_abbrev  0x0000000000000567       0xac ./src/PR/PR_RGB.o
 .debug_abbrev  0x0000000000000613       0xbf ./src/PR/PR_Relays.o
 .debug_abbrev  0x00000000000006d2       0xf2 ./src/PR/PR_Serial.o
 .debug_abbrev  0x00000000000007c4      0x15b ./src/PR/PR_Timers.o
 .debug_abbrev  0x000000000000091f      0x134 ./src/DR/DR_ADC.o
 .debug_abbrev  0x0000000000000a53       0xca ./src/DR/DR_Botones.o
 .debug_abbrev  0x0000000000000b1d      0x10a ./src/DR/DR_ExtInt.o
 .debug_abbrev  0x0000000000000c27       0xf7 ./src/DR/DR_GPIO.o
 .debug_abbrev  0x0000000000000d1e      0x143 ./src/DR/DR_I2C.o
 .debug_abbrev  0x0000000000000e61       0x56 ./src/DR/DR_PLL.o
 .debug_abbrev  0x0000000000000eb7      0x166 ./src/DR/DR_PWM.o
 .debug_abbrev  0x000000000000101d       0x78 ./src/DR/DR_Pinsel.o
 .debug_abbrev  0x0000000000001095      0x230 ./src/DR/DR_Serial.o
 .debug_abbrev  0x00000000000012c5      0x162 ./src/DR/DR_Systick.o
 .debug_abbrev  0x0000000000001427      0x165 ./src/DR/DR_Timer0.o
 .debug_abbrev  0x000000000000158c      0x115 ./src/TPI_V0.o
 .debug_abbrev  0x00000000000016a1      0x117 ./src/cr_startup_lpc175x_6x.o

.debug_aranges  0x0000000000000000      0x578
 .debug_aranges
                0x0000000000000000       0x38 ./src/PR/PR_ADC.o
 .debug_aranges
                0x0000000000000038       0x58 ./src/PR/PR_BMP280.o
 .debug_aranges
                0x0000000000000090       0x28 ./src/PR/PR_Botones.o
 .debug_aranges
                0x00000000000000b8       0x48 ./src/PR/PR_I2C.o
 .debug_aranges
                0x0000000000000100       0x38 ./src/PR/PR_PWM.o
 .debug_aranges
                0x0000000000000138       0x58 ./src/PR/PR_RGB.o
 .debug_aranges
                0x0000000000000190       0x30 ./src/PR/PR_Relays.o
 .debug_aranges
                0x00000000000001c0       0x58 ./src/PR/PR_Serial.o
 .debug_aranges
                0x0000000000000218       0x58 ./src/PR/PR_Timers.o
 .debug_aranges
                0x0000000000000270       0x30 ./src/DR/DR_ADC.o
 .debug_aranges
                0x00000000000002a0       0x28 ./src/DR/DR_Botones.o
 .debug_aranges
                0x00000000000002c8       0x30 ./src/DR/DR_ExtInt.o
 .debug_aranges
                0x00000000000002f8       0x48 ./src/DR/DR_GPIO.o
 .debug_aranges
                0x0000000000000340       0x38 ./src/DR/DR_I2C.o
 .debug_aranges
                0x0000000000000378       0x20 ./src/DR/DR_PLL.o
 .debug_aranges
                0x0000000000000398       0x30 ./src/DR/DR_PWM.o
 .debug_aranges
                0x00000000000003c8       0x20 ./src/DR/DR_Pinsel.o
 .debug_aranges
                0x00000000000003e8       0x68 ./src/DR/DR_Serial.o
 .debug_aranges
                0x0000000000000450       0x40 ./src/DR/DR_Systick.o
 .debug_aranges
                0x0000000000000490       0x40 ./src/DR/DR_Timer0.o
 .debug_aranges
                0x00000000000004d0       0x28 ./src/TPI_V0.o
 .debug_aranges
                0x00000000000004f8       0x80 ./src/cr_startup_lpc175x_6x.o

.debug_ranges   0x0000000000000000      0x418
 .debug_ranges  0x0000000000000000       0x28 ./src/PR/PR_ADC.o
 .debug_ranges  0x0000000000000028       0x48 ./src/PR/PR_BMP280.o
 .debug_ranges  0x0000000000000070       0x18 ./src/PR/PR_Botones.o
 .debug_ranges  0x0000000000000088       0x38 ./src/PR/PR_I2C.o
 .debug_ranges  0x00000000000000c0       0x28 ./src/PR/PR_PWM.o
 .debug_ranges  0x00000000000000e8       0x48 ./src/PR/PR_RGB.o
 .debug_ranges  0x0000000000000130       0x20 ./src/PR/PR_Relays.o
 .debug_ranges  0x0000000000000150       0x48 ./src/PR/PR_Serial.o
 .debug_ranges  0x0000000000000198       0x48 ./src/PR/PR_Timers.o
 .debug_ranges  0x00000000000001e0       0x20 ./src/DR/DR_ADC.o
 .debug_ranges  0x0000000000000200       0x18 ./src/DR/DR_Botones.o
 .debug_ranges  0x0000000000000218       0x20 ./src/DR/DR_ExtInt.o
 .debug_ranges  0x0000000000000238       0x38 ./src/DR/DR_GPIO.o
 .debug_ranges  0x0000000000000270       0x28 ./src/DR/DR_I2C.o
 .debug_ranges  0x0000000000000298       0x10 ./src/DR/DR_PLL.o
 .debug_ranges  0x00000000000002a8       0x20 ./src/DR/DR_PWM.o
 .debug_ranges  0x00000000000002c8       0x10 ./src/DR/DR_Pinsel.o
 .debug_ranges  0x00000000000002d8       0x58 ./src/DR/DR_Serial.o
 .debug_ranges  0x0000000000000330       0x30 ./src/DR/DR_Systick.o
 .debug_ranges  0x0000000000000360       0x30 ./src/DR/DR_Timer0.o
 .debug_ranges  0x0000000000000390       0x18 ./src/TPI_V0.o
 .debug_ranges  0x00000000000003a8       0x70 ./src/cr_startup_lpc175x_6x.o

.debug_macro    0x0000000000000000     0x32f8
 .debug_macro   0x0000000000000000       0x59 ./src/PR/PR_ADC.o
 .debug_macro   0x0000000000000059      0xaa8 ./src/PR/PR_ADC.o
 .debug_macro   0x0000000000000b01      0x1ea ./src/PR/PR_ADC.o
 .debug_macro   0x0000000000000ceb       0x34 ./src/PR/PR_ADC.o
 .debug_macro   0x0000000000000d1f      0x1a8 ./src/PR/PR_ADC.o
 .debug_macro   0x0000000000000ec7       0x22 ./src/PR/PR_ADC.o
 .debug_macro   0x0000000000000ee9      0x14e ./src/PR/PR_BMP280.o
 .debug_macro   0x0000000000001037       0x10 ./src/PR/PR_BMP280.o
 .debug_macro   0x0000000000001047      0x12e ./src/PR/PR_BMP280.o
 .debug_macro   0x0000000000001175      0x5b1 ./src/PR/PR_BMP280.o
 .debug_macro   0x0000000000001726       0x16 ./src/PR/PR_BMP280.o
 .debug_macro   0x000000000000173c      0x4a0 ./src/PR/PR_BMP280.o
 .debug_macro   0x0000000000001bdc       0x50 ./src/PR/PR_Botones.o
 .debug_macro   0x0000000000001c2c       0x5e ./src/PR/PR_Botones.o
 .debug_macro   0x0000000000001c8a       0x67 ./src/PR/PR_I2C.o
 .debug_macro   0x0000000000001cf1       0x1c ./src/PR/PR_I2C.o
 .debug_macro   0x0000000000001d0d       0x5f ./src/PR/PR_PWM.o
 .debug_macro   0x0000000000001d6c       0x46 ./src/PR/PR_RGB.o
 .debug_macro   0x0000000000001db2       0x4f ./src/PR/PR_Relays.o
 .debug_macro   0x0000000000001e01       0x55 ./src/PR/PR_Serial.o
 .debug_macro   0x0000000000001e56       0x1c ./src/PR/PR_Serial.o
 .debug_macro   0x0000000000001e72       0x16 ./src/PR/PR_Serial.o
 .debug_macro   0x0000000000001e88       0x42 ./src/PR/PR_Timers.o
 .debug_macro   0x0000000000001eca       0x28 ./src/PR/PR_Timers.o
 .debug_macro   0x0000000000001ef2       0x6d ./src/DR/DR_ADC.o
 .debug_macro   0x0000000000001f5f       0x4c ./src/DR/DR_Botones.o
 .debug_macro   0x0000000000001fab       0xfd ./src/DR/DR_ExtInt.o
 .debug_macro   0x00000000000020a8       0x54 ./src/DR/DR_GPIO.o
 .debug_macro   0x00000000000020fc       0x58 ./src/DR/DR_GPIO.o
 .debug_macro   0x0000000000002154       0x99 ./src/DR/DR_I2C.o
 .debug_macro   0x00000000000021ed      0x1a2 ./src/DR/DR_I2C.o
 .debug_macro   0x000000000000238f       0x42 ./src/DR/DR_PLL.o
 .debug_macro   0x00000000000023d1       0xb5 ./src/DR/DR_PWM.o
 .debug_macro   0x0000000000002486       0x48 ./src/DR/DR_Pinsel.o
 .debug_macro   0x00000000000024ce       0x78 ./src/DR/DR_Serial.o
 .debug_macro   0x0000000000002546       0x10 ./src/DR/DR_Serial.o
 .debug_macro   0x0000000000002556       0x8d ./src/DR/DR_Systick.o
 .debug_macro   0x00000000000025e3       0x2e ./src/DR/DR_Systick.o
 .debug_macro   0x0000000000002611       0x10 ./src/DR/DR_Systick.o
 .debug_macro   0x0000000000002621       0x61 ./src/DR/DR_Timer0.o
 .debug_macro   0x0000000000002682      0x129 ./src/TPI_V0.o
 .debug_macro   0x00000000000027ab       0x82 ./src/TPI_V0.o
 .debug_macro   0x000000000000282d       0x1d ./src/cr_startup_lpc175x_6x.o
 .debug_macro   0x000000000000284a      0xaae ./src/cr_startup_lpc175x_6x.o

.debug_line     0x0000000000000000     0x2dae
 .debug_line    0x0000000000000000      0x158 ./src/PR/PR_ADC.o
 .debug_line    0x0000000000000158      0x571 ./src/PR/PR_BMP280.o
 .debug_line    0x00000000000006c9      0x12f ./src/PR/PR_Botones.o
 .debug_line    0x00000000000007f8      0x1e0 ./src/PR/PR_I2C.o
 .debug_line    0x00000000000009d8      0x170 ./src/PR/PR_PWM.o
 .debug_line    0x0000000000000b48      0x1de ./src/PR/PR_RGB.o
 .debug_line    0x0000000000000d26      0x16b ./src/PR/PR_Relays.o
 .debug_line    0x0000000000000e91      0x23d ./src/PR/PR_Serial.o
 .debug_line    0x00000000000010ce      0x2f3 ./src/PR/PR_Timers.o
 .debug_line    0x00000000000013c1      0x1d8 ./src/DR/DR_ADC.o
 .debug_line    0x0000000000001599      0x178 ./src/DR/DR_Botones.o
 .debug_line    0x0000000000001711      0x179 ./src/DR/DR_ExtInt.o
 .debug_line    0x000000000000188a      0x1e2 ./src/DR/DR_GPIO.o
 .debug_line    0x0000000000001a6c      0x295 ./src/DR/DR_I2C.o
 .debug_line    0x0000000000001d01      0x1d1 ./src/DR/DR_PLL.o
 .debug_line    0x0000000000001ed2      0x19b ./src/DR/DR_PWM.o
 .debug_line    0x000000000000206d       0xe6 ./src/DR/DR_Pinsel.o
 .debug_line    0x0000000000002153      0x307 ./src/DR/DR_Serial.o
 .debug_line    0x000000000000245a      0x1e4 ./src/DR/DR_Systick.o
 .debug_line    0x000000000000263e      0x18b ./src/DR/DR_Timer0.o
 .debug_line    0x00000000000027c9      0x486 ./src/TPI_V0.o
 .debug_line    0x0000000000002c4f      0x15f ./src/cr_startup_lpc175x_6x.o

.debug_str      0x0000000000000000     0x911a
 .debug_str     0x0000000000000000     0x3b03 ./src/PR/PR_ADC.o
                                       0x3b40 (size before relaxing)
 .debug_str     0x0000000000003b03     0x360a ./src/PR/PR_BMP280.o
                                       0x6a51 (size before relaxing)
 .debug_str     0x000000000000710d       0xf9 ./src/PR/PR_Botones.o
                                       0x34d9 (size before relaxing)
 .debug_str     0x0000000000007206      0x1b0 ./src/PR/PR_I2C.o
                                       0x3d31 (size before relaxing)
 .debug_str     0x00000000000073b6       0x72 ./src/PR/PR_PWM.o
                                       0x3b3c (size before relaxing)
 .debug_str     0x0000000000007428       0x7c ./src/PR/PR_RGB.o
                                       0x34ee (size before relaxing)
 .debug_str     0x00000000000074a4       0x6a ./src/PR/PR_Relays.o
                                       0x3523 (size before relaxing)
 .debug_str     0x000000000000750e      0x18f ./src/PR/PR_Serial.o
                                       0x35af (size before relaxing)
 .debug_str     0x000000000000769d      0x127 ./src/PR/PR_Timers.o
                                       0x3505 (size before relaxing)
 .debug_str     0x00000000000077c4      0x264 ./src/DR/DR_ADC.o
                                       0x3da8 (size before relaxing)
 .debug_str     0x0000000000007a28       0x85 ./src/DR/DR_Botones.o
                                       0x351b (size before relaxing)
 .debug_str     0x0000000000007aad      0x3e1 ./src/DR/DR_ExtInt.o
                                       0x3f60 (size before relaxing)
 .debug_str     0x0000000000007e8e       0xfd ./src/DR/DR_GPIO.o
                                       0x358a (size before relaxing)
 .debug_str     0x0000000000007f8b      0x1e8 ./src/DR/DR_I2C.o
                                       0x3dbd (size before relaxing)
 .debug_str     0x0000000000008173       0x22 ./src/DR/DR_PLL.o
                                       0x3aa3 (size before relaxing)
 .debug_str     0x0000000000008195      0x35d ./src/DR/DR_PWM.o
                                       0x3eca (size before relaxing)
 .debug_str     0x00000000000084f2       0x51 ./src/DR/DR_Pinsel.o
                                       0x346e (size before relaxing)
 .debug_str     0x0000000000008543      0x285 ./src/DR/DR_Serial.o
                                       0x3ea6 (size before relaxing)
 .debug_str     0x00000000000087c8      0x12c ./src/DR/DR_Systick.o
                                       0x3d04 (size before relaxing)
 .debug_str     0x00000000000088f4      0x1c9 ./src/DR/DR_Timer0.o
                                       0x3d11 (size before relaxing)
 .debug_str     0x0000000000008abd      0x497 ./src/TPI_V0.o
                                       0x71c5 (size before relaxing)
 .debug_str     0x0000000000008f54      0x1c6 ./src/cr_startup_lpc175x_6x.o
                                       0x2fba (size before relaxing)

.comment        0x0000000000000000       0x79
 .comment       0x0000000000000000       0x79 ./src/PR/PR_ADC.o
                                         0x7a (size before relaxing)
 .comment       0x0000000000000079       0x7a ./src/PR/PR_BMP280.o
 .comment       0x0000000000000079       0x7a ./src/PR/PR_Botones.o
 .comment       0x0000000000000079       0x7a ./src/PR/PR_I2C.o
 .comment       0x0000000000000079       0x7a ./src/PR/PR_PWM.o
 .comment       0x0000000000000079       0x7a ./src/PR/PR_RGB.o
 .comment       0x0000000000000079       0x7a ./src/PR/PR_Relays.o
 .comment       0x0000000000000079       0x7a ./src/PR/PR_Serial.o
 .comment       0x0000000000000079       0x7a ./src/PR/PR_Timers.o
 .comment       0x0000000000000079       0x7a ./src/DR/DR_ADC.o
 .comment       0x0000000000000079       0x7a ./src/DR/DR_Botones.o
 .comment       0x0000000000000079       0x7a ./src/DR/DR_ExtInt.o
 .comment       0x0000000000000079       0x7a ./src/DR/DR_GPIO.o
 .comment       0x0000000000000079       0x7a ./src/DR/DR_I2C.o
 .comment       0x0000000000000079       0x7a ./src/DR/DR_PLL.o
 .comment       0x0000000000000079       0x7a ./src/DR/DR_PWM.o
 .comment       0x0000000000000079       0x7a ./src/DR/DR_Pinsel.o
 .comment       0x0000000000000079       0x7a ./src/DR/DR_Serial.o
 .comment       0x0000000000000079       0x7a ./src/DR/DR_Systick.o
 .comment       0x0000000000000079       0x7a ./src/DR/DR_Timer0.o
 .comment       0x0000000000000079       0x7a ./src/TPI_V0.o
 .comment       0x0000000000000079       0x7a ./src/cr_startup_lpc175x_6x.o
 .comment       0x0000000000000079       0x7a /usr/local/mcuxpressoide-11.2.0_4120/ide/plugins/com.nxp.mcuxpresso.tools.linux_11.2.0.202001021529/tools/bin/../lib/gcc/arm-none-eabi/9.2.1/../../../../arm-none-eabi/lib/thumb/v7-m/nofp/libcr_c.a(__weak__main.o)

.ARM.attributes
                0x0000000000000000       0x2d
 .ARM.attributes
                0x0000000000000000       0x2d ./src/PR/PR_ADC.o
 .ARM.attributes
                0x000000000000002d       0x2d ./src/PR/PR_BMP280.o
 .ARM.attributes
                0x000000000000005a       0x2d ./src/PR/PR_Botones.o
 .ARM.attributes
                0x0000000000000087       0x2d ./src/PR/PR_I2C.o
 .ARM.attributes
                0x00000000000000b4       0x2d ./src/PR/PR_PWM.o
 .ARM.attributes
                0x00000000000000e1       0x2d ./src/PR/PR_RGB.o
 .ARM.attributes
                0x000000000000010e       0x2d ./src/PR/PR_Relays.o
 .ARM.attributes
                0x000000000000013b       0x2d ./src/PR/PR_Serial.o
 .ARM.attributes
                0x0000000000000168       0x2d ./src/PR/PR_Timers.o
 .ARM.attributes
                0x0000000000000195       0x2d ./src/DR/DR_ADC.o
 .ARM.attributes
                0x00000000000001c2       0x2d ./src/DR/DR_Botones.o
 .ARM.attributes
                0x00000000000001ef       0x2d ./src/DR/DR_ExtInt.o
 .ARM.attributes
                0x000000000000021c       0x2d ./src/DR/DR_GPIO.o
 .ARM.attributes
                0x0000000000000249       0x2d ./src/DR/DR_I2C.o
 .ARM.attributes
                0x0000000000000276       0x2d ./src/DR/DR_PLL.o
 .ARM.attributes
                0x00000000000002a3       0x2d ./src/DR/DR_PWM.o
 .ARM.attributes
                0x00000000000002d0       0x2d ./src/DR/DR_Pinsel.o
 .ARM.attributes
                0x00000000000002fd       0x2d ./src/DR/DR_Serial.o
 .ARM.attributes
                0x000000000000032a       0x2d ./src/DR/DR_Systick.o
 .ARM.attributes
                0x0000000000000357       0x2d ./src/DR/DR_Timer0.o
 .ARM.attributes
                0x0000000000000384       0x2d ./src/TPI_V0.o
 .ARM.attributes
                0x00000000000003b1       0x2d ./src/cr_startup_lpc175x_6x.o
 .ARM.attributes
                0x00000000000003de       0x2d /usr/local/mcuxpressoide-11.2.0_4120/ide/plugins/com.nxp.mcuxpresso.tools.linux_11.2.0.202001021529/tools/bin/../lib/gcc/arm-none-eabi/9.2.1/../../../../arm-none-eabi/lib/thumb/v7-m/nofp/libcr_c.a(__weak__main.o)

.debug_frame    0x0000000000000000      0xfec
 .debug_frame   0x0000000000000000       0x90 ./src/PR/PR_ADC.o
 .debug_frame   0x0000000000000090      0x128 ./src/PR/PR_BMP280.o
 .debug_frame   0x00000000000001b8       0x54 ./src/PR/PR_Botones.o
 .debug_frame   0x000000000000020c       0xe8 ./src/PR/PR_I2C.o
 .debug_frame   0x00000000000002f4       0xa4 ./src/PR/PR_PWM.o
 .debug_frame   0x0000000000000398      0x110 ./src/PR/PR_RGB.o
 .debug_frame   0x00000000000004a8       0x74 ./src/PR/PR_Relays.o
 .debug_frame   0x000000000000051c      0x128 ./src/PR/PR_Serial.o
 .debug_frame   0x0000000000000644      0x148 ./src/PR/PR_Timers.o
 .debug_frame   0x000000000000078c       0x78 ./src/DR/DR_ADC.o
 .debug_frame   0x0000000000000804       0x50 ./src/DR/DR_Botones.o
 .debug_frame   0x0000000000000854       0x78 ./src/DR/DR_ExtInt.o
 .debug_frame   0x00000000000008cc      0x104 ./src/DR/DR_GPIO.o
 .debug_frame   0x00000000000009d0       0x94 ./src/DR/DR_I2C.o
 .debug_frame   0x0000000000000a64       0x30 ./src/DR/DR_PLL.o
 .debug_frame   0x0000000000000a94       0x7c ./src/DR/DR_PWM.o
 .debug_frame   0x0000000000000b10       0x38 ./src/DR/DR_Pinsel.o
 .debug_frame   0x0000000000000b48      0x188 ./src/DR/DR_Serial.o
 .debug_frame   0x0000000000000cd0       0xa8 ./src/DR/DR_Systick.o
 .debug_frame   0x0000000000000d78       0xb8 ./src/DR/DR_Timer0.o
 .debug_frame   0x0000000000000e30       0x4c ./src/TPI_V0.o
 .debug_frame   0x0000000000000e7c      0x170 ./src/cr_startup_lpc175x_6x.o

Cross Reference Table

Symbol                                            File
ADC_IRQHandler                                    ./src/DR/DR_ADC.o
ADC_buffer                                        ./src/DR/DR_ADC.o
                                                  ./src/PR/PR_ADC.o
ADC_cleanBuff                                     ./src/PR/PR_ADC.o
ADC_inUse                                         ./src/DR/DR_Systick.o
ADC_ready                                         ./src/DR/DR_ADC.o
                                                  ./src/PR/PR_ADC.o
ADC_run                                           ./src/PR/PR_ADC.o
                                                  ./src/TPI_V0.o
ADC_startConvertion                               ./src/DR/DR_ADC.o
                                                  ./src/PR/PR_ADC.o
BMP280_getData                                    ./src/PR/PR_BMP280.o
                                                  ./src/TPI_V0.o
BOD_IRQHandler                                    ./src/cr_startup_lpc175x_6x.o
Botones_buff                                      ./src/DR/DR_Botones.o
                                                  ./src/PR/PR_Botones.o
BusFault_Handler                                  ./src/cr_startup_lpc175x_6x.o
CANActivity_IRQHandler                            ./src/cr_startup_lpc175x_6x.o
CAN_IRQHandler                                    ./src/cr_startup_lpc175x_6x.o
DMA_IRQHandler                                    ./src/cr_startup_lpc175x_6x.o
DebugMon_Handler                                  ./src/cr_startup_lpc175x_6x.o
EINT0_IRQHandler                                  ./src/cr_startup_lpc175x_6x.o
EINT1_IRQHandler                                  ./src/cr_startup_lpc175x_6x.o
EINT2_IRQHandler                                  ./src/DR/DR_ExtInt.o
EINT3_IRQHandler                                  ./src/cr_startup_lpc175x_6x.o
EINT_Enable                                       ./src/DR/DR_ExtInt.o
                                                  ./src/PR/PR_IntTime.o
ENET_IRQHandler                                   ./src/cr_startup_lpc175x_6x.o
HardFault_Handler                                 ./src/cr_startup_lpc175x_6x.o
I2C0_IRQHandler                                   ./src/cr_startup_lpc175x_6x.o
I2C1_Engine                                       ./src/DR/DR_I2C.o
                                                  ./src/PR/PR_I2C.o
I2C1_IRQHandler                                   ./src/DR/DR_I2C.o
I2C1_MasterBuff                                   ./src/DR/DR_I2C.o
                                                  ./src/PR/PR_I2C.o
I2C1_RdIdx                                        ./src/DR/DR_I2C.o
I2C1_ReadLen                                      ./src/DR/DR_I2C.o
                                                  ./src/PR/PR_I2C.o
I2C1_SlaveBuff                                    ./src/DR/DR_I2C.o
                                                  ./src/PR/PR_I2C.o
I2C1_State                                        ./src/DR/DR_I2C.o
I2C1_Stop                                         ./src/DR/DR_I2C.o
I2C1_WrIdx                                        ./src/DR/DR_I2C.o
I2C1_WriteLen                                     ./src/DR/DR_I2C.o
                                                  ./src/PR/PR_I2C.o
I2C1_timeout                                      ./src/DR/DR_I2C.o
I2C2_IRQHandler                                   ./src/cr_startup_lpc175x_6x.o
I2C_beginTransmition                              ./src/PR/PR_I2C.o
                                                  ./src/PR/PR_BMP280.o
I2C_endTransmition                                ./src/PR/PR_I2C.o
                                                  ./src/PR/PR_BMP280.o
I2C_get                                           ./src/PR/PR_I2C.o
                                                  ./src/PR/PR_BMP280.o
I2C_getData                                       ./src/PR/PR_I2C.o
                                                  ./src/PR/PR_BMP280.o
I2C_put                                           ./src/PR/PR_I2C.o
                                                  ./src/PR/PR_BMP280.o
I2S_IRQHandler                                    ./src/cr_startup_lpc175x_6x.o
InicializarADC                                    ./src/PR/PR_ADC.o
InicializarADC_DR                                 ./src/DR/DR_ADC.o
                                                  ./src/PR/PR_ADC.o
InicializarBMP280                                 ./src/PR/PR_BMP280.o
InicializarBotones                                ./src/PR/PR_Botones.o
                                                  ./src/TPI_V0.o
InicializarEINT_DR                                ./src/DR/DR_ExtInt.o
                                                  ./src/TPI_V0.o
                                                  ./src/PR/PR_IntTime.o
InicializarI2C                                    ./src/PR/PR_I2C.o
                                                  ./src/PR/PR_BMP280.o
InicializarI2C_DR                                 ./src/DR/DR_I2C.o
                                                  ./src/PR/PR_I2C.o
InicializarIntTime                                ./src/PR/PR_IntTime.o
                                                  ./src/AP/AP_Ultrasonido.o
InicializarMotores                                ./src/PR/PR_Motores.o
InicializarPLL                                    ./src/DR/DR_PLL.o
                                                  ./src/TPI_V0.o
InicializarPWM                                    ./src/PR/PR_PWM.o
                                                  ./src/TPI_V0.o
                                                  ./src/PR/PR_Motores.o
InicializarPWM_DR                                 ./src/DR/DR_PWM.o
                                                  ./src/PR/PR_PWM.o
InicializarRGB                                    ./src/PR/PR_RGB.o
                                                  ./src/TPI_V0.o
InicializarRelays                                 ./src/PR/PR_Relays.o
                                                  ./src/TPI_V0.o
InicializarSerial0                                ./src/PR/PR_Serial.o
                                                  ./src/TPI_V0.o
InicializarSerial1                                ./src/PR/PR_Serial.o
                                                  ./src/TPI_V0.o
InicializarSystick                                ./src/DR/DR_Systick.o
                                                  ./src/TPI_V0.o
InicializarTimer0_DR                              ./src/DR/DR_Timer0.o
                                                  ./src/PR/PR_IntTime.o
InicializarUART0_DR                               ./src/DR/DR_Serial.o
                                                  ./src/PR/PR_Serial.o
InicializarUART1_DR                               ./src/DR/DR_Serial.o
                                                  ./src/PR/PR_Serial.o
InicializarUS                                     ./src/AP/AP_Ultrasonido.o
IntDefaultHandler                                 ./src/cr_startup_lpc175x_6x.o
MCPWM_IRQHandler                                  ./src/cr_startup_lpc175x_6x.o
MemManage_Handler                                 ./src/cr_startup_lpc175x_6x.o
NMI_Handler                                       ./src/cr_startup_lpc175x_6x.o
PLL0_IRQHandler                                   ./src/cr_startup_lpc175x_6x.o
PLL1_IRQHandler                                   ./src/cr_startup_lpc175x_6x.o
PWM1_IRQHandler                                   ./src/cr_startup_lpc175x_6x.o
PWM_buff                                          ./src/DR/DR_PWM.o
                                                  ./src/PR/PR_PWM.o
PWM_setDutyCicle                                  ./src/DR/DR_PWM.o
                                                  ./src/PR/PR_Motores.o
PWM_update                                        ./src/DR/DR_PWM.o
                                                  ./src/DR/DR_Systick.o
PendSV_Handler                                    ./src/cr_startup_lpc175x_6x.o
QEI_IRQHandler                                    ./src/cr_startup_lpc175x_6x.o
RIT_IRQHandler                                    ./src/cr_startup_lpc175x_6x.o
RTC_IRQHandler                                    ./src/cr_startup_lpc175x_6x.o
ResetISR                                          ./src/cr_startup_lpc175x_6x.o
SPI_IRQHandler                                    ./src/cr_startup_lpc175x_6x.o
SSP0_IRQHandler                                   ./src/cr_startup_lpc175x_6x.o
SSP1_IRQHandler                                   ./src/cr_startup_lpc175x_6x.o
SVC_Handler                                       ./src/cr_startup_lpc175x_6x.o
SysTick_Handler                                   ./src/DR/DR_Systick.o
TIM0_count                                        ./src/DR/DR_Timer0.o
TIMER0_EnableCount                                ./src/DR/DR_Timer0.o
                                                  ./src/PR/PR_IntTime.o
TIMER0_IRQHandler                                 ./src/DR/DR_Timer0.o
TIMER0_getTime                                    ./src/DR/DR_Timer0.o
                                                  ./src/DR/DR_ExtInt.o
TIMER0_rstTime                                    ./src/DR/DR_Timer0.o
                                                  ./src/DR/DR_ExtInt.o
                                                  ./src/PR/PR_IntTime.o
TIMER1_IRQHandler                                 ./src/cr_startup_lpc175x_6x.o
TIMER2_IRQHandler                                 ./src/cr_startup_lpc175x_6x.o
TIMER3_IRQHandler                                 ./src/cr_startup_lpc175x_6x.o
TecladoHW                                         ./src/DR/DR_Botones.o
TecladoSW                                         ./src/DR/DR_Botones.o
                                                  ./src/DR/DR_Systick.o
TimerClose                                        ./src/PR/PR_Timers.o
TimerDiscount                                     ./src/PR/PR_Timers.o
                                                  ./src/DR/DR_Systick.o
TimerGet                                          ./src/PR/PR_Timers.o
TimerPause                                        ./src/PR/PR_Timers.o
TimerSet                                          ./src/PR/PR_Timers.o
TimerStart                                        ./src/PR/PR_Timers.o
                                                  ./src/TPI_V0.o
                                                  ./src/AP/AP_Ultrasonido.o
TimerStop                                         ./src/PR/PR_Timers.o
Timers_run                                        ./src/PR/PR_Timers.o
                                                  ./src/TPI_V0.o
TmrBase                                           ./src/PR/PR_Timers.o
TmrFlags                                          ./src/PR/PR_Timers.o
TmrFunciones                                      ./src/PR/PR_Timers.o
TmrPause                                          ./src/PR/PR_Timers.o
TmrRun                                            ./src/PR/PR_Timers.o
UART0_IRQHandler                                  ./src/DR/DR_Serial.o
UART0_SendString                                  ./src/PR/PR_Serial.o
UART0_forceTX                                     ./src/DR/DR_Serial.o
                                                  ./src/PR/PR_Serial.o
UART0_popRX                                       ./src/PR/PR_Serial.o
UART0_popTX                                       ./src/DR/DR_Serial.o
UART0_pushRX                                      ./src/DR/DR_Serial.o
UART0_pushTX                                      ./src/PR/PR_Serial.o
UART0_rx_buff                                     ./src/DR/DR_Serial.o
                                                  ./src/PR/PR_Serial.o
UART0_rx_in                                       ./src/DR/DR_Serial.o
                                                  ./src/PR/PR_Serial.o
UART0_rx_out                                      ./src/DR/DR_Serial.o
                                                  ./src/PR/PR_Serial.o
UART0_tx_buff                                     ./src/DR/DR_Serial.o
                                                  ./src/PR/PR_Serial.o
UART0_tx_flag                                     ./src/DR/DR_Serial.o
                                                  ./src/PR/PR_Serial.o
UART0_tx_in                                       ./src/DR/DR_Serial.o
                                                  ./src/PR/PR_Serial.o
UART0_tx_out                                      ./src/DR/DR_Serial.o
UART1_IRQHandler                                  ./src/DR/DR_Serial.o
UART1_SendString                                  ./src/PR/PR_Serial.o
                                                  ./src/TPI_V0.o
UART1_forceTX                                     ./src/DR/DR_Serial.o
                                                  ./src/PR/PR_Serial.o
UART1_popRX                                       ./src/PR/PR_Serial.o
UART1_popTX                                       ./src/DR/DR_Serial.o
UART1_pushRX                                      ./src/DR/DR_Serial.o
UART1_pushTX                                      ./src/PR/PR_Serial.o
UART1_rx_buff                                     ./src/DR/DR_Serial.o
                                                  ./src/PR/PR_Serial.o
UART1_rx_in                                       ./src/DR/DR_Serial.o
                                                  ./src/PR/PR_Serial.o
UART1_rx_out                                      ./src/DR/DR_Serial.o
                                                  ./src/PR/PR_Serial.o
UART1_tx_buff                                     ./src/DR/DR_Serial.o
                                                  ./src/PR/PR_Serial.o
UART1_tx_flag                                     ./src/DR/DR_Serial.o
                                                  ./src/PR/PR_Serial.o
UART1_tx_in                                       ./src/DR/DR_Serial.o
                                                  ./src/PR/PR_Serial.o
UART1_tx_out                                      ./src/DR/DR_Serial.o
UART2_IRQHandler                                  ./src/cr_startup_lpc175x_6x.o
UART3_IRQHandler                                  ./src/cr_startup_lpc175x_6x.o
USBActivity_IRQHandler                            ./src/cr_startup_lpc175x_6x.o
USB_IRQHandler                                    ./src/cr_startup_lpc175x_6x.o
UsageFault_Handler                                ./src/cr_startup_lpc175x_6x.o
WDT_IRQHandler                                    ./src/cr_startup_lpc175x_6x.o
__aeabi_cdcmpeq                                   /usr/local/mcuxpressoide-11.2.0_4120/ide/plugins/com.nxp.mcuxpresso.tools.linux_11.2.0.202001021529/tools/bin/../lib/gcc/arm-none-eabi/9.2.1/thumb/v7-m/nofp/libcr_eabihelpers.a(double.o)
__aeabi_cdcmple                                   /usr/local/mcuxpressoide-11.2.0_4120/ide/plugins/com.nxp.mcuxpresso.tools.linux_11.2.0.202001021529/tools/bin/../lib/gcc/arm-none-eabi/9.2.1/thumb/v7-m/nofp/libcr_eabihelpers.a(double.o)
__aeabi_cdrcmple                                  /usr/local/mcuxpressoide-11.2.0_4120/ide/plugins/com.nxp.mcuxpresso.tools.linux_11.2.0.202001021529/tools/bin/../lib/gcc/arm-none-eabi/9.2.1/thumb/v7-m/nofp/libcr_eabihelpers.a(double.o)
__aeabi_cfcmpeq                                   /usr/local/mcuxpressoide-11.2.0_4120/ide/plugins/com.nxp.mcuxpresso.tools.linux_11.2.0.202001021529/tools/bin/../lib/gcc/arm-none-eabi/9.2.1/thumb/v7-m/nofp/libcr_eabihelpers.a(float.o)
__aeabi_cfcmple                                   /usr/local/mcuxpressoide-11.2.0_4120/ide/plugins/com.nxp.mcuxpresso.tools.linux_11.2.0.202001021529/tools/bin/../lib/gcc/arm-none-eabi/9.2.1/thumb/v7-m/nofp/libcr_eabihelpers.a(float.o)
__aeabi_cfrcmple                                  /usr/local/mcuxpressoide-11.2.0_4120/ide/plugins/com.nxp.mcuxpresso.tools.linux_11.2.0.202001021529/tools/bin/../lib/gcc/arm-none-eabi/9.2.1/thumb/v7-m/nofp/libcr_eabihelpers.a(float.o)
__aeabi_d2f                                       /usr/local/mcuxpressoide-11.2.0_4120/ide/plugins/com.nxp.mcuxpresso.tools.linux_11.2.0.202001021529/tools/bin/../lib/gcc/arm-none-eabi/9.2.1/thumb/v7-m/nofp/libcr_eabihelpers.a(double.o)
__aeabi_d2iz                                      /usr/local/mcuxpressoide-11.2.0_4120/ide/plugins/com.nxp.mcuxpresso.tools.linux_11.2.0.202001021529/tools/bin/../lib/gcc/arm-none-eabi/9.2.1/thumb/v7-m/nofp/libcr_eabihelpers.a(double.o)
__aeabi_d2lz                                      /usr/local/mcuxpressoide-11.2.0_4120/ide/plugins/com.nxp.mcuxpresso.tools.linux_11.2.0.202001021529/tools/bin/../lib/gcc/arm-none-eabi/9.2.1/thumb/v7-m/nofp/libcr_eabihelpers.a(double.o)
__aeabi_d2uiz                                     /usr/local/mcuxpressoide-11.2.0_4120/ide/plugins/com.nxp.mcuxpresso.tools.linux_11.2.0.202001021529/tools/bin/../lib/gcc/arm-none-eabi/9.2.1/thumb/v7-m/nofp/libcr_eabihelpers.a(double.o)
                                                  ./src/AP/AP_Ultrasonido.o
__aeabi_d2ulz                                     /usr/local/mcuxpressoide-11.2.0_4120/ide/plugins/com.nxp.mcuxpresso.tools.linux_11.2.0.202001021529/tools/bin/../lib/gcc/arm-none-eabi/9.2.1/thumb/v7-m/nofp/libcr_eabihelpers.a(double.o)
__aeabi_dadd                                      /usr/local/mcuxpressoide-11.2.0_4120/ide/plugins/com.nxp.mcuxpresso.tools.linux_11.2.0.202001021529/tools/bin/../lib/gcc/arm-none-eabi/9.2.1/thumb/v7-m/nofp/libcr_eabihelpers.a(double.o)
__aeabi_dcmpeq                                    /usr/local/mcuxpressoide-11.2.0_4120/ide/plugins/com.nxp.mcuxpresso.tools.linux_11.2.0.202001021529/tools/bin/../lib/gcc/arm-none-eabi/9.2.1/thumb/v7-m/nofp/libcr_eabihelpers.a(double.o)
__aeabi_dcmpge                                    /usr/local/mcuxpressoide-11.2.0_4120/ide/plugins/com.nxp.mcuxpresso.tools.linux_11.2.0.202001021529/tools/bin/../lib/gcc/arm-none-eabi/9.2.1/thumb/v7-m/nofp/libcr_eabihelpers.a(double.o)
__aeabi_dcmpgt                                    /usr/local/mcuxpressoide-11.2.0_4120/ide/plugins/com.nxp.mcuxpresso.tools.linux_11.2.0.202001021529/tools/bin/../lib/gcc/arm-none-eabi/9.2.1/thumb/v7-m/nofp/libcr_eabihelpers.a(double.o)
__aeabi_dcmple                                    /usr/local/mcuxpressoide-11.2.0_4120/ide/plugins/com.nxp.mcuxpresso.tools.linux_11.2.0.202001021529/tools/bin/../lib/gcc/arm-none-eabi/9.2.1/thumb/v7-m/nofp/libcr_eabihelpers.a(double.o)
__aeabi_dcmplt                                    /usr/local/mcuxpressoide-11.2.0_4120/ide/plugins/com.nxp.mcuxpresso.tools.linux_11.2.0.202001021529/tools/bin/../lib/gcc/arm-none-eabi/9.2.1/thumb/v7-m/nofp/libcr_eabihelpers.a(double.o)
__aeabi_dcmpun                                    /usr/local/mcuxpressoide-11.2.0_4120/ide/plugins/com.nxp.mcuxpresso.tools.linux_11.2.0.202001021529/tools/bin/../lib/gcc/arm-none-eabi/9.2.1/thumb/v7-m/nofp/libcr_eabihelpers.a(double.o)
__aeabi_ddiv                                      /usr/local/mcuxpressoide-11.2.0_4120/ide/plugins/com.nxp.mcuxpresso.tools.linux_11.2.0.202001021529/tools/bin/../lib/gcc/arm-none-eabi/9.2.1/thumb/v7-m/nofp/libcr_eabihelpers.a(double.o)
                                                  ./src/AP/AP_Ultrasonido.o
__aeabi_dmul                                      /usr/local/mcuxpressoide-11.2.0_4120/ide/plugins/com.nxp.mcuxpresso.tools.linux_11.2.0.202001021529/tools/bin/../lib/gcc/arm-none-eabi/9.2.1/thumb/v7-m/nofp/libcr_eabihelpers.a(double.o)
__aeabi_dneg                                      /usr/local/mcuxpressoide-11.2.0_4120/ide/plugins/com.nxp.mcuxpresso.tools.linux_11.2.0.202001021529/tools/bin/../lib/gcc/arm-none-eabi/9.2.1/thumb/v7-m/nofp/libcr_eabihelpers.a(double.o)
__aeabi_drsub                                     /usr/local/mcuxpressoide-11.2.0_4120/ide/plugins/com.nxp.mcuxpresso.tools.linux_11.2.0.202001021529/tools/bin/../lib/gcc/arm-none-eabi/9.2.1/thumb/v7-m/nofp/libcr_eabihelpers.a(double.o)
__aeabi_dsub                                      /usr/local/mcuxpressoide-11.2.0_4120/ide/plugins/com.nxp.mcuxpresso.tools.linux_11.2.0.202001021529/tools/bin/../lib/gcc/arm-none-eabi/9.2.1/thumb/v7-m/nofp/libcr_eabihelpers.a(double.o)
__aeabi_f2d                                       /usr/local/mcuxpressoide-11.2.0_4120/ide/plugins/com.nxp.mcuxpresso.tools.linux_11.2.0.202001021529/tools/bin/../lib/gcc/arm-none-eabi/9.2.1/thumb/v7-m/nofp/libcr_eabihelpers.a(float.o)
                                                  ./src/AP/AP_Ultrasonido.o
__aeabi_f2iz                                      /usr/local/mcuxpressoide-11.2.0_4120/ide/plugins/com.nxp.mcuxpresso.tools.linux_11.2.0.202001021529/tools/bin/../lib/gcc/arm-none-eabi/9.2.1/thumb/v7-m/nofp/libcr_eabihelpers.a(float.o)
__aeabi_f2lz                                      /usr/local/mcuxpressoide-11.2.0_4120/ide/plugins/com.nxp.mcuxpresso.tools.linux_11.2.0.202001021529/tools/bin/../lib/gcc/arm-none-eabi/9.2.1/thumb/v7-m/nofp/libcr_eabihelpers.a(float.o)
__aeabi_f2uiz                                     /usr/local/mcuxpressoide-11.2.0_4120/ide/plugins/com.nxp.mcuxpresso.tools.linux_11.2.0.202001021529/tools/bin/../lib/gcc/arm-none-eabi/9.2.1/thumb/v7-m/nofp/libcr_eabihelpers.a(float.o)
__aeabi_f2ulz                                     /usr/local/mcuxpressoide-11.2.0_4120/ide/plugins/com.nxp.mcuxpresso.tools.linux_11.2.0.202001021529/tools/bin/../lib/gcc/arm-none-eabi/9.2.1/thumb/v7-m/nofp/libcr_eabihelpers.a(float.o)
__aeabi_fadd                                      /usr/local/mcuxpressoide-11.2.0_4120/ide/plugins/com.nxp.mcuxpresso.tools.linux_11.2.0.202001021529/tools/bin/../lib/gcc/arm-none-eabi/9.2.1/thumb/v7-m/nofp/libcr_eabihelpers.a(float.o)
__aeabi_fcmpeq                                    /usr/local/mcuxpressoide-11.2.0_4120/ide/plugins/com.nxp.mcuxpresso.tools.linux_11.2.0.202001021529/tools/bin/../lib/gcc/arm-none-eabi/9.2.1/thumb/v7-m/nofp/libcr_eabihelpers.a(float.o)
__aeabi_fcmpge                                    /usr/local/mcuxpressoide-11.2.0_4120/ide/plugins/com.nxp.mcuxpresso.tools.linux_11.2.0.202001021529/tools/bin/../lib/gcc/arm-none-eabi/9.2.1/thumb/v7-m/nofp/libcr_eabihelpers.a(float.o)
__aeabi_fcmpgt                                    /usr/local/mcuxpressoide-11.2.0_4120/ide/plugins/com.nxp.mcuxpresso.tools.linux_11.2.0.202001021529/tools/bin/../lib/gcc/arm-none-eabi/9.2.1/thumb/v7-m/nofp/libcr_eabihelpers.a(float.o)
__aeabi_fcmple                                    /usr/local/mcuxpressoide-11.2.0_4120/ide/plugins/com.nxp.mcuxpresso.tools.linux_11.2.0.202001021529/tools/bin/../lib/gcc/arm-none-eabi/9.2.1/thumb/v7-m/nofp/libcr_eabihelpers.a(float.o)
__aeabi_fcmplt                                    /usr/local/mcuxpressoide-11.2.0_4120/ide/plugins/com.nxp.mcuxpresso.tools.linux_11.2.0.202001021529/tools/bin/../lib/gcc/arm-none-eabi/9.2.1/thumb/v7-m/nofp/libcr_eabihelpers.a(float.o)
__aeabi_fcmpun                                    /usr/local/mcuxpressoide-11.2.0_4120/ide/plugins/com.nxp.mcuxpresso.tools.linux_11.2.0.202001021529/tools/bin/../lib/gcc/arm-none-eabi/9.2.1/thumb/v7-m/nofp/libcr_eabihelpers.a(float.o)
__aeabi_fdiv                                      /usr/local/mcuxpressoide-11.2.0_4120/ide/plugins/com.nxp.mcuxpresso.tools.linux_11.2.0.202001021529/tools/bin/../lib/gcc/arm-none-eabi/9.2.1/thumb/v7-m/nofp/libcr_eabihelpers.a(float.o)
__aeabi_fmul                                      /usr/local/mcuxpressoide-11.2.0_4120/ide/plugins/com.nxp.mcuxpresso.tools.linux_11.2.0.202001021529/tools/bin/../lib/gcc/arm-none-eabi/9.2.1/thumb/v7-m/nofp/libcr_eabihelpers.a(float.o)
                                                  ./src/AP/AP_Ultrasonido.o
__aeabi_fneg                                      /usr/local/mcuxpressoide-11.2.0_4120/ide/plugins/com.nxp.mcuxpresso.tools.linux_11.2.0.202001021529/tools/bin/../lib/gcc/arm-none-eabi/9.2.1/thumb/v7-m/nofp/libcr_eabihelpers.a(float.o)
__aeabi_frsub                                     /usr/local/mcuxpressoide-11.2.0_4120/ide/plugins/com.nxp.mcuxpresso.tools.linux_11.2.0.202001021529/tools/bin/../lib/gcc/arm-none-eabi/9.2.1/thumb/v7-m/nofp/libcr_eabihelpers.a(float.o)
__aeabi_fsub                                      /usr/local/mcuxpressoide-11.2.0_4120/ide/plugins/com.nxp.mcuxpresso.tools.linux_11.2.0.202001021529/tools/bin/../lib/gcc/arm-none-eabi/9.2.1/thumb/v7-m/nofp/libcr_eabihelpers.a(float.o)
__aeabi_i2d                                       /usr/local/mcuxpressoide-11.2.0_4120/ide/plugins/com.nxp.mcuxpresso.tools.linux_11.2.0.202001021529/tools/bin/../lib/gcc/arm-none-eabi/9.2.1/thumb/v7-m/nofp/libcr_eabihelpers.a(double.o)
__aeabi_i2f                                       /usr/local/mcuxpressoide-11.2.0_4120/ide/plugins/com.nxp.mcuxpresso.tools.linux_11.2.0.202001021529/tools/bin/../lib/gcc/arm-none-eabi/9.2.1/thumb/v7-m/nofp/libcr_eabihelpers.a(float.o)
__aeabi_l2d                                       /usr/local/mcuxpressoide-11.2.0_4120/ide/plugins/com.nxp.mcuxpresso.tools.linux_11.2.0.202001021529/tools/bin/../lib/gcc/arm-none-eabi/9.2.1/thumb/v7-m/nofp/libcr_eabihelpers.a(double.o)
__aeabi_l2f                                       /usr/local/mcuxpressoide-11.2.0_4120/ide/plugins/com.nxp.mcuxpresso.tools.linux_11.2.0.202001021529/tools/bin/../lib/gcc/arm-none-eabi/9.2.1/thumb/v7-m/nofp/libcr_eabihelpers.a(float.o)
__aeabi_ui2d                                      /usr/local/mcuxpressoide-11.2.0_4120/ide/plugins/com.nxp.mcuxpresso.tools.linux_11.2.0.202001021529/tools/bin/../lib/gcc/arm-none-eabi/9.2.1/thumb/v7-m/nofp/libcr_eabihelpers.a(double.o)
__aeabi_ui2f                                      /usr/local/mcuxpressoide-11.2.0_4120/ide/plugins/com.nxp.mcuxpresso.tools.linux_11.2.0.202001021529/tools/bin/../lib/gcc/arm-none-eabi/9.2.1/thumb/v7-m/nofp/libcr_eabihelpers.a(float.o)
                                                  ./src/AP/AP_Ultrasonido.o
__aeabi_ul2d                                      /usr/local/mcuxpressoide-11.2.0_4120/ide/plugins/com.nxp.mcuxpresso.tools.linux_11.2.0.202001021529/tools/bin/../lib/gcc/arm-none-eabi/9.2.1/thumb/v7-m/nofp/libcr_eabihelpers.a(double.o)
__aeabi_ul2f                                      /usr/local/mcuxpressoide-11.2.0_4120/ide/plugins/com.nxp.mcuxpresso.tools.linux_11.2.0.202001021529/tools/bin/../lib/gcc/arm-none-eabi/9.2.1/thumb/v7-m/nofp/libcr_eabihelpers.a(float.o)
__bhs_ui2d                                        /usr/local/mcuxpressoide-11.2.0_4120/ide/plugins/com.nxp.mcuxpresso.tools.linux_11.2.0.202001021529/tools/bin/../lib/gcc/arm-none-eabi/9.2.1/thumb/v7-m/nofp/libcr_eabihelpers.a(double.o)
__bhs_ui2f                                        /usr/local/mcuxpressoide-11.2.0_4120/ide/plugins/com.nxp.mcuxpresso.tools.linux_11.2.0.202001021529/tools/bin/../lib/gcc/arm-none-eabi/9.2.1/thumb/v7-m/nofp/libcr_eabihelpers.a(float.o)
__bhs_ul2d                                        /usr/local/mcuxpressoide-11.2.0_4120/ide/plugins/com.nxp.mcuxpresso.tools.linux_11.2.0.202001021529/tools/bin/../lib/gcc/arm-none-eabi/9.2.1/thumb/v7-m/nofp/libcr_eabihelpers.a(double.o)
__bhs_ul2f                                        /usr/local/mcuxpressoide-11.2.0_4120/ide/plugins/com.nxp.mcuxpresso.tools.linux_11.2.0.202001021529/tools/bin/../lib/gcc/arm-none-eabi/9.2.1/thumb/v7-m/nofp/libcr_eabihelpers.a(float.o)
__bss_section_table_end                           ./src/cr_startup_lpc175x_6x.o
__data_section_table                              ./src/cr_startup_lpc175x_6x.o
__data_section_table_end                          ./src/cr_startup_lpc175x_6x.o
__main                                            /usr/local/mcuxpressoide-11.2.0_4120/ide/plugins/com.nxp.mcuxpresso.tools.linux_11.2.0.202001021529/tools/bin/../lib/gcc/arm-none-eabi/9.2.1/../../../../arm-none-eabi/lib/thumb/v7-m/nofp/libcr_c.a(__weak__main.o)
                                                  ./src/cr_startup_lpc175x_6x.o
__valid_user_code_checksum                        ./src/cr_startup_lpc175x_6x.o
__weak_main                                       /usr/local/mcuxpressoide-11.2.0_4120/ide/plugins/com.nxp.mcuxpresso.tools.linux_11.2.0.202001021529/tools/bin/../lib/gcc/arm-none-eabi/9.2.1/../../../../arm-none-eabi/lib/thumb/v7-m/nofp/libcr_c.a(__weak__main.o)
_vStackTop                                        ./src/cr_startup_lpc175x_6x.o
bmp280_get_uncomp_data                            ./src/PR/PR_BMP280.o
bss_init                                          ./src/cr_startup_lpc175x_6x.o
data_init                                         ./src/cr_startup_lpc175x_6x.o
dev                                               ./src/PR/PR_BMP280.o
distancia                                         ./src/AP/AP_Ultrasonido.o
enableIntTime                                     ./src/PR/PR_IntTime.o
                                                  ./src/AP/AP_Ultrasonido.o
func                                              ./src/TPI_V0.o
g_pfnVectors                                      ./src/cr_startup_lpc175x_6x.o
getADC                                            ./src/PR/PR_ADC.o
getBMP280_pres                                    ./src/PR/PR_BMP280.o
                                                  ./src/TPI_V0.o
getBMP280_temp                                    ./src/PR/PR_BMP280.o
                                                  ./src/TPI_V0.o
getBtn                                            ./src/PR/PR_Botones.o
                                                  ./src/TPI_V0.o
getIntTime                                        ./src/PR/PR_IntTime.o
                                                  ./src/AP/AP_Ultrasonido.o
getPWMDuty                                        ./src/PR/PR_PWM.o
getPin                                            ./src/DR/DR_GPIO.o
                                                  ./src/DR/DR_Botones.o
getPin_raw                                        ./src/DR/DR_GPIO.o
                                                  ./src/PR/PR_Relays.o
                                                  ./src/PR/PR_RGB.o
getUSDistance                                     ./src/AP/AP_Ultrasonido.o
get_comp_pres                                     ./src/PR/PR_BMP280.o
get_comp_temp                                     ./src/PR/PR_BMP280.o
get_ticks                                         ./src/DR/DR_Systick.o
intTime                                           ./src/DR/DR_ExtInt.o
                                                  ./src/PR/PR_IntTime.o
main                                              ./src/TPI_V0.o
                                                  /usr/local/mcuxpressoide-11.2.0_4120/ide/plugins/com.nxp.mcuxpresso.tools.linux_11.2.0.202001021529/tools/bin/../lib/gcc/arm-none-eabi/9.2.1/../../../../arm-none-eabi/lib/thumb/v7-m/nofp/libcr_c.a(__weak__main.o)
reset_ticks                                       ./src/DR/DR_Systick.o
scheduler_run                                     ./src/DR/DR_Systick.o
setDir                                            ./src/DR/DR_GPIO.o
                                                  ./src/TPI_V0.o
                                                  ./src/AP/AP_Ultrasonido.o
                                                  ./src/PR/PR_Relays.o
                                                  ./src/PR/PR_RGB.o
                                                  ./src/PR/PR_Motores.o
                                                  ./src/PR/PR_IntTime.o
                                                  ./src/PR/PR_Botones.o
setMotoresDir                                     ./src/PR/PR_Motores.o
setMotoresVel                                     ./src/PR/PR_Motores.o
setPWMDuty                                        ./src/PR/PR_PWM.o
setPWMOff                                         ./src/PR/PR_PWM.o
setPin                                            ./src/DR/DR_GPIO.o
                                                  ./src/AP/AP_Ultrasonido.o
                                                  ./src/PR/PR_Relays.o
                                                  ./src/PR/PR_RGB.o
                                                  ./src/PR/PR_Motores.o
setPinmode                                        ./src/DR/DR_GPIO.o
                                                  ./src/PR/PR_I2C.o
                                                  ./src/PR/PR_Botones.o
setPinmode_OD                                     ./src/DR/DR_GPIO.o
                                                  ./src/PR/PR_Relays.o
                                                  ./src/PR/PR_RGB.o
                                                  ./src/PR/PR_I2C.o
setPinsel                                         ./src/DR/DR_Pinsel.o
                                                  ./src/PR/PR_Serial.o
                                                  ./src/PR/PR_PWM.o
                                                  ./src/PR/PR_IntTime.o
                                                  ./src/PR/PR_I2C.o
                                                  ./src/PR/PR_ADC.o
setRGB                                            ./src/PR/PR_RGB.o
setRGB_b                                          ./src/PR/PR_RGB.o
setRGB_g                                          ./src/PR/PR_RGB.o
setRGB_r                                          ./src/PR/PR_RGB.o
setRelay                                          ./src/PR/PR_Relays.o
                                                  ./src/TPI_V0.o
set_calib_param                                   ./src/PR/PR_BMP280.o
toggleRGB_b                                       ./src/PR/PR_RGB.o
toggleRGB_g                                       ./src/PR/PR_RGB.o
toggleRGB_r                                       ./src/PR/PR_RGB.o
                                                  ./src/TPI_V0.o
toggleRelay                                       ./src/PR/PR_Relays.o
updateDistance                                    ./src/AP/AP_Ultrasonido.o
