Archive member included to satisfy reference by file (symbol)

/usr/local/mcuxpressoide-11.2.0_4120/ide/plugins/com.nxp.mcuxpresso.tools.linux_11.2.0.202001021529/tools/bin/../lib/gcc/arm-none-eabi/9.2.1/../../../../arm-none-eabi/lib/thumb/v7-m/nofp/libcr_c.a(__weak__main.o)
                              ./src/cr_startup_lpc175x_6x.o (__main)
/usr/local/mcuxpressoide-11.2.0_4120/ide/plugins/com.nxp.mcuxpresso.tools.linux_11.2.0.202001021529/tools/bin/../lib/gcc/arm-none-eabi/9.2.1/thumb/v7-m/nofp/libcr_eabihelpers.a(double.o)
                              ./src/AP/AP_Ultrasonido.o (__aeabi_ddiv)
/usr/local/mcuxpressoide-11.2.0_4120/ide/plugins/com.nxp.mcuxpresso.tools.linux_11.2.0.202001021529/tools/bin/../lib/gcc/arm-none-eabi/9.2.1/thumb/v7-m/nofp/libcr_eabihelpers.a(float.o)
                              ./src/AP/AP_Ultrasonido.o (__aeabi_fmul)

Discarded input sections

 .group         0x0000000000000000        0xc ./src/PR/PR_ADC.o
 .group         0x0000000000000000        0xc ./src/PR/PR_ADC.o
 .group         0x0000000000000000        0xc ./src/PR/PR_ADC.o
 .group         0x0000000000000000        0xc ./src/PR/PR_ADC.o
 .group         0x0000000000000000        0xc ./src/PR/PR_ADC.o
 .text          0x0000000000000000        0x0 ./src/PR/PR_ADC.o
 .data          0x0000000000000000        0x0 ./src/PR/PR_ADC.o
 .bss           0x0000000000000000        0x0 ./src/PR/PR_ADC.o
 .text.InicializarADC
                0x0000000000000000       0x20 ./src/PR/PR_ADC.o
 .text.getADC   0x0000000000000000       0x24 ./src/PR/PR_ADC.o
 .text.ADC_cleanBuff
                0x0000000000000000       0x1c ./src/PR/PR_ADC.o
 .group         0x0000000000000000        0xc ./src/PR/PR_BMP280.o
 .group         0x0000000000000000        0xc ./src/PR/PR_BMP280.o
 .group         0x0000000000000000        0xc ./src/PR/PR_BMP280.o
 .group         0x0000000000000000        0xc ./src/PR/PR_BMP280.o
 .group         0x0000000000000000        0xc ./src/PR/PR_BMP280.o
 .group         0x0000000000000000        0xc ./src/PR/PR_BMP280.o
 .group         0x0000000000000000        0xc ./src/PR/PR_BMP280.o
 .group         0x0000000000000000        0xc ./src/PR/PR_BMP280.o
 .text          0x0000000000000000        0x0 ./src/PR/PR_BMP280.o
 .data          0x0000000000000000        0x0 ./src/PR/PR_BMP280.o
 .bss           0x0000000000000000        0x0 ./src/PR/PR_BMP280.o
 .debug_macro   0x0000000000000000      0x1ea ./src/PR/PR_BMP280.o
 .debug_macro   0x0000000000000000       0x34 ./src/PR/PR_BMP280.o
 .group         0x0000000000000000        0xc ./src/PR/PR_Botones.o
 .group         0x0000000000000000        0xc ./src/PR/PR_Botones.o
 .group         0x0000000000000000        0xc ./src/PR/PR_Botones.o
 .group         0x0000000000000000        0xc ./src/PR/PR_Botones.o
 .text          0x0000000000000000        0x0 ./src/PR/PR_Botones.o
 .data          0x0000000000000000        0x0 ./src/PR/PR_Botones.o
 .bss           0x0000000000000000        0x0 ./src/PR/PR_Botones.o
 .debug_macro   0x0000000000000000      0xaae ./src/PR/PR_Botones.o
 .debug_macro   0x0000000000000000      0x1ea ./src/PR/PR_Botones.o
 .debug_macro   0x0000000000000000       0x34 ./src/PR/PR_Botones.o
 .group         0x0000000000000000        0xc ./src/PR/PR_I2C.o
 .group         0x0000000000000000        0xc ./src/PR/PR_I2C.o
 .group         0x0000000000000000        0xc ./src/PR/PR_I2C.o
 .group         0x0000000000000000        0xc ./src/PR/PR_I2C.o
 .group         0x0000000000000000        0xc ./src/PR/PR_I2C.o
 .group         0x0000000000000000        0xc ./src/PR/PR_I2C.o
 .group         0x0000000000000000        0xc ./src/PR/PR_I2C.o
 .text          0x0000000000000000        0x0 ./src/PR/PR_I2C.o
 .data          0x0000000000000000        0x0 ./src/PR/PR_I2C.o
 .bss           0x0000000000000000        0x0 ./src/PR/PR_I2C.o
 .text.I2C_write
                0x0000000000000000       0x78 ./src/PR/PR_I2C.o
 .debug_macro   0x0000000000000000      0xaa8 ./src/PR/PR_I2C.o
 .debug_macro   0x0000000000000000      0x1ea ./src/PR/PR_I2C.o
 .debug_macro   0x0000000000000000       0x34 ./src/PR/PR_I2C.o
 .debug_macro   0x0000000000000000      0x1a8 ./src/PR/PR_I2C.o
 .debug_macro   0x0000000000000000       0x22 ./src/PR/PR_I2C.o
 .debug_macro   0x0000000000000000       0x5e ./src/PR/PR_I2C.o
 .group         0x0000000000000000        0xc ./src/PR/PR_IntTime.o
 .group         0x0000000000000000        0xc ./src/PR/PR_IntTime.o
 .group         0x0000000000000000        0xc ./src/PR/PR_IntTime.o
 .group         0x0000000000000000        0xc ./src/PR/PR_IntTime.o
 .group         0x0000000000000000        0xc ./src/PR/PR_IntTime.o
 .group         0x0000000000000000        0xc ./src/PR/PR_IntTime.o
 .group         0x0000000000000000        0xc ./src/PR/PR_IntTime.o
 .text          0x0000000000000000        0x0 ./src/PR/PR_IntTime.o
 .data          0x0000000000000000        0x0 ./src/PR/PR_IntTime.o
 .bss           0x0000000000000000        0x0 ./src/PR/PR_IntTime.o
 .text.InicializarIntTime
[...]
Memory Configuration

Name             Origin             Length             Attributes
MFlash512        0x0000000000000000 0x0000000000080000 xr
RamLoc32         0x0000000010000000 0x0000000000008000 xrw
RamAHB32         0x000000002007c000 0x0000000000008000 xrw
*default*        0x0000000000000000 0xffffffffffffffff

Linker script and memory map

LOAD ./src/PR/PR_ADC.o
LOAD ./src/PR/PR_BMP280.o
LOAD ./src/PR/PR_Botones.o
LOAD ./src/PR/PR_I2C.o
LOAD ./src/PR/PR_IntTime.o
LOAD ./src/PR/PR_PWM.o
LOAD ./src/PR/PR_Relays.o
LOAD ./src/PR/PR_Serial.o
LOAD ./src/PR/PR_Timers.o
LOAD ./src/DR/DR_ADC.o
LOAD ./src/DR/DR_Botones.o
LOAD ./src/DR/DR_ExtInt.o
LOAD ./src/DR/DR_GPIO.o
LOAD ./src/DR/DR_I2C.o
LOAD ./src/DR/DR_PLL.o
LOAD ./src/DR/DR_PWM.o
LOAD ./src/DR/DR_Pinsel.o
LOAD ./src/DR/DR_Serial.o
LOAD ./src/DR/DR_Systick.o
LOAD ./src/DR/DR_Timer0.o
LOAD ./src/AP/AP_BMP280.o
LOAD ./src/AP/AP_Motores.o
LOAD ./src/AP/AP_Ultrasonido.o
LOAD ./src/TPI_V0.o
LOAD ./src/cr_startup_lpc175x_6x.o
START GROUP
LOAD /usr/local/mcuxpressoide-11.2.0_4120/ide/plugins/com.nxp.mcuxpresso.tools.linux_11.2.0.202001021529/tools/bin/../lib/gcc/arm-none-eabi/9.2.1/../../../../arm-none-eabi/lib/thumb/v7-m/nofp/libcr_c.a
LOAD /usr/local/mcuxpressoide-11.2.0_4120/ide/plugins/com.nxp.mcuxpresso.tools.linux_11.2.0.202001021529/tools/bin/../lib/gcc/arm-none-eabi/9.2.1/thumb/v7-m/nofp/libcr_eabihelpers.a
LOAD /usr/local/mcuxpressoide-11.2.0_4120/ide/plugins/com.nxp.mcuxpresso.tools.linux_11.2.0.202001021529/tools/bin/../lib/gcc/arm-none-eabi/9.2.1/thumb/v7-m/nofp/libgcc.a
END GROUP
                0x0000000000000000                __base_MFlash512 = 0x0
                0x0000000000000000                __base_Flash = 0x0
                0x0000000000080000                __top_MFlash512 = 0x80000
                0x0000000000080000                __top_Flash = 0x80000
                0x0000000010000000                __base_RamLoc32 = 0x10000000
                0x0000000010000000                __base_RAM = 0x10000000
                0x0000000010008000                __top_RamLoc32 = 0x10008000
                0x0000000010008000                __top_RAM = 0x10008000
                0x000000002007c000                __base_RamAHB32 = 0x2007c000
                0x000000002007c000                __base_RAM2 = 0x2007c000
                0x0000000020084000                __top_RamAHB32 = 0x20084000
                0x0000000020084000                __top_RAM2 = 0x20084000

.text           0x0000000000000000     0x2174
 FILL mask 0xff
                0x0000000000000000                __vectors_start__ = ABSOLUTE (.)
 *(.isr_vector)
 .isr_vector    0x0000000000000000       0xcc ./src/cr_startup_lpc175x_6x.o
                0x0000000000000000                g_pfnVectors
                0x00000000000000cc                . = ALIGN (0x4)
                0x00000000000000cc                __section_table_start = .
                0x00000000000000cc                __data_section_table = .
                0x00000000000000cc        0x4 LONG 0x2174 LOADADDR (.data)
                0x00000000000000d0        0x4 LONG 0x10000000 ADDR (.data)
                0x00000000000000d4        0x4 LONG 0x0 SIZEOF (.data)
                0x00000000000000d8        0x4 LONG 0x2174 LOADADDR (.data_RAM2)
                0x00000000000000dc        0x4 LONG 0x2007c000 ADDR (.data_RAM2)
                0x00000000000000e0        0x4 LONG 0x0 SIZEOF (.data_RAM2)
                0x00000000000000e4                __data_section_table_end = .
                0x00000000000000e4                __bss_section_table = .
                0x00000000000000e4        0x4 LONG 0x10000000 ADDR (.bss)
                0x00000000000000e8        0x4 LONG 0x450 SIZEOF (.bss)
                0x00000000000000ec        0x4 LONG 0x2007c000 ADDR (.bss_RAM2)
                0x00000000000000f0        0x4 LONG 0x0 SIZEOF (.bss_RAM2)
                0x00000000000000f4                __bss_section_table_end = .
                0x00000000000000f4                __section_table_end = .
 *(.after_vectors*)
 .after_vectors
                0x00000000000000f4      0x12c ./src/cr_startup_lpc175x_6x.o
                0x00000000000000f4                data_init
                0x0000000000000138                bss_init
                0x0000000000000170                ResetISR
                0x00000000000001e4                NMI_Handler
                0x00000000000001ea                HardFault_Handler
                0x00000000000001f0                MemManage_Handler
                0x00000000000001f6                BusFault_Handler
                0x00000000000001fc                UsageFault_Handler
                0x0000000000000202                SVC_Handler
                0x0000000000000208                DebugMon_Handler
                0x000000000000020e                PendSV_Handler
                0x000000000000021a                TIMER2_IRQHandler
                0x000000000000021a                RIT_IRQHandler
                0x000000000000021a                I2C0_IRQHandler
                0x000000000000021a                USBActivity_IRQHandler
                0x000000000000021a                PWM1_IRQHandler
                0x000000000000021a                EINT3_IRQHandler
                0x000000000000021a                CANActivity_IRQHandler
                0x000000000000021a                TIMER3_IRQHandler
                0x000000000000021a                IntDefaultHandler
                0x000000000000021a                PLL0_IRQHandler
                0x000000000000021a                CAN_IRQHandler
                0x000000000000021a                PLL1_IRQHandler
                0x000000000000021a                SSP0_IRQHandler
                0x000000000000021a                I2S_IRQHandler
                0x000000000000021a                I2C2_IRQHandler
                0x000000000000021a                RTC_IRQHandler
                0x000000000000021a                SPI_IRQHandler
                0x000000000000021a                EINT1_IRQHandler
                0x000000000000021a                TIMER1_IRQHandler
                0x000000000000021a                UART2_IRQHandler
                0x000000000000021a                SSP1_IRQHandler
                0x000000000000021a                USB_IRQHandler
                0x000000000000021a                BOD_IRQHandler
                0x000000000000021a                WDT_IRQHandler
                0x000000000000021a                QEI_IRQHandler
                0x000000000000021a                EINT0_IRQHandler
                0x000000000000021a                DMA_IRQHandler
                0x000000000000021a                UART3_IRQHandler
                0x000000000000021a                MCPWM_IRQHandler
                0x000000000000021a                ENET_IRQHandler
 *(.text*)
 .text.ADC_run  0x0000000000000220       0x20 ./src/PR/PR_ADC.o
                0x0000000000000220                ADC_run
 .text.BMP280_init
                0x0000000000000240       0x4c ./src/PR/PR_BMP280.o
                0x0000000000000240                BMP280_init
 .text.BMP280_getValues
                0x000000000000028c       0x38 ./src/PR/PR_BMP280.o
                0x000000000000028c                BMP280_getValues
 .text.get_temp
                0x00000000000002c4       0x24 ./src/PR/PR_BMP280.o
                0x00000000000002c4                get_temp
 .text.get_pres
                0x00000000000002e8       0x24 ./src/PR/PR_BMP280.o
                0x00000000000002e8                get_pres
 .text.set_calib_param
                0x000000000000030c      0x120 ./src/PR/PR_BMP280.o
                0x000000000000030c                set_calib_param
 .text.bmp280_get_uncomp_data
                0x000000000000042c       0x58 ./src/PR/PR_BMP280.o
                0x000000000000042c                bmp280_get_uncomp_data
 .text.get_comp_temp
                0x0000000000000484       0xb8 ./src/PR/PR_BMP280.o
                0x0000000000000484                get_comp_temp
 .text.get_comp_pres
                0x000000000000053c      0x1d0 ./src/PR/PR_BMP280.o
                0x000000000000053c                get_comp_pres
 .text.InicializarBotones
                0x000000000000070c       0x6c ./src/PR/PR_Botones.o
                0x000000000000070c                InicializarBotones
 .text.getBtn   0x0000000000000778       0x54 ./src/PR/PR_Botones.o
                0x0000000000000778                getBtn
 .text.InicializarI2C
                0x00000000000007cc       0x48 ./src/PR/PR_I2C.o
                0x00000000000007cc                InicializarI2C
 .text.I2C_readWrite
                0x0000000000000814       0xc4 ./src/PR/PR_I2C.o
                0x0000000000000814                I2C_readWrite
 .text.I2C_read
                0x00000000000008d8       0x98 ./src/PR/PR_I2C.o
                0x00000000000008d8                I2C_read
 .text.InicializarPWM
                0x0000000000000970       0x20 ./src/PR/PR_PWM.o
                0x0000000000000970                InicializarPWM
 .text.InicializarRelays
                0x0000000000000990       0x80 ./src/PR/PR_Relays.o
                0x0000000000000990                InicializarRelays
 .text.setRelay
                0x0000000000000a10       0x94 ./src/PR/PR_Relays.o
                0x0000000000000a10                setRelay
 .text.InicializarSerial0
                0x0000000000000aa4       0x20 ./src/PR/PR_Serial.o
                0x0000000000000aa4                InicializarSerial0
 .text.InicializarSerial1
                0x0000000000000ac4       0x20 ./src/PR/PR_Serial.o
                0x0000000000000ac4                InicializarSerial1
 .text.UART0_pushTX
                0x0000000000000ae4       0x5c ./src/PR/PR_Serial.o
                0x0000000000000ae4                UART0_pushTX
 .text.UART1_popRX
                0x0000000000000b40       0x54 ./src/PR/PR_Serial.o
                0x0000000000000b40                UART1_popRX
 .text.UART1_pushTX
                0x0000000000000b94       0x58 ./src/PR/PR_Serial.o
                0x0000000000000b94                UART1_pushTX
 .text.UART1_SendString
                0x0000000000000bec       0x4e ./src/PR/PR_Serial.o
                0x0000000000000bec                UART1_SendString
 *fill*         0x0000000000000c3a        0x2 ff
 .text.TimerDiscount
                0x0000000000000c3c       0x6c ./src/PR/PR_Timers.o
                0x0000000000000c3c                TimerDiscount
 .text.Timers_run
                0x0000000000000ca8       0x48 ./src/PR/PR_Timers.o
                0x0000000000000ca8                Timers_run
 .text.ADC_IRQHandler
                0x0000000000000cf0      0x114 ./src/DR/DR_ADC.o
                0x0000000000000cf0                ADC_IRQHandler
 .text.ADC_startConvertion
                0x0000000000000e04       0x24 ./src/DR/DR_ADC.o
                0x0000000000000e04                ADC_startConvertion
 .text.TecladoHW
                0x0000000000000e28       0x6e ./src/DR/DR_Botones.o
                0x0000000000000e28                TecladoHW
 *fill*         0x0000000000000e96        0x2 ff
 .text.TecladoSW
                0x0000000000000e98       0xa8 ./src/DR/DR_Botones.o
                0x0000000000000e98                TecladoSW
 .text.InicializarEINT_DR
                0x0000000000000f40       0x4c ./src/DR/DR_ExtInt.o
                0x0000000000000f40                InicializarEINT_DR
 .text.EINT2_IRQHandler
                0x0000000000000f8c       0x70 ./src/DR/DR_ExtInt.o
                0x0000000000000f8c                EINT2_IRQHandler
 .text.setPinmode
                0x0000000000000ffc       0x94 ./src/DR/DR_GPIO.o
                0x0000000000000ffc                setPinmode
 .text.setPinmode_OD
                0x0000000000001090       0x64 ./src/DR/DR_GPIO.o
                0x0000000000001090                setPinmode_OD
 .text.setDir   0x00000000000010f4       0x76 ./src/DR/DR_GPIO.o
                0x00000000000010f4                setDir
 *fill*         0x000000000000116a        0x2 ff
 .text.setPin   0x000000000000116c       0xe8 ./src/DR/DR_GPIO.o
                0x000000000000116c                setPin
 .text.getPin   0x0000000000001254       0x4e ./src/DR/DR_GPIO.o
                0x0000000000001254                getPin
 *fill*         0x00000000000012a2        0x2 ff
 .text.InicializarI2C_DR
                0x00000000000012a4       0x90 ./src/DR/DR_I2C.o
                0x00000000000012a4                InicializarI2C_DR
 .text.I2C1_IRQHandler
                0x0000000000001334      0x304 ./src/DR/DR_I2C.o
                0x0000000000001334                I2C1_IRQHandler
 .text.I2C1_Stop
                0x0000000000001638       0x2c ./src/DR/DR_I2C.o
                0x0000000000001638                I2C1_Stop
 .text.I2C1_Engine
                0x0000000000001664       0x58 ./src/DR/DR_I2C.o
                0x0000000000001664                I2C1_Engine
 .text.InicializarPLL
                0x00000000000016bc      0x140 ./src/DR/DR_PLL.o
                0x00000000000016bc                InicializarPLL
 .text.InicializarPWM_DR
                0x00000000000017fc       0xdc ./src/DR/DR_PWM.o
                0x00000000000017fc                InicializarPWM_DR
 .text.PWM_setDutyCicle
                0x00000000000018d8       0x70 ./src/DR/DR_PWM.o
                0x00000000000018d8                PWM_setDutyCicle
 .text.PWM_update
                0x0000000000001948       0x5c ./src/DR/DR_PWM.o
                0x0000000000001948                PWM_update
 .text.setPinsel
                0x00000000000019a4       0xa4 ./src/DR/DR_Pinsel.o
                0x00000000000019a4                setPinsel
 .text.InicializarUART0_DR
                0x0000000000001a48       0x90 ./src/DR/DR_Serial.o
                0x0000000000001a48                InicializarUART0_DR
 .text.UART0_pushRX
                0x0000000000001ad8       0x40 ./src/DR/DR_Serial.o
                0x0000000000001ad8                UART0_pushRX
 .text.UART0_popTX
                0x0000000000001b18       0x60 ./src/DR/DR_Serial.o
                0x0000000000001b18                UART0_popTX
 .text.UART0_forceTX
                0x0000000000001b78       0x28 ./src/DR/DR_Serial.o
                0x0000000000001b78                UART0_forceTX
 .text.UART0_IRQHandler
                0x0000000000001ba0       0xa0 ./src/DR/DR_Serial.o
                0x0000000000001ba0                UART0_IRQHandler
 .text.InicializarUART1_DR
                0x0000000000001c40       0x90 ./src/DR/DR_Serial.o
                0x0000000000001c40                InicializarUART1_DR
 .text.UART1_pushRX
                0x0000000000001cd0       0x40 ./src/DR/DR_Serial.o
                0x0000000000001cd0                UART1_pushRX
 .text.UART1_popTX
                0x0000000000001d10       0x60 ./src/DR/DR_Serial.o
                0x0000000000001d10                UART1_popTX
 .text.UART1_forceTX
                0x0000000000001d70       0x28 ./src/DR/DR_Serial.o
                0x0000000000001d70                UART1_forceTX
 .text.UART1_IRQHandler
                0x0000000000001d98       0xa0 ./src/DR/DR_Serial.o
                0x0000000000001d98                UART1_IRQHandler
 .text.InicializarSystick
                0x0000000000001e38       0x40 ./src/DR/DR_Systick.o
                0x0000000000001e38                InicializarSystick
 .text.SysTick_Handler
                0x0000000000001e78       0x1c ./src/DR/DR_Systick.o
                0x0000000000001e78                SysTick_Handler
 .text.scheduler_run
                0x0000000000001e94       0x74 ./src/DR/DR_Systick.o
                0x0000000000001e94                scheduler_run
 .text.TIMER0_getTime
                0x0000000000001f08       0x14 ./src/DR/DR_Timer0.o
                0x0000000000001f08                TIMER0_getTime
 .text.TIMER0_rstTime
                0x0000000000001f1c       0x18 ./src/DR/DR_Timer0.o
                0x0000000000001f1c                TIMER0_rstTime
 .text.TIMER0_IRQHandler
                0x0000000000001f34       0x28 ./src/DR/DR_Timer0.o
                0x0000000000001f34                TIMER0_IRQHandler
 .text.main     0x0000000000001f5c      0x1e4 ./src/TPI_V0.o
                0x0000000000001f5c                main
 .text.__weak_main
                0x0000000000002140        0x4 /usr/local/mcuxpressoide-11.2.0_4120/ide/plugins/com.nxp.mcuxpresso.tools.linux_11.2.0.202001021529/tools/bin/../lib/gcc/arm-none-eabi/9.2.1/../../../../arm-none-eabi/lib/thumb/v7-m/nofp/libcr_c.a(__weak__main.o)
                0x0000000000002140                __main
                0x0000000000002140                __weak_main
 *(.rodata .rodata.* .constdata .constdata.*)
 .rodata.BMP280_init.str1.4
                0x0000000000002144        0x6 ./src/PR/PR_BMP280.o
 *fill*         0x000000000000214a        0x2 ff
 .rodata.main.str1.4
                0x000000000000214c       0x26 ./src/TPI_V0.o
                0x0000000000002174                . = ALIGN (0x4)
 *fill*         0x0000000000002172        0x2 ff

.glue_7         0x0000000000002174        0x0
 .glue_7        0x0000000000002174        0x0 linker stubs

.glue_7t        0x0000000000002174        0x0
 .glue_7t       0x0000000000002174        0x0 linker stubs

.vfp11_veneer   0x0000000000002174        0x0
 .vfp11_veneer  0x0000000000002174        0x0 linker stubs

.v4_bx          0x0000000000002174        0x0
 .v4_bx         0x0000000000002174        0x0 linker stubs

.iplt           0x0000000000002174        0x0
 .iplt          0x0000000000002174        0x0 ./src/PR/PR_ADC.o

.rel.dyn        0x0000000000002174        0x0
 .rel.iplt      0x0000000000002174        0x0 ./src/PR/PR_ADC.o

.ARM.extab
 *(.ARM.extab* .gnu.linkonce.armextab.*)

.ARM.exidx      0x0000000000002174        0x0
                0x0000000000002174                __exidx_start = .
 *(.ARM.exidx* .gnu.linkonce.armexidx.*)
                0x0000000000002174                __exidx_end = .
                0x0000000000002174                _etext = .

.data_RAM2      0x000000002007c000        0x0 load address 0x0000000000002174
 FILL mask 0xff
                [!provide]                        PROVIDE (__start_data_RAM2 = .)
                [!provide]                        PROVIDE (__start_data_RamAHB32 = .)
 *(.ramfunc.$RAM2)
 *(.ramfunc.$RamAHB32)
 *(.data.$RAM2)
 *(.data.$RamAHB32)
 *(.data.$RAM2.*)
 *(.data.$RamAHB32.*)
                0x000000002007c000                . = ALIGN (0x4)
                [!provide]                        PROVIDE (__end_data_RAM2 = .)
                [!provide]                        PROVIDE (__end_data_RamAHB32 = .)

.uninit_RESERVED
                0x0000000010000000        0x0
                0x0000000010000000                _start_uninit_RESERVED = .
 *(.bss.$RESERVED*)
                0x0000000010000000                . = ALIGN (0x4)
                0x0000000010000000                _end_uninit_RESERVED = .

.data           0x0000000010000000        0x0 load address 0x0000000000002174
 FILL mask 0xff
                0x0000000010000000                _data = .
                [!provide]                        PROVIDE (__start_data_RAM = .)
                [!provide]                        PROVIDE (__start_data_RamLoc32 = .)
 *(vtable)
 *(.ramfunc*)
 *(CodeQuickAccess)
 *(DataQuickAccess)
 *(RamFunction)
 *(.data*)
                0x0000000010000000                . = ALIGN (0x4)
                0x0000000010000000                _edata = .
                [!provide]                        PROVIDE (__end_data_RAM = .)
                [!provide]                        PROVIDE (__end_data_RamLoc32 = .)

.igot.plt       0x0000000010000000        0x0 load address 0x0000000000002174
 .igot.plt      0x0000000010000000        0x0 ./src/PR/PR_ADC.o

.bss_RAM2       0x000000002007c000        0x0
                [!provide]                        PROVIDE (__start_bss_RAM2 = .)
                [!provide]                        PROVIDE (__start_bss_RamAHB32 = .)
 *(.bss.$RAM2)
 *(.bss.$RamAHB32)
 *(.bss.$RAM2.*)
 *(.bss.$RamAHB32.*)
                0x000000002007c000                . = ALIGN ((. != 0x0)?0x4:0x1)
                [!provide]                        PROVIDE (__end_bss_RAM2 = .)
                [!provide]                        PROVIDE (__end_bss_RamAHB32 = .)

.bss            0x0000000010000000      0x450
                0x0000000010000000                _bss = .
                [!provide]                        PROVIDE (__start_bss_RAM = .)
                [!provide]                        PROVIDE (__start_bss_RamLoc32 = .)
 *(.bss*)
 .bss.calib_data
                0x0000000010000000       0x19 ./src/PR/PR_BMP280.o
                0x0000000010000000                calib_data
 *fill*         0x0000000010000019        0x3 
 .bss.dev       0x000000001000001c       0x34 ./src/PR/PR_BMP280.o
                0x000000001000001c                dev
 .bss.uncomp_data
                0x0000000010000050        0x8 ./src/PR/PR_BMP280.o
                0x0000000010000050                uncomp_data
 .bss.meas_data
                0x0000000010000058        0x6 ./src/PR/PR_BMP280.o
 *fill*         0x000000001000005e        0x2 
 .bss.pres      0x0000000010000060        0x4 ./src/PR/PR_BMP280.o
 .bss.temp      0x0000000010000064        0x4 ./src/PR/PR_BMP280.o
 .bss.init_falg.3947
                0x0000000010000068        0x1 ./src/PR/PR_BMP280.o
 *fill*         0x0000000010000069        0x3 
 .bss.TmrRun    0x000000001000006c       0x78 ./src/PR/PR_Timers.o
                0x000000001000006c                TmrRun
 .bss.TmrFunciones
                0x00000000100000e4       0x78 ./src/PR/PR_Timers.o
                0x00000000100000e4                TmrFunciones
 .bss.TmrFlags  0x000000001000015c       0x1f ./src/PR/PR_Timers.o
                0x000000001000015c                TmrFlags
 *fill*         0x000000001000017b        0x1 
 .bss.TmrPause  0x000000001000017c       0x1e ./src/PR/PR_Timers.o
                0x000000001000017c                TmrPause
 *fill*         0x000000001000019a        0x2 
 .bss.ADC_read_buffer
                0x000000001000019c       0xc0 ./src/DR/DR_ADC.o
 .bss.ADC_buffer
                0x000000001000025c        0xc ./src/DR/DR_ADC.o
                0x000000001000025c                ADC_buffer
 .bss.ADC_ready
                0x0000000010000268        0x1 ./src/DR/DR_ADC.o
                0x0000000010000268                ADC_ready
 *fill*         0x0000000010000269        0x3 
 .bss.count_n.3736
                0x000000001000026c        0x4 ./src/DR/DR_ADC.o
 .bss.Botones_buff
                0x0000000010000270        0x1 ./src/DR/DR_Botones.o
                0x0000000010000270                Botones_buff
 .bss.prev_code.3691
                0x0000000010000271        0x1 ./src/DR/DR_Botones.o
 .bss.stableState_n.3692
                0x0000000010000272        0x1 ./src/DR/DR_Botones.o
 *fill*         0x0000000010000273        0x1 
 .bss.startTime
                0x0000000010000274        0x4 ./src/DR/DR_ExtInt.o
 .bss.intTime   0x0000000010000278        0x4 ./src/DR/DR_ExtInt.o
                0x0000000010000278                intTime
 .bss.I2C1_State
                0x000000001000027c        0x4 ./src/DR/DR_I2C.o
                0x000000001000027c                I2C1_State
 .bss.I2C1_timeout
                0x0000000010000280        0x4 ./src/DR/DR_I2C.o
                0x0000000010000280                I2C1_timeout
 .bss.I2C1_MasterBuff
                0x0000000010000284       0x40 ./src/DR/DR_I2C.o
                0x0000000010000284                I2C1_MasterBuff
 .bss.I2C1_SlaveBuff
                0x00000000100002c4       0x40 ./src/DR/DR_I2C.o
                0x00000000100002c4                I2C1_SlaveBuff
 .bss.I2C1_ReadLen
                0x0000000010000304        0x4 ./src/DR/DR_I2C.o
                0x0000000010000304                I2C1_ReadLen
 .bss.I2C1_WriteLen
                0x0000000010000308        0x4 ./src/DR/DR_I2C.o
                0x0000000010000308                I2C1_WriteLen
 .bss.I2C1_RdIdx
                0x000000001000030c        0x4 ./src/DR/DR_I2C.o
                0x000000001000030c                I2C1_RdIdx
 .bss.I2C1_WrIdx
                0x0000000010000310        0x4 ./src/DR/DR_I2C.o
                0x0000000010000310                I2C1_WrIdx
 .bss.PWM_buff  0x0000000010000314        0x6 ./src/DR/DR_PWM.o
                0x0000000010000314                PWM_buff
 *fill*         0x000000001000031a        0x2 
 .bss.UART0_rx_buff
                0x000000001000031c       0x40 ./src/DR/DR_Serial.o
                0x000000001000031c                UART0_rx_buff
 .bss.UART0_rx_in
                0x000000001000035c        0x4 ./src/DR/DR_Serial.o
                0x000000001000035c                UART0_rx_in
 .bss.UART0_tx_buff
                0x0000000010000360       0x40 ./src/DR/DR_Serial.o
                0x0000000010000360                UART0_tx_buff
 .bss.UART0_tx_in
                0x00000000100003a0        0x4 ./src/DR/DR_Serial.o
                0x00000000100003a0                UART0_tx_in
 .bss.UART0_tx_out
                0x00000000100003a4        0x4 ./src/DR/DR_Serial.o
                0x00000000100003a4                UART0_tx_out
 .bss.UART0_tx_flag
                0x00000000100003a8        0x1 ./src/DR/DR_Serial.o
                0x00000000100003a8                UART0_tx_flag
 *fill*         0x00000000100003a9        0x3 
 .bss.UART1_rx_buff
                0x00000000100003ac       0x40 ./src/DR/DR_Serial.o
                0x00000000100003ac                UART1_rx_buff
 .bss.UART1_rx_in
                0x00000000100003ec        0x4 ./src/DR/DR_Serial.o
                0x00000000100003ec                UART1_rx_in
 .bss.UART1_rx_out
                0x00000000100003f0        0x4 ./src/DR/DR_Serial.o
                0x00000000100003f0                UART1_rx_out
 .bss.UART1_tx_buff
                0x00000000100003f4       0x40 ./src/DR/DR_Serial.o
                0x00000000100003f4                UART1_tx_buff
 .bss.UART1_tx_in
                0x0000000010000434        0x4 ./src/DR/DR_Serial.o
                0x0000000010000434                UART1_tx_in
 .bss.UART1_tx_out
                0x0000000010000438        0x4 ./src/DR/DR_Serial.o
                0x0000000010000438                UART1_tx_out
 .bss.UART1_tx_flag
                0x000000001000043c        0x1 ./src/DR/DR_Serial.o
                0x000000001000043c                UART1_tx_flag
 *fill*         0x000000001000043d        0x3 
 .bss.systickCounter
                0x0000000010000440        0x4 ./src/DR/DR_Systick.o
 .bss.pwm_counter.3756
                0x0000000010000444        0x4 ./src/DR/DR_Systick.o
 .bss.btn_counter.3757
                0x0000000010000448        0x4 ./src/DR/DR_Systick.o
 .bss.TIM0_count
                0x000000001000044c        0x4 ./src/DR/DR_Timer0.o
                0x000000001000044c                TIM0_count
 *(COMMON)
                0x0000000010000450                . = ALIGN (0x4)
                0x0000000010000450                _ebss = .
                [!provide]                        PROVIDE (__end_bss_RAM = .)
                [!provide]                        PROVIDE (__end_bss_RamLoc32 = .)
                [!provide]                        PROVIDE (end = .)

.noinit_RAM2    0x000000002007c000        0x0
                [!provide]                        PROVIDE (__start_noinit_RAM2 = .)
                [!provide]                        PROVIDE (__start_noinit_RamAHB32 = .)
 *(.noinit.$RAM2)
 *(.noinit.$RamAHB32)
 *(.noinit.$RAM2.*)
 *(.noinit.$RamAHB32.*)
                0x000000002007c000                . = ALIGN (0x4)
                [!provide]                        PROVIDE (__end_noinit_RAM2 = .)
                [!provide]                        PROVIDE (__end_noinit_RamAHB32 = .)

.noinit         0x0000000010000450        0x0
                0x0000000010000450                _noinit = .
                [!provide]                        PROVIDE (__start_noinit_RAM = .)
                [!provide]                        PROVIDE (__start_noinit_RamLoc32 = .)
 *(.noinit*)
                0x0000000010000450                . = ALIGN (0x4)
                0x0000000010000450                _end_noinit = .
                [!provide]                        PROVIDE (__end_noinit_RAM = .)
                [!provide]                        PROVIDE (__end_noinit_RamLoc32 = .)
                [!provide]                        PROVIDE (_pvHeapStart = DEFINED (__user_heap_base)?__user_heap_base:.)
                0x0000000010008000                PROVIDE (_vStackTop = DEFINED (__user_stack_top)?__user_stack_top:(__top_RamLoc32 - 0x0))
                0xffffffffefff74da                PROVIDE (__valid_user_code_checksum = (0x0 - ((((((_vStackTop + (ResetISR + 0x1)) + (NMI_Handler + 0x1)) + (HardFault_Handler + 0x1)) + (DEFINED (MemManage_Handler)?MemManage_Handler:0x0 + 0x1)) + (DEFINED (BusFault_Handler)?BusFault_Handler:0x0 + 0x1)) + (DEFINED (UsageFault_Handler)?UsageFault_Handler:0x0 + 0x1))))
                0x0000000000000000                _image_start = LOADADDR (.text)
                0x0000000000002174                _image_end = (LOADADDR (.data) + SIZEOF (.data))
                0x0000000000002174                _image_size = (_image_end - _image_start)
OUTPUT(TPI_V0.axf elf32-littlearm)

.debug_info     0x0000000000000000     0x39ba
 .debug_info    0x0000000000000000       0xfe ./src/PR/PR_ADC.o
 .debug_info    0x00000000000000fe      0x60b ./src/PR/PR_BMP280.o
 .debug_info    0x0000000000000709       0xba ./src/PR/PR_Botones.o
 .debug_info    0x00000000000007c3      0x2c6 ./src/PR/PR_I2C.o
 .debug_info    0x0000000000000a89      0x12b ./src/PR/PR_PWM.o
 .debug_info    0x0000000000000bb4       0xff ./src/PR/PR_Relays.o
 .debug_info    0x0000000000000cb3      0x26a ./src/PR/PR_Serial.o
 .debug_info    0x0000000000000f1d      0x355 ./src/PR/PR_Timers.o
 .debug_info    0x0000000000001272      0x549 ./src/DR/DR_ADC.o
 .debug_info    0x00000000000017bb      0x112 ./src/DR/DR_Botones.o
 .debug_info    0x00000000000018cd      0x142 ./src/DR/DR_ExtInt.o
 .debug_info    0x0000000000001a0f      0x27f ./src/DR/DR_GPIO.o
 .debug_info    0x0000000000001c8e      0x2d6 ./src/DR/DR_I2C.o
 .debug_info    0x0000000000001f64       0x72 ./src/DR/DR_PLL.o
 .debug_info    0x0000000000001fd6      0x55a ./src/DR/DR_PWM.o
 .debug_info    0x0000000000002530       0xac ./src/DR/DR_Pinsel.o
 .debug_info    0x00000000000025dc      0x6d6 ./src/DR/DR_Serial.o
 .debug_info    0x0000000000002cb2      0x2c5 ./src/DR/DR_Systick.o
 .debug_info    0x0000000000002f77      0x51b ./src/DR/DR_Timer0.o
 .debug_info    0x0000000000003492      0x2b6 ./src/TPI_V0.o
 .debug_info    0x0000000000003748      0x272 ./src/cr_startup_lpc175x_6x.o

.debug_abbrev   0x0000000000000000     0x1755
 .debug_abbrev  0x0000000000000000       0xc7 ./src/PR/PR_ADC.o
 .debug_abbrev  0x00000000000000c7      0x233 ./src/PR/PR_BMP280.o
 .debug_abbrev  0x00000000000002fa       0xb0 ./src/PR/PR_Botones.o
 .debug_abbrev  0x00000000000003aa      0x10e ./src/PR/PR_I2C.o
 .debug_abbrev  0x00000000000004b8       0xdc ./src/PR/PR_PWM.o
 .debug_abbrev  0x0000000000000594       0xc1 ./src/PR/PR_Relays.o
 .debug_abbrev  0x0000000000000655       0xf2 ./src/PR/PR_Serial.o
 .debug_abbrev  0x0000000000000747      0x15b ./src/PR/PR_Timers.o
 .debug_abbrev  0x00000000000008a2      0x134 ./src/DR/DR_ADC.o
 .debug_abbrev  0x00000000000009d6       0xca ./src/DR/DR_Botones.o
 .debug_abbrev  0x0000000000000aa0      0x10a ./src/DR/DR_ExtInt.o
 .debug_abbrev  0x0000000000000baa       0xf7 ./src/DR/DR_GPIO.o
 .debug_abbrev  0x0000000000000ca1      0x15d ./src/DR/DR_I2C.o
 .debug_abbrev  0x0000000000000dfe       0x56 ./src/DR/DR_PLL.o
 .debug_abbrev  0x0000000000000e54      0x166 ./src/DR/DR_PWM.o
 .debug_abbrev  0x0000000000000fba       0x78 ./src/DR/DR_Pinsel.o
 .debug_abbrev  0x0000000000001032      0x230 ./src/DR/DR_Serial.o
 .debug_abbrev  0x0000000000001262      0x162 ./src/DR/DR_Systick.o
 .debug_abbrev  0x00000000000013c4      0x165 ./src/DR/DR_Timer0.o
 .debug_abbrev  0x0000000000001529      0x115 ./src/TPI_V0.o
 .debug_abbrev  0x000000000000163e      0x117 ./src/cr_startup_lpc175x_6x.o

.debug_aranges  0x0000000000000000      0x510
 .debug_aranges
                0x0000000000000000       0x38 ./src/PR/PR_ADC.o
 .debug_aranges
                0x0000000000000038       0x58 ./src/PR/PR_BMP280.o
 .debug_aranges
                0x0000000000000090       0x28 ./src/PR/PR_Botones.o
 .debug_aranges
                0x00000000000000b8       0x38 ./src/PR/PR_I2C.o
 .debug_aranges
                0x00000000000000f0       0x38 ./src/PR/PR_PWM.o
 .debug_aranges
                0x0000000000000128       0x30 ./src/PR/PR_Relays.o
 .debug_aranges
                0x0000000000000158       0x58 ./src/PR/PR_Serial.o
 .debug_aranges
                0x00000000000001b0       0x58 ./src/PR/PR_Timers.o
 .debug_aranges
                0x0000000000000208       0x30 ./src/DR/DR_ADC.o
 .debug_aranges
                0x0000000000000238       0x28 ./src/DR/DR_Botones.o
 .debug_aranges
                0x0000000000000260       0x30 ./src/DR/DR_ExtInt.o
 .debug_aranges
                0x0000000000000290       0x48 ./src/DR/DR_GPIO.o
 .debug_aranges
                0x00000000000002d8       0x38 ./src/DR/DR_I2C.o
 .debug_aranges
                0x0000000000000310       0x20 ./src/DR/DR_PLL.o
 .debug_aranges
                0x0000000000000330       0x30 ./src/DR/DR_PWM.o
 .debug_aranges
                0x0000000000000360       0x20 ./src/DR/DR_Pinsel.o
 .debug_aranges
                0x0000000000000380       0x68 ./src/DR/DR_Serial.o
 .debug_aranges
                0x00000000000003e8       0x40 ./src/DR/DR_Systick.o
 .debug_aranges
                0x0000000000000428       0x40 ./src/DR/DR_Timer0.o
 .debug_aranges
                0x0000000000000468       0x28 ./src/TPI_V0.o
 .debug_aranges
                0x0000000000000490       0x80 ./src/cr_startup_lpc175x_6x.o

.debug_ranges   0x0000000000000000      0x3c0
 .debug_ranges  0x0000000000000000       0x28 ./src/PR/PR_ADC.o
 .debug_ranges  0x0000000000000028       0x48 ./src/PR/PR_BMP280.o
 .debug_ranges  0x0000000000000070       0x18 ./src/PR/PR_Botones.o
 .debug_ranges  0x0000000000000088       0x28 ./src/PR/PR_I2C.o
 .debug_ranges  0x00000000000000b0       0x28 ./src/PR/PR_PWM.o
 .debug_ranges  0x00000000000000d8       0x20 ./src/PR/PR_Relays.o
 .debug_ranges  0x00000000000000f8       0x48 ./src/PR/PR_Serial.o
 .debug_ranges  0x0000000000000140       0x48 ./src/PR/PR_Timers.o
 .debug_ranges  0x0000000000000188       0x20 ./src/DR/DR_ADC.o
 .debug_ranges  0x00000000000001a8       0x18 ./src/DR/DR_Botones.o
 .debug_ranges  0x00000000000001c0       0x20 ./src/DR/DR_ExtInt.o
 .debug_ranges  0x00000000000001e0       0x38 ./src/DR/DR_GPIO.o
 .debug_ranges  0x0000000000000218       0x28 ./src/DR/DR_I2C.o
 .debug_ranges  0x0000000000000240       0x10 ./src/DR/DR_PLL.o
 .debug_ranges  0x0000000000000250       0x20 ./src/DR/DR_PWM.o
 .debug_ranges  0x0000000000000270       0x10 ./src/DR/DR_Pinsel.o
 .debug_ranges  0x0000000000000280       0x58 ./src/DR/DR_Serial.o
 .debug_ranges  0x00000000000002d8       0x30 ./src/DR/DR_Systick.o
 .debug_ranges  0x0000000000000308       0x30 ./src/DR/DR_Timer0.o
 .debug_ranges  0x0000000000000338       0x18 ./src/TPI_V0.o
 .debug_ranges  0x0000000000000350       0x70 ./src/cr_startup_lpc175x_6x.o

.debug_macro    0x0000000000000000     0x32bd
 .debug_macro   0x0000000000000000       0x59 ./src/PR/PR_ADC.o
 .debug_macro   0x0000000000000059      0xaae ./src/PR/PR_ADC.o
 .debug_macro   0x0000000000000b07      0x1ea ./src/PR/PR_ADC.o
 .debug_macro   0x0000000000000cf1       0x34 ./src/PR/PR_ADC.o
 .debug_macro   0x0000000000000d25      0x1a8 ./src/PR/PR_ADC.o
 .debug_macro   0x0000000000000ecd       0x22 ./src/PR/PR_ADC.o
 .debug_macro   0x0000000000000eef      0x14e ./src/PR/PR_BMP280.o
 .debug_macro   0x000000000000103d      0xaa8 ./src/PR/PR_BMP280.o
 .debug_macro   0x0000000000001ae5       0x10 ./src/PR/PR_BMP280.o
 .debug_macro   0x0000000000001af5      0x12e ./src/PR/PR_BMP280.o
 .debug_macro   0x0000000000001c23      0x5b1 ./src/PR/PR_BMP280.o
 .debug_macro   0x00000000000021d4       0x16 ./src/PR/PR_BMP280.o
 .debug_macro   0x00000000000021ea      0x4a5 ./src/PR/PR_BMP280.o
 .debug_macro   0x000000000000268f       0x50 ./src/PR/PR_Botones.o
 .debug_macro   0x00000000000026df       0x5e ./src/PR/PR_Botones.o
 .debug_macro   0x000000000000273d       0x67 ./src/PR/PR_I2C.o
 .debug_macro   0x00000000000027a4       0x1c ./src/PR/PR_I2C.o
 .debug_macro   0x00000000000027c0       0x5f ./src/PR/PR_PWM.o
 .debug_macro   0x000000000000281f       0x4f ./src/PR/PR_Relays.o
 .debug_macro   0x000000000000286e       0x55 ./src/PR/PR_Serial.o
 .debug_macro   0x00000000000028c3       0x1c ./src/PR/PR_Serial.o
 .debug_macro   0x00000000000028df       0x16 ./src/PR/PR_Serial.o
 .debug_macro   0x00000000000028f5       0x42 ./src/PR/PR_Timers.o
 .debug_macro   0x0000000000002937       0x28 ./src/PR/PR_Timers.o
 .debug_macro   0x000000000000295f       0x6d ./src/DR/DR_ADC.o
 .debug_macro   0x00000000000029cc       0x4c ./src/DR/DR_Botones.o
 .debug_macro   0x0000000000002a18       0xfd ./src/DR/DR_ExtInt.o
 .debug_macro   0x0000000000002b15       0x54 ./src/DR/DR_GPIO.o
 .debug_macro   0x0000000000002b69       0x58 ./src/DR/DR_GPIO.o
 .debug_macro   0x0000000000002bc1       0x9f ./src/DR/DR_I2C.o
 .debug_macro   0x0000000000002c60      0x1a2 ./src/DR/DR_I2C.o
 .debug_macro   0x0000000000002e02       0x42 ./src/DR/DR_PLL.o
 .debug_macro   0x0000000000002e44       0xb5 ./src/DR/DR_PWM.o
 .debug_macro   0x0000000000002ef9       0x48 ./src/DR/DR_Pinsel.o
 .debug_macro   0x0000000000002f41       0x78 ./src/DR/DR_Serial.o
 .debug_macro   0x0000000000002fb9       0x10 ./src/DR/DR_Serial.o
 .debug_macro   0x0000000000002fc9       0x8d ./src/DR/DR_Systick.o
 .debug_macro   0x0000000000003056       0x2e ./src/DR/DR_Systick.o
 .debug_macro   0x0000000000003084       0x10 ./src/DR/DR_Systick.o
 .debug_macro   0x0000000000003094       0x61 ./src/DR/DR_Timer0.o
 .debug_macro   0x00000000000030f5      0x129 ./src/TPI_V0.o
 .debug_macro   0x000000000000321e       0x82 ./src/TPI_V0.o
 .debug_macro   0x00000000000032a0       0x1d ./src/cr_startup_lpc175x_6x.o

.debug_line     0x0000000000000000     0x2cad
 .debug_line    0x0000000000000000      0x158 ./src/PR/PR_ADC.o
 .debug_line    0x0000000000000158      0x55f ./src/PR/PR_BMP280.o
 .debug_line    0x00000000000006b7      0x12f ./src/PR/PR_Botones.o
 .debug_line    0x00000000000007e6      0x29b ./src/PR/PR_I2C.o
 .debug_line    0x0000000000000a81      0x170 ./src/PR/PR_PWM.o
 .debug_line    0x0000000000000bf1      0x16b ./src/PR/PR_Relays.o
 .debug_line    0x0000000000000d5c      0x23d ./src/PR/PR_Serial.o
 .debug_line    0x0000000000000f99      0x2f3 ./src/PR/PR_Timers.o
 .debug_line    0x000000000000128c      0x1d8 ./src/DR/DR_ADC.o
 .debug_line    0x0000000000001464      0x178 ./src/DR/DR_Botones.o
 .debug_line    0x00000000000015dc      0x179 ./src/DR/DR_ExtInt.o
 .debug_line    0x0000000000001755      0x1e2 ./src/DR/DR_GPIO.o
 .debug_line    0x0000000000001937      0x2bd ./src/DR/DR_I2C.o
 .debug_line    0x0000000000001bf4      0x1d1 ./src/DR/DR_PLL.o
 .debug_line    0x0000000000001dc5      0x19b ./src/DR/DR_PWM.o
 .debug_line    0x0000000000001f60       0xe6 ./src/DR/DR_Pinsel.o
 .debug_line    0x0000000000002046      0x307 ./src/DR/DR_Serial.o
 .debug_line    0x000000000000234d      0x1e4 ./src/DR/DR_Systick.o
 .debug_line    0x0000000000002531      0x18b ./src/DR/DR_Timer0.o
 .debug_line    0x00000000000026bc      0x492 ./src/TPI_V0.o
 .debug_line    0x0000000000002b4e      0x15f ./src/cr_startup_lpc175x_6x.o

.debug_str      0x0000000000000000     0x9022
 .debug_str     0x0000000000000000     0x3b03 ./src/PR/PR_ADC.o
                                       0x3b40 (size before relaxing)
 .debug_str     0x0000000000003b03     0x35e4 ./src/PR/PR_BMP280.o
                                       0x6a60 (size before relaxing)
 .debug_str     0x00000000000070e7       0xf9 ./src/PR/PR_Botones.o
                                       0x34d9 (size before relaxing)
 .debug_str     0x00000000000071e0      0x19b ./src/PR/PR_I2C.o
                                       0x3d1c (size before relaxing)
 .debug_str     0x000000000000737b       0x72 ./src/PR/PR_PWM.o
                                       0x3b3c (size before relaxing)
 .debug_str     0x00000000000073ed       0x70 ./src/PR/PR_Relays.o
                                       0x3523 (size before relaxing)
 .debug_str     0x000000000000745d      0x18f ./src/PR/PR_Serial.o
                                       0x35af (size before relaxing)
 .debug_str     0x00000000000075ec      0x127 ./src/PR/PR_Timers.o
                                       0x3505 (size before relaxing)
 .debug_str     0x0000000000007713      0x26b ./src/DR/DR_ADC.o
                                       0x3da8 (size before relaxing)
 .debug_str     0x000000000000797e       0x85 ./src/DR/DR_Botones.o
                                       0x351b (size before relaxing)
 .debug_str     0x0000000000007a03      0x3e1 ./src/DR/DR_ExtInt.o
                                       0x3f60 (size before relaxing)
 .debug_str     0x0000000000007de4       0xfd ./src/DR/DR_GPIO.o
                                       0x358a (size before relaxing)
 .debug_str     0x0000000000007ee1      0x19a ./src/DR/DR_I2C.o
                                       0x3e54 (size before relaxing)
 .debug_str     0x000000000000807b       0x22 ./src/DR/DR_PLL.o
                                       0x3aa3 (size before relaxing)
 .debug_str     0x000000000000809d      0x35d ./src/DR/DR_PWM.o
                                       0x3eca (size before relaxing)
 .debug_str     0x00000000000083fa       0x51 ./src/DR/DR_Pinsel.o
                                       0x346e (size before relaxing)
 .debug_str     0x000000000000844b      0x285 ./src/DR/DR_Serial.o
                                       0x3ea6 (size before relaxing)
 .debug_str     0x00000000000086d0      0x12c ./src/DR/DR_Systick.o
                                       0x3d04 (size before relaxing)
 .debug_str     0x00000000000087fc      0x1c9 ./src/DR/DR_Timer0.o
                                       0x3d11 (size before relaxing)
 .debug_str     0x00000000000089c5      0x497 ./src/TPI_V0.o
                                       0x71d2 (size before relaxing)
 .debug_str     0x0000000000008e5c      0x1c6 ./src/cr_startup_lpc175x_6x.o
                                       0x2fba (size before relaxing)

.comment        0x0000000000000000       0x79
 .comment       0x0000000000000000       0x79 ./src/PR/PR_ADC.o
                                         0x7a (size before relaxing)
 .comment       0x0000000000000079       0x7a ./src/PR/PR_BMP280.o
 .comment       0x0000000000000079       0x7a ./src/PR/PR_Botones.o
 .comment       0x0000000000000079       0x7a ./src/PR/PR_I2C.o
 .comment       0x0000000000000079       0x7a ./src/PR/PR_PWM.o
 .comment       0x0000000000000079       0x7a ./src/PR/PR_Relays.o
 .comment       0x0000000000000079       0x7a ./src/PR/PR_Serial.o
 .comment       0x0000000000000079       0x7a ./src/PR/PR_Timers.o
 .comment       0x0000000000000079       0x7a ./src/DR/DR_ADC.o
 .comment       0x0000000000000079       0x7a ./src/DR/DR_Botones.o
 .comment       0x0000000000000079       0x7a ./src/DR/DR_ExtInt.o
 .comment       0x0000000000000079       0x7a ./src/DR/DR_GPIO.o
 .comment       0x0000000000000079       0x7a ./src/DR/DR_I2C.o
 .comment       0x0000000000000079       0x7a ./src/DR/DR_PLL.o
 .comment       0x0000000000000079       0x7a ./src/DR/DR_PWM.o
 .comment       0x0000000000000079       0x7a ./src/DR/DR_Pinsel.o
 .comment       0x0000000000000079       0x7a ./src/DR/DR_Serial.o
 .comment       0x0000000000000079       0x7a ./src/DR/DR_Systick.o
 .comment       0x0000000000000079       0x7a ./src/DR/DR_Timer0.o
 .comment       0x0000000000000079       0x7a ./src/TPI_V0.o
 .comment       0x0000000000000079       0x7a ./src/cr_startup_lpc175x_6x.o
 .comment       0x0000000000000079       0x7a /usr/local/mcuxpressoide-11.2.0_4120/ide/plugins/com.nxp.mcuxpresso.tools.linux_11.2.0.202001021529/tools/bin/../lib/gcc/arm-none-eabi/9.2.1/../../../../arm-none-eabi/lib/thumb/v7-m/nofp/libcr_c.a(__weak__main.o)

.ARM.attributes
                0x0000000000000000       0x2d
 .ARM.attributes
                0x0000000000000000       0x2d ./src/PR/PR_ADC.o
 .ARM.attributes
                0x000000000000002d       0x2d ./src/PR/PR_BMP280.o
 .ARM.attributes
                0x000000000000005a       0x2d ./src/PR/PR_Botones.o
 .ARM.attributes
                0x0000000000000087       0x2d ./src/PR/PR_I2C.o
 .ARM.attributes
                0x00000000000000b4       0x2d ./src/PR/PR_PWM.o
 .ARM.attributes
                0x00000000000000e1       0x2d ./src/PR/PR_Relays.o
 .ARM.attributes
                0x000000000000010e       0x2d ./src/PR/PR_Serial.o
 .ARM.attributes
                0x000000000000013b       0x2d ./src/PR/PR_Timers.o
 .ARM.attributes
                0x0000000000000168       0x2d ./src/DR/DR_ADC.o
 .ARM.attributes
                0x0000000000000195       0x2d ./src/DR/DR_Botones.o
 .ARM.attributes
                0x00000000000001c2       0x2d ./src/DR/DR_ExtInt.o
 .ARM.attributes
                0x00000000000001ef       0x2d ./src/DR/DR_GPIO.o
 .ARM.attributes
                0x000000000000021c       0x2d ./src/DR/DR_I2C.o
 .ARM.attributes
                0x0000000000000249       0x2d ./src/DR/DR_PLL.o
 .ARM.attributes
                0x0000000000000276       0x2d ./src/DR/DR_PWM.o
 .ARM.attributes
                0x00000000000002a3       0x2d ./src/DR/DR_Pinsel.o
 .ARM.attributes
                0x00000000000002d0       0x2d ./src/DR/DR_Serial.o
 .ARM.attributes
                0x00000000000002fd       0x2d ./src/DR/DR_Systick.o
 .ARM.attributes
                0x000000000000032a       0x2d ./src/DR/DR_Timer0.o
 .ARM.attributes
                0x0000000000000357       0x2d ./src/TPI_V0.o
 .ARM.attributes
                0x0000000000000384       0x2d ./src/cr_startup_lpc175x_6x.o
 .ARM.attributes
                0x00000000000003b1       0x2d /usr/local/mcuxpressoide-11.2.0_4120/ide/plugins/com.nxp.mcuxpresso.tools.linux_11.2.0.202001021529/tools/bin/../lib/gcc/arm-none-eabi/9.2.1/../../../../arm-none-eabi/lib/thumb/v7-m/nofp/libcr_c.a(__weak__main.o)

.debug_frame    0x0000000000000000      0xe80
 .debug_frame   0x0000000000000000       0x90 ./src/PR/PR_ADC.o
 .debug_frame   0x0000000000000090      0x120 ./src/PR/PR_BMP280.o
 .debug_frame   0x00000000000001b0       0x54 ./src/PR/PR_Botones.o
 .debug_frame   0x0000000000000204       0x98 ./src/PR/PR_I2C.o
 .debug_frame   0x000000000000029c       0xa4 ./src/PR/PR_PWM.o
 .debug_frame   0x0000000000000340       0x74 ./src/PR/PR_Relays.o
 .debug_frame   0x00000000000003b4      0x128 ./src/PR/PR_Serial.o
 .debug_frame   0x00000000000004dc      0x148 ./src/PR/PR_Timers.o
 .debug_frame   0x0000000000000624       0x78 ./src/DR/DR_ADC.o
 .debug_frame   0x000000000000069c       0x50 ./src/DR/DR_Botones.o
 .debug_frame   0x00000000000006ec       0x78 ./src/DR/DR_ExtInt.o
 .debug_frame   0x0000000000000764      0x104 ./src/DR/DR_GPIO.o
 .debug_frame   0x0000000000000868       0x90 ./src/DR/DR_I2C.o
 .debug_frame   0x00000000000008f8       0x30 ./src/DR/DR_PLL.o
 .debug_frame   0x0000000000000928       0x7c ./src/DR/DR_PWM.o
 .debug_frame   0x00000000000009a4       0x38 ./src/DR/DR_Pinsel.o
 .debug_frame   0x00000000000009dc      0x188 ./src/DR/DR_Serial.o
 .debug_frame   0x0000000000000b64       0xa8 ./src/DR/DR_Systick.o
 .debug_frame   0x0000000000000c0c       0xb8 ./src/DR/DR_Timer0.o
 .debug_frame   0x0000000000000cc4       0x4c ./src/TPI_V0.o
 .debug_frame   0x0000000000000d10      0x170 ./src/cr_startup_lpc175x_6x.o

Cross Reference Table

Symbol                                            File
ADC_IRQHandler                                    ./src/DR/DR_ADC.o
ADC_buffer                                        ./src/DR/DR_ADC.o
                                                  ./src/PR/PR_ADC.o
ADC_cleanBuff                                     ./src/PR/PR_ADC.o
ADC_inUse                                         ./src/DR/DR_Systick.o
ADC_ready                                         ./src/DR/DR_ADC.o
                                                  ./src/PR/PR_ADC.o
ADC_run                                           ./src/PR/PR_ADC.o
                                                  ./src/TPI_V0.o
ADC_startConvertion                               ./src/DR/DR_ADC.o
                                                  ./src/PR/PR_ADC.o
BMP280_getValues                                  ./src/PR/PR_BMP280.o
                                                  ./src/TPI_V0.o
BMP280_init                                       ./src/PR/PR_BMP280.o
BOD_IRQHandler                                    ./src/cr_startup_lpc175x_6x.o
Botones_buff                                      ./src/DR/DR_Botones.o
                                                  ./src/PR/PR_Botones.o
BusFault_Handler                                  ./src/cr_startup_lpc175x_6x.o
CANActivity_IRQHandler                            ./src/cr_startup_lpc175x_6x.o
CAN_IRQHandler                                    ./src/cr_startup_lpc175x_6x.o
DMA_IRQHandler                                    ./src/cr_startup_lpc175x_6x.o
DebugMon_Handler                                  ./src/cr_startup_lpc175x_6x.o
EINT0_IRQHandler                                  ./src/cr_startup_lpc175x_6x.o
EINT1_IRQHandler                                  ./src/cr_startup_lpc175x_6x.o
EINT2_IRQHandler                                  ./src/DR/DR_ExtInt.o
EINT3_IRQHandler                                  ./src/cr_startup_lpc175x_6x.o
EINT_Enable                                       ./src/DR/DR_ExtInt.o
                                                  ./src/PR/PR_IntTime.o
ENET_IRQHandler                                   ./src/cr_startup_lpc175x_6x.o
HardFault_Handler                                 ./src/cr_startup_lpc175x_6x.o
I2C0_IRQHandler                                   ./src/cr_startup_lpc175x_6x.o
I2C1_Engine                                       ./src/DR/DR_I2C.o
                                                  ./src/PR/PR_I2C.o
I2C1_IRQHandler                                   ./src/DR/DR_I2C.o
I2C1_MasterBuff                                   ./src/DR/DR_I2C.o
                                                  ./src/PR/PR_I2C.o
I2C1_RdIdx                                        ./src/DR/DR_I2C.o
I2C1_ReadLen                                      ./src/DR/DR_I2C.o
                                                  ./src/PR/PR_I2C.o
I2C1_SlaveBuff                                    ./src/DR/DR_I2C.o
                                                  ./src/PR/PR_I2C.o
I2C1_State                                        ./src/DR/DR_I2C.o
I2C1_Stop                                         ./src/DR/DR_I2C.o
I2C1_WrIdx                                        ./src/DR/DR_I2C.o
I2C1_WriteLen                                     ./src/DR/DR_I2C.o
                                                  ./src/PR/PR_I2C.o
I2C1_timeout                                      ./src/DR/DR_I2C.o
I2C2_IRQHandler                                   ./src/cr_startup_lpc175x_6x.o
I2C_read                                          ./src/PR/PR_I2C.o
                                                  ./src/AP/AP_BMP280.o
                                                  ./src/PR/PR_BMP280.o
I2C_readWrite                                     ./src/PR/PR_I2C.o
                                                  ./src/PR/PR_BMP280.o
I2C_write                                         ./src/PR/PR_I2C.o
                                                  ./src/AP/AP_BMP280.o
I2S_IRQHandler                                    ./src/cr_startup_lpc175x_6x.o
InicializarADC                                    ./src/PR/PR_ADC.o
InicializarADC_DR                                 ./src/DR/DR_ADC.o
                                                  ./src/PR/PR_ADC.o
InicializarBMP280                                 ./src/AP/AP_BMP280.o
InicializarBotones                                ./src/PR/PR_Botones.o
                                                  ./src/TPI_V0.o
InicializarEINT_DR                                ./src/DR/DR_ExtInt.o
                                                  ./src/TPI_V0.o
                                                  ./src/PR/PR_IntTime.o
InicializarI2C                                    ./src/PR/PR_I2C.o
                                                  ./src/AP/AP_BMP280.o
                                                  ./src/PR/PR_BMP280.o
InicializarI2C_DR                                 ./src/DR/DR_I2C.o
                                                  ./src/PR/PR_I2C.o
InicializarIntTime                                ./src/PR/PR_IntTime.o
                                                  ./src/AP/AP_Ultrasonido.o
InicializarMotores                                ./src/AP/AP_Motores.o
InicializarPLL                                    ./src/DR/DR_PLL.o
                                                  ./src/TPI_V0.o
InicializarPWM                                    ./src/PR/PR_PWM.o
                                                  ./src/TPI_V0.o
InicializarPWM_DR                                 ./src/DR/DR_PWM.o
                                                  ./src/AP/AP_Motores.o
                                                  ./src/PR/PR_PWM.o
InicializarRelays                                 ./src/PR/PR_Relays.o
                                                  ./src/TPI_V0.o
InicializarSerial0                                ./src/PR/PR_Serial.o
                                                  ./src/TPI_V0.o
InicializarSerial1                                ./src/PR/PR_Serial.o
                                                  ./src/TPI_V0.o
InicializarSystick                                ./src/DR/DR_Systick.o
                                                  ./src/TPI_V0.o
InicializarTimer0_DR                              ./src/DR/DR_Timer0.o
                                                  ./src/PR/PR_IntTime.o
InicializarUART0_DR                               ./src/DR/DR_Serial.o
                                                  ./src/PR/PR_Serial.o
InicializarUART1_DR                               ./src/DR/DR_Serial.o
                                                  ./src/PR/PR_Serial.o
InicializarUS                                     ./src/AP/AP_Ultrasonido.o
IntDefaultHandler                                 ./src/cr_startup_lpc175x_6x.o
MCPWM_IRQHandler                                  ./src/cr_startup_lpc175x_6x.o
MemManage_Handler                                 ./src/cr_startup_lpc175x_6x.o
NMI_Handler                                       ./src/cr_startup_lpc175x_6x.o
PLL0_IRQHandler                                   ./src/cr_startup_lpc175x_6x.o
PLL1_IRQHandler                                   ./src/cr_startup_lpc175x_6x.o
PWM1_IRQHandler                                   ./src/cr_startup_lpc175x_6x.o
PWM_buff                                          ./src/DR/DR_PWM.o
                                                  ./src/PR/PR_PWM.o
PWM_setDutyCicle                                  ./src/DR/DR_PWM.o
                                                  ./src/AP/AP_Motores.o
PWM_update                                        ./src/DR/DR_PWM.o
                                                  ./src/DR/DR_Systick.o
PendSV_Handler                                    ./src/cr_startup_lpc175x_6x.o
QEI_IRQHandler                                    ./src/cr_startup_lpc175x_6x.o
RIT_IRQHandler                                    ./src/cr_startup_lpc175x_6x.o
RTC_IRQHandler                                    ./src/cr_startup_lpc175x_6x.o
ResetISR                                          ./src/cr_startup_lpc175x_6x.o
SPI_IRQHandler                                    ./src/cr_startup_lpc175x_6x.o
SSP0_IRQHandler                                   ./src/cr_startup_lpc175x_6x.o
SSP1_IRQHandler                                   ./src/cr_startup_lpc175x_6x.o
SVC_Handler                                       ./src/cr_startup_lpc175x_6x.o
SysTick_Handler                                   ./src/DR/DR_Systick.o
TIM0_count                                        ./src/DR/DR_Timer0.o
TIMER0_EnableCount                                ./src/DR/DR_Timer0.o
                                                  ./src/PR/PR_IntTime.o
TIMER0_IRQHandler                                 ./src/DR/DR_Timer0.o
TIMER0_getTime                                    ./src/DR/DR_Timer0.o
                                                  ./src/DR/DR_ExtInt.o
TIMER0_rstTime                                    ./src/DR/DR_Timer0.o
                                                  ./src/DR/DR_ExtInt.o
                                                  ./src/PR/PR_IntTime.o
TIMER1_IRQHandler                                 ./src/cr_startup_lpc175x_6x.o
TIMER2_IRQHandler                                 ./src/cr_startup_lpc175x_6x.o
TIMER3_IRQHandler                                 ./src/cr_startup_lpc175x_6x.o
TecladoHW                                         ./src/DR/DR_Botones.o
TecladoSW                                         ./src/DR/DR_Botones.o
                                                  ./src/DR/DR_Systick.o
TimerClose                                        ./src/PR/PR_Timers.o
TimerDiscount                                     ./src/PR/PR_Timers.o
                                                  ./src/DR/DR_Systick.o
TimerGet                                          ./src/PR/PR_Timers.o
TimerPause                                        ./src/PR/PR_Timers.o
TimerSet                                          ./src/PR/PR_Timers.o
TimerStart                                        ./src/PR/PR_Timers.o
                                                  ./src/TPI_V0.o
                                                  ./src/AP/AP_Ultrasonido.o
TimerStop                                         ./src/PR/PR_Timers.o
Timers_run                                        ./src/PR/PR_Timers.o
                                                  ./src/TPI_V0.o
TmrBase                                           ./src/PR/PR_Timers.o
TmrFlags                                          ./src/PR/PR_Timers.o
TmrFunciones                                      ./src/PR/PR_Timers.o
TmrPause                                          ./src/PR/PR_Timers.o
TmrRun                                            ./src/PR/PR_Timers.o
UART0_IRQHandler                                  ./src/DR/DR_Serial.o
UART0_SendString                                  ./src/PR/PR_Serial.o
UART0_forceTX                                     ./src/DR/DR_Serial.o
                                                  ./src/PR/PR_Serial.o
UART0_popRX                                       ./src/PR/PR_Serial.o
UART0_popTX                                       ./src/DR/DR_Serial.o
UART0_pushRX                                      ./src/DR/DR_Serial.o
UART0_pushTX                                      ./src/PR/PR_Serial.o
                                                  ./src/TPI_V0.o
UART0_rx_buff                                     ./src/DR/DR_Serial.o
                                                  ./src/PR/PR_Serial.o
UART0_rx_in                                       ./src/DR/DR_Serial.o
                                                  ./src/PR/PR_Serial.o
UART0_rx_out                                      ./src/DR/DR_Serial.o
                                                  ./src/PR/PR_Serial.o
UART0_tx_buff                                     ./src/DR/DR_Serial.o
                                                  ./src/PR/PR_Serial.o
UART0_tx_flag                                     ./src/DR/DR_Serial.o
                                                  ./src/PR/PR_Serial.o
UART0_tx_in                                       ./src/DR/DR_Serial.o
                                                  ./src/PR/PR_Serial.o
UART0_tx_out                                      ./src/DR/DR_Serial.o
UART1_IRQHandler                                  ./src/DR/DR_Serial.o
UART1_SendString                                  ./src/PR/PR_Serial.o
                                                  ./src/TPI_V0.o
UART1_forceTX                                     ./src/DR/DR_Serial.o
                                                  ./src/PR/PR_Serial.o
UART1_popRX                                       ./src/PR/PR_Serial.o
                                                  ./src/TPI_V0.o
UART1_popTX                                       ./src/DR/DR_Serial.o
UART1_pushRX                                      ./src/DR/DR_Serial.o
UART1_pushTX                                      ./src/PR/PR_Serial.o
UART1_rx_buff                                     ./src/DR/DR_Serial.o
                                                  ./src/PR/PR_Serial.o
UART1_rx_in                                       ./src/DR/DR_Serial.o
                                                  ./src/PR/PR_Serial.o
UART1_rx_out                                      ./src/DR/DR_Serial.o
                                                  ./src/PR/PR_Serial.o
UART1_tx_buff                                     ./src/DR/DR_Serial.o
                                                  ./src/PR/PR_Serial.o
UART1_tx_flag                                     ./src/DR/DR_Serial.o
                                                  ./src/PR/PR_Serial.o
UART1_tx_in                                       ./src/DR/DR_Serial.o
                                                  ./src/PR/PR_Serial.o
UART1_tx_out                                      ./src/DR/DR_Serial.o
UART2_IRQHandler                                  ./src/cr_startup_lpc175x_6x.o
UART3_IRQHandler                                  ./src/cr_startup_lpc175x_6x.o
USBActivity_IRQHandler                            ./src/cr_startup_lpc175x_6x.o
USB_IRQHandler                                    ./src/cr_startup_lpc175x_6x.o
UsageFault_Handler                                ./src/cr_startup_lpc175x_6x.o
WDT_IRQHandler                                    ./src/cr_startup_lpc175x_6x.o
__aeabi_cdcmpeq                                   /usr/local/mcuxpressoide-11.2.0_4120/ide/plugins/com.nxp.mcuxpresso.tools.linux_11.2.0.202001021529/tools/bin/../lib/gcc/arm-none-eabi/9.2.1/thumb/v7-m/nofp/libcr_eabihelpers.a(double.o)
__aeabi_cdcmple                                   /usr/local/mcuxpressoide-11.2.0_4120/ide/plugins/com.nxp.mcuxpresso.tools.linux_11.2.0.202001021529/tools/bin/../lib/gcc/arm-none-eabi/9.2.1/thumb/v7-m/nofp/libcr_eabihelpers.a(double.o)
__aeabi_cdrcmple                                  /usr/local/mcuxpressoide-11.2.0_4120/ide/plugins/com.nxp.mcuxpresso.tools.linux_11.2.0.202001021529/tools/bin/../lib/gcc/arm-none-eabi/9.2.1/thumb/v7-m/nofp/libcr_eabihelpers.a(double.o)
__aeabi_cfcmpeq                                   /usr/local/mcuxpressoide-11.2.0_4120/ide/plugins/com.nxp.mcuxpresso.tools.linux_11.2.0.202001021529/tools/bin/../lib/gcc/arm-none-eabi/9.2.1/thumb/v7-m/nofp/libcr_eabihelpers.a(float.o)
__aeabi_cfcmple                                   /usr/local/mcuxpressoide-11.2.0_4120/ide/plugins/com.nxp.mcuxpresso.tools.linux_11.2.0.202001021529/tools/bin/../lib/gcc/arm-none-eabi/9.2.1/thumb/v7-m/nofp/libcr_eabihelpers.a(float.o)
__aeabi_cfrcmple                                  /usr/local/mcuxpressoide-11.2.0_4120/ide/plugins/com.nxp.mcuxpresso.tools.linux_11.2.0.202001021529/tools/bin/../lib/gcc/arm-none-eabi/9.2.1/thumb/v7-m/nofp/libcr_eabihelpers.a(float.o)
__aeabi_d2f                                       /usr/local/mcuxpressoide-11.2.0_4120/ide/plugins/com.nxp.mcuxpresso.tools.linux_11.2.0.202001021529/tools/bin/../lib/gcc/arm-none-eabi/9.2.1/thumb/v7-m/nofp/libcr_eabihelpers.a(double.o)
__aeabi_d2iz                                      /usr/local/mcuxpressoide-11.2.0_4120/ide/plugins/com.nxp.mcuxpresso.tools.linux_11.2.0.202001021529/tools/bin/../lib/gcc/arm-none-eabi/9.2.1/thumb/v7-m/nofp/libcr_eabihelpers.a(double.o)
__aeabi_d2lz                                      /usr/local/mcuxpressoide-11.2.0_4120/ide/plugins/com.nxp.mcuxpresso.tools.linux_11.2.0.202001021529/tools/bin/../lib/gcc/arm-none-eabi/9.2.1/thumb/v7-m/nofp/libcr_eabihelpers.a(double.o)
__aeabi_d2uiz                                     /usr/local/mcuxpressoide-11.2.0_4120/ide/plugins/com.nxp.mcuxpresso.tools.linux_11.2.0.202001021529/tools/bin/../lib/gcc/arm-none-eabi/9.2.1/thumb/v7-m/nofp/libcr_eabihelpers.a(double.o)
                                                  ./src/AP/AP_Ultrasonido.o
__aeabi_d2ulz                                     /usr/local/mcuxpressoide-11.2.0_4120/ide/plugins/com.nxp.mcuxpresso.tools.linux_11.2.0.202001021529/tools/bin/../lib/gcc/arm-none-eabi/9.2.1/thumb/v7-m/nofp/libcr_eabihelpers.a(double.o)
__aeabi_dadd                                      /usr/local/mcuxpressoide-11.2.0_4120/ide/plugins/com.nxp.mcuxpresso.tools.linux_11.2.0.202001021529/tools/bin/../lib/gcc/arm-none-eabi/9.2.1/thumb/v7-m/nofp/libcr_eabihelpers.a(double.o)
__aeabi_dcmpeq                                    /usr/local/mcuxpressoide-11.2.0_4120/ide/plugins/com.nxp.mcuxpresso.tools.linux_11.2.0.202001021529/tools/bin/../lib/gcc/arm-none-eabi/9.2.1/thumb/v7-m/nofp/libcr_eabihelpers.a(double.o)
__aeabi_dcmpge                                    /usr/local/mcuxpressoide-11.2.0_4120/ide/plugins/com.nxp.mcuxpresso.tools.linux_11.2.0.202001021529/tools/bin/../lib/gcc/arm-none-eabi/9.2.1/thumb/v7-m/nofp/libcr_eabihelpers.a(double.o)
__aeabi_dcmpgt                                    /usr/local/mcuxpressoide-11.2.0_4120/ide/plugins/com.nxp.mcuxpresso.tools.linux_11.2.0.202001021529/tools/bin/../lib/gcc/arm-none-eabi/9.2.1/thumb/v7-m/nofp/libcr_eabihelpers.a(double.o)
__aeabi_dcmple                                    /usr/local/mcuxpressoide-11.2.0_4120/ide/plugins/com.nxp.mcuxpresso.tools.linux_11.2.0.202001021529/tools/bin/../lib/gcc/arm-none-eabi/9.2.1/thumb/v7-m/nofp/libcr_eabihelpers.a(double.o)
__aeabi_dcmplt                                    /usr/local/mcuxpressoide-11.2.0_4120/ide/plugins/com.nxp.mcuxpresso.tools.linux_11.2.0.202001021529/tools/bin/../lib/gcc/arm-none-eabi/9.2.1/thumb/v7-m/nofp/libcr_eabihelpers.a(double.o)
__aeabi_dcmpun                                    /usr/local/mcuxpressoide-11.2.0_4120/ide/plugins/com.nxp.mcuxpresso.tools.linux_11.2.0.202001021529/tools/bin/../lib/gcc/arm-none-eabi/9.2.1/thumb/v7-m/nofp/libcr_eabihelpers.a(double.o)
__aeabi_ddiv                                      /usr/local/mcuxpressoide-11.2.0_4120/ide/plugins/com.nxp.mcuxpresso.tools.linux_11.2.0.202001021529/tools/bin/../lib/gcc/arm-none-eabi/9.2.1/thumb/v7-m/nofp/libcr_eabihelpers.a(double.o)
                                                  ./src/AP/AP_Ultrasonido.o
__aeabi_dmul                                      /usr/local/mcuxpressoide-11.2.0_4120/ide/plugins/com.nxp.mcuxpresso.tools.linux_11.2.0.202001021529/tools/bin/../lib/gcc/arm-none-eabi/9.2.1/thumb/v7-m/nofp/libcr_eabihelpers.a(double.o)
__aeabi_dneg                                      /usr/local/mcuxpressoide-11.2.0_4120/ide/plugins/com.nxp.mcuxpresso.tools.linux_11.2.0.202001021529/tools/bin/../lib/gcc/arm-none-eabi/9.2.1/thumb/v7-m/nofp/libcr_eabihelpers.a(double.o)
__aeabi_drsub                                     /usr/local/mcuxpressoide-11.2.0_4120/ide/plugins/com.nxp.mcuxpresso.tools.linux_11.2.0.202001021529/tools/bin/../lib/gcc/arm-none-eabi/9.2.1/thumb/v7-m/nofp/libcr_eabihelpers.a(double.o)
__aeabi_dsub                                      /usr/local/mcuxpressoide-11.2.0_4120/ide/plugins/com.nxp.mcuxpresso.tools.linux_11.2.0.202001021529/tools/bin/../lib/gcc/arm-none-eabi/9.2.1/thumb/v7-m/nofp/libcr_eabihelpers.a(double.o)
__aeabi_f2d                                       /usr/local/mcuxpressoide-11.2.0_4120/ide/plugins/com.nxp.mcuxpresso.tools.linux_11.2.0.202001021529/tools/bin/../lib/gcc/arm-none-eabi/9.2.1/thumb/v7-m/nofp/libcr_eabihelpers.a(float.o)
                                                  ./src/AP/AP_Ultrasonido.o
__aeabi_f2iz                                      /usr/local/mcuxpressoide-11.2.0_4120/ide/plugins/com.nxp.mcuxpresso.tools.linux_11.2.0.202001021529/tools/bin/../lib/gcc/arm-none-eabi/9.2.1/thumb/v7-m/nofp/libcr_eabihelpers.a(float.o)
__aeabi_f2lz                                      /usr/local/mcuxpressoide-11.2.0_4120/ide/plugins/com.nxp.mcuxpresso.tools.linux_11.2.0.202001021529/tools/bin/../lib/gcc/arm-none-eabi/9.2.1/thumb/v7-m/nofp/libcr_eabihelpers.a(float.o)
__aeabi_f2uiz                                     /usr/local/mcuxpressoide-11.2.0_4120/ide/plugins/com.nxp.mcuxpresso.tools.linux_11.2.0.202001021529/tools/bin/../lib/gcc/arm-none-eabi/9.2.1/thumb/v7-m/nofp/libcr_eabihelpers.a(float.o)
__aeabi_f2ulz                                     /usr/local/mcuxpressoide-11.2.0_4120/ide/plugins/com.nxp.mcuxpresso.tools.linux_11.2.0.202001021529/tools/bin/../lib/gcc/arm-none-eabi/9.2.1/thumb/v7-m/nofp/libcr_eabihelpers.a(float.o)
__aeabi_fadd                                      /usr/local/mcuxpressoide-11.2.0_4120/ide/plugins/com.nxp.mcuxpresso.tools.linux_11.2.0.202001021529/tools/bin/../lib/gcc/arm-none-eabi/9.2.1/thumb/v7-m/nofp/libcr_eabihelpers.a(float.o)
__aeabi_fcmpeq                                    /usr/local/mcuxpressoide-11.2.0_4120/ide/plugins/com.nxp.mcuxpresso.tools.linux_11.2.0.202001021529/tools/bin/../lib/gcc/arm-none-eabi/9.2.1/thumb/v7-m/nofp/libcr_eabihelpers.a(float.o)
__aeabi_fcmpge                                    /usr/local/mcuxpressoide-11.2.0_4120/ide/plugins/com.nxp.mcuxpresso.tools.linux_11.2.0.202001021529/tools/bin/../lib/gcc/arm-none-eabi/9.2.1/thumb/v7-m/nofp/libcr_eabihelpers.a(float.o)
__aeabi_fcmpgt                                    /usr/local/mcuxpressoide-11.2.0_4120/ide/plugins/com.nxp.mcuxpresso.tools.linux_11.2.0.202001021529/tools/bin/../lib/gcc/arm-none-eabi/9.2.1/thumb/v7-m/nofp/libcr_eabihelpers.a(float.o)
__aeabi_fcmple                                    /usr/local/mcuxpressoide-11.2.0_4120/ide/plugins/com.nxp.mcuxpresso.tools.linux_11.2.0.202001021529/tools/bin/../lib/gcc/arm-none-eabi/9.2.1/thumb/v7-m/nofp/libcr_eabihelpers.a(float.o)
__aeabi_fcmplt                                    /usr/local/mcuxpressoide-11.2.0_4120/ide/plugins/com.nxp.mcuxpresso.tools.linux_11.2.0.202001021529/tools/bin/../lib/gcc/arm-none-eabi/9.2.1/thumb/v7-m/nofp/libcr_eabihelpers.a(float.o)
__aeabi_fcmpun                                    /usr/local/mcuxpressoide-11.2.0_4120/ide/plugins/com.nxp.mcuxpresso.tools.linux_11.2.0.202001021529/tools/bin/../lib/gcc/arm-none-eabi/9.2.1/thumb/v7-m/nofp/libcr_eabihelpers.a(float.o)
__aeabi_fdiv                                      /usr/local/mcuxpressoide-11.2.0_4120/ide/plugins/com.nxp.mcuxpresso.tools.linux_11.2.0.202001021529/tools/bin/../lib/gcc/arm-none-eabi/9.2.1/thumb/v7-m/nofp/libcr_eabihelpers.a(float.o)
__aeabi_fmul                                      /usr/local/mcuxpressoide-11.2.0_4120/ide/plugins/com.nxp.mcuxpresso.tools.linux_11.2.0.202001021529/tools/bin/../lib/gcc/arm-none-eabi/9.2.1/thumb/v7-m/nofp/libcr_eabihelpers.a(float.o)
                                                  ./src/AP/AP_Ultrasonido.o
__aeabi_fneg                                      /usr/local/mcuxpressoide-11.2.0_4120/ide/plugins/com.nxp.mcuxpresso.tools.linux_11.2.0.202001021529/tools/bin/../lib/gcc/arm-none-eabi/9.2.1/thumb/v7-m/nofp/libcr_eabihelpers.a(float.o)
__aeabi_frsub                                     /usr/local/mcuxpressoide-11.2.0_4120/ide/plugins/com.nxp.mcuxpresso.tools.linux_11.2.0.202001021529/tools/bin/../lib/gcc/arm-none-eabi/9.2.1/thumb/v7-m/nofp/libcr_eabihelpers.a(float.o)
__aeabi_fsub                                      /usr/local/mcuxpressoide-11.2.0_4120/ide/plugins/com.nxp.mcuxpresso.tools.linux_11.2.0.202001021529/tools/bin/../lib/gcc/arm-none-eabi/9.2.1/thumb/v7-m/nofp/libcr_eabihelpers.a(float.o)
__aeabi_i2d                                       /usr/local/mcuxpressoide-11.2.0_4120/ide/plugins/com.nxp.mcuxpresso.tools.linux_11.2.0.202001021529/tools/bin/../lib/gcc/arm-none-eabi/9.2.1/thumb/v7-m/nofp/libcr_eabihelpers.a(double.o)
__aeabi_i2f                                       /usr/local/mcuxpressoide-11.2.0_4120/ide/plugins/com.nxp.mcuxpresso.tools.linux_11.2.0.202001021529/tools/bin/../lib/gcc/arm-none-eabi/9.2.1/thumb/v7-m/nofp/libcr_eabihelpers.a(float.o)
__aeabi_l2d                                       /usr/local/mcuxpressoide-11.2.0_4120/ide/plugins/com.nxp.mcuxpresso.tools.linux_11.2.0.202001021529/tools/bin/../lib/gcc/arm-none-eabi/9.2.1/thumb/v7-m/nofp/libcr_eabihelpers.a(double.o)
__aeabi_l2f                                       /usr/local/mcuxpressoide-11.2.0_4120/ide/plugins/com.nxp.mcuxpresso.tools.linux_11.2.0.202001021529/tools/bin/../lib/gcc/arm-none-eabi/9.2.1/thumb/v7-m/nofp/libcr_eabihelpers.a(float.o)
__aeabi_ui2d                                      /usr/local/mcuxpressoide-11.2.0_4120/ide/plugins/com.nxp.mcuxpresso.tools.linux_11.2.0.202001021529/tools/bin/../lib/gcc/arm-none-eabi/9.2.1/thumb/v7-m/nofp/libcr_eabihelpers.a(double.o)
__aeabi_ui2f                                      /usr/local/mcuxpressoide-11.2.0_4120/ide/plugins/com.nxp.mcuxpresso.tools.linux_11.2.0.202001021529/tools/bin/../lib/gcc/arm-none-eabi/9.2.1/thumb/v7-m/nofp/libcr_eabihelpers.a(float.o)
                                                  ./src/AP/AP_Ultrasonido.o
__aeabi_ul2d                                      /usr/local/mcuxpressoide-11.2.0_4120/ide/plugins/com.nxp.mcuxpresso.tools.linux_11.2.0.202001021529/tools/bin/../lib/gcc/arm-none-eabi/9.2.1/thumb/v7-m/nofp/libcr_eabihelpers.a(double.o)
__aeabi_ul2f                                      /usr/local/mcuxpressoide-11.2.0_4120/ide/plugins/com.nxp.mcuxpresso.tools.linux_11.2.0.202001021529/tools/bin/../lib/gcc/arm-none-eabi/9.2.1/thumb/v7-m/nofp/libcr_eabihelpers.a(float.o)
__bhs_ui2d                                        /usr/local/mcuxpressoide-11.2.0_4120/ide/plugins/com.nxp.mcuxpresso.tools.linux_11.2.0.202001021529/tools/bin/../lib/gcc/arm-none-eabi/9.2.1/thumb/v7-m/nofp/libcr_eabihelpers.a(double.o)
__bhs_ui2f                                        /usr/local/mcuxpressoide-11.2.0_4120/ide/plugins/com.nxp.mcuxpresso.tools.linux_11.2.0.202001021529/tools/bin/../lib/gcc/arm-none-eabi/9.2.1/thumb/v7-m/nofp/libcr_eabihelpers.a(float.o)
__bhs_ul2d                                        /usr/local/mcuxpressoide-11.2.0_4120/ide/plugins/com.nxp.mcuxpresso.tools.linux_11.2.0.202001021529/tools/bin/../lib/gcc/arm-none-eabi/9.2.1/thumb/v7-m/nofp/libcr_eabihelpers.a(double.o)
__bhs_ul2f                                        /usr/local/mcuxpressoide-11.2.0_4120/ide/plugins/com.nxp.mcuxpresso.tools.linux_11.2.0.202001021529/tools/bin/../lib/gcc/arm-none-eabi/9.2.1/thumb/v7-m/nofp/libcr_eabihelpers.a(float.o)
__bss_section_table_end                           ./src/cr_startup_lpc175x_6x.o
__data_section_table                              ./src/cr_startup_lpc175x_6x.o
__data_section_table_end                          ./src/cr_startup_lpc175x_6x.o
__main                                            /usr/local/mcuxpressoide-11.2.0_4120/ide/plugins/com.nxp.mcuxpresso.tools.linux_11.2.0.202001021529/tools/bin/../lib/gcc/arm-none-eabi/9.2.1/../../../../arm-none-eabi/lib/thumb/v7-m/nofp/libcr_c.a(__weak__main.o)
                                                  ./src/cr_startup_lpc175x_6x.o
__valid_user_code_checksum                        ./src/cr_startup_lpc175x_6x.o
__weak_main                                       /usr/local/mcuxpressoide-11.2.0_4120/ide/plugins/com.nxp.mcuxpresso.tools.linux_11.2.0.202001021529/tools/bin/../lib/gcc/arm-none-eabi/9.2.1/../../../../arm-none-eabi/lib/thumb/v7-m/nofp/libcr_c.a(__weak__main.o)
_vStackTop                                        ./src/cr_startup_lpc175x_6x.o
bmp280_get_uncomp_data                            ./src/PR/PR_BMP280.o
bss_init                                          ./src/cr_startup_lpc175x_6x.o
calib_data                                        ./src/PR/PR_BMP280.o
data_init                                         ./src/cr_startup_lpc175x_6x.o
dev                                               ./src/PR/PR_BMP280.o
distancia                                         ./src/AP/AP_Ultrasonido.o
enableIntTime                                     ./src/PR/PR_IntTime.o
                                                  ./src/AP/AP_Ultrasonido.o
func                                              ./src/TPI_V0.o
g_pfnVectors                                      ./src/cr_startup_lpc175x_6x.o
getADC                                            ./src/PR/PR_ADC.o
getBMP280_temp                                    ./src/AP/AP_BMP280.o
getBtn                                            ./src/PR/PR_Botones.o
                                                  ./src/TPI_V0.o
getIntTime                                        ./src/PR/PR_IntTime.o
                                                  ./src/AP/AP_Ultrasonido.o
getPWMDuty                                        ./src/PR/PR_PWM.o
getPin                                            ./src/DR/DR_GPIO.o
                                                  ./src/DR/DR_Botones.o
                                                  ./src/PR/PR_Relays.o
getPin_raw                                        ./src/DR/DR_GPIO.o
getUSDistance                                     ./src/AP/AP_Ultrasonido.o
get_comp_pres                                     ./src/PR/PR_BMP280.o
get_comp_temp                                     ./src/PR/PR_BMP280.o
get_pres                                          ./src/PR/PR_BMP280.o
                                                  ./src/TPI_V0.o
get_temp                                          ./src/PR/PR_BMP280.o
                                                  ./src/TPI_V0.o
get_ticks                                         ./src/DR/DR_Systick.o
intTime                                           ./src/DR/DR_ExtInt.o
                                                  ./src/PR/PR_IntTime.o
invertRelay                                       ./src/PR/PR_Relays.o
                                                  ./src/TPI_V0.o
main                                              ./src/TPI_V0.o
                                                  /usr/local/mcuxpressoide-11.2.0_4120/ide/plugins/com.nxp.mcuxpresso.tools.linux_11.2.0.202001021529/tools/bin/../lib/gcc/arm-none-eabi/9.2.1/../../../../arm-none-eabi/lib/thumb/v7-m/nofp/libcr_c.a(__weak__main.o)
reset_ticks                                       ./src/DR/DR_Systick.o
scheduler_run                                     ./src/DR/DR_Systick.o
setDir                                            ./src/DR/DR_GPIO.o
                                                  ./src/TPI_V0.o
                                                  ./src/AP/AP_Ultrasonido.o
                                                  ./src/AP/AP_Motores.o
                                                  ./src/PR/PR_Relays.o
                                                  ./src/PR/PR_IntTime.o
                                                  ./src/PR/PR_Botones.o
setMotoresDir                                     ./src/AP/AP_Motores.o
setMotoresVel                                     ./src/AP/AP_Motores.o
setPWMDuty                                        ./src/PR/PR_PWM.o
setPWMOff                                         ./src/PR/PR_PWM.o
setPin                                            ./src/DR/DR_GPIO.o
                                                  ./src/TPI_V0.o
                                                  ./src/AP/AP_Ultrasonido.o
                                                  ./src/AP/AP_Motores.o
                                                  ./src/PR/PR_Relays.o
setPinmode                                        ./src/DR/DR_GPIO.o
                                                  ./src/DR/DR_I2C.o
                                                  ./src/PR/PR_I2C.o
                                                  ./src/PR/PR_Botones.o
setPinmode_OD                                     ./src/DR/DR_GPIO.o
                                                  ./src/TPI_V0.o
                                                  ./src/DR/DR_I2C.o
                                                  ./src/PR/PR_Relays.o
                                                  ./src/PR/PR_I2C.o
setPinsel                                         ./src/DR/DR_Pinsel.o
                                                  ./src/DR/DR_I2C.o
                                                  ./src/PR/PR_Serial.o
                                                  ./src/PR/PR_PWM.o
                                                  ./src/PR/PR_IntTime.o
                                                  ./src/PR/PR_I2C.o
                                                  ./src/PR/PR_ADC.o
setRelay                                          ./src/PR/PR_Relays.o
                                                  ./src/TPI_V0.o
set_calib_param                                   ./src/PR/PR_BMP280.o
uncomp_data                                       ./src/PR/PR_BMP280.o
updateDistance                                    ./src/AP/AP_Ultrasonido.o
