Archive member included to satisfy reference by file (symbol)

/usr/local/mcuxpressoide-11.2.0_4120/ide/plugins/com.nxp.mcuxpresso.tools.linux_11.2.0.202001021529/tools/bin/../lib/gcc/arm-none-eabi/9.2.1/../../../../arm-none-eabi/lib/thumb/v7-m/nofp/libcr_c.a(__weak__main.o)
                              ./src/cr_startup_lpc175x_6x.o (__main)
/usr/local/mcuxpressoide-11.2.0_4120/ide/plugins/com.nxp.mcuxpresso.tools.linux_11.2.0.202001021529/tools/bin/../lib/gcc/arm-none-eabi/9.2.1/thumb/v7-m/nofp/libcr_eabihelpers.a(double.o)
                              ./src/AP/AP_Ultrasonido.o (__aeabi_ddiv)
/usr/local/mcuxpressoide-11.2.0_4120/ide/plugins/com.nxp.mcuxpresso.tools.linux_11.2.0.202001021529/tools/bin/../lib/gcc/arm-none-eabi/9.2.1/thumb/v7-m/nofp/libcr_eabihelpers.a(float.o)
                              ./src/AP/AP_Ultrasonido.o (__aeabi_fmul)

Discarded input sections

 .group         0x0000000000000000        0xc ./src/PR/PR_ADC.o
 .group         0x0000000000000000        0xc ./src/PR/PR_ADC.o
 .group         0x0000000000000000        0xc ./src/PR/PR_ADC.o
 .group         0x0000000000000000        0xc ./src/PR/PR_ADC.o
 .group         0x0000000000000000        0xc ./src/PR/PR_ADC.o
 .text          0x0000000000000000        0x0 ./src/PR/PR_ADC.o
 .data          0x0000000000000000        0x0 ./src/PR/PR_ADC.o
 .bss           0x0000000000000000        0x0 ./src/PR/PR_ADC.o
 .text.InicializarADC
                0x0000000000000000       0x20 ./src/PR/PR_ADC.o
 .text.getADC   0x0000000000000000       0x24 ./src/PR/PR_ADC.o
 .text.ADC_cleanBuff
                0x0000000000000000       0x1c ./src/PR/PR_ADC.o
 .group         0x0000000000000000        0xc ./src/PR/PR_Botones.o
 .group         0x0000000000000000        0xc ./src/PR/PR_Botones.o
 .group         0x0000000000000000        0xc ./src/PR/PR_Botones.o
 .group         0x0000000000000000        0xc ./src/PR/PR_Botones.o
 .text          0x0000000000000000        0x0 ./src/PR/PR_Botones.o
 .data          0x0000000000000000        0x0 ./src/PR/PR_Botones.o
 .bss           0x0000000000000000        0x0 ./src/PR/PR_Botones.o
 .debug_macro   0x0000000000000000      0xaae ./src/PR/PR_Botones.o
 .debug_macro   0x0000000000000000      0x1ea ./src/PR/PR_Botones.o
 .debug_macro   0x0000000000000000       0x34 ./src/PR/PR_Botones.o
 .group         0x0000000000000000        0xc ./src/PR/PR_I2C.o
 .group         0x0000000000000000        0xc ./src/PR/PR_I2C.o
 .group         0x0000000000000000        0xc ./src/PR/PR_I2C.o
 .group         0x0000000000000000        0xc ./src/PR/PR_I2C.o
 .group         0x0000000000000000        0xc ./src/PR/PR_I2C.o
 .group         0x0000000000000000        0xc ./src/PR/PR_I2C.o
 .text          0x0000000000000000        0x0 ./src/PR/PR_I2C.o
 .data          0x0000000000000000        0x0 ./src/PR/PR_I2C.o
 .bss           0x0000000000000000        0x0 ./src/PR/PR_I2C.o
 .text.I2C_write
                0x0000000000000000       0x7c ./src/PR/PR_I2C.o
 .debug_macro   0x0000000000000000      0xaae ./src/PR/PR_I2C.o
 .debug_macro   0x0000000000000000      0x1ea ./src/PR/PR_I2C.o
 .debug_macro   0x0000000000000000       0x34 ./src/PR/PR_I2C.o
 .debug_macro   0x0000000000000000       0x22 ./src/PR/PR_I2C.o
 .debug_macro   0x0000000000000000       0x5e ./src/PR/PR_I2C.o
 .group         0x0000000000000000        0xc ./src/PR/PR_IntTime.o
 .group         0x0000000000000000        0xc ./src/PR/PR_IntTime.o
 .group         0x0000000000000000        0xc ./src/PR/PR_IntTime.o
 .group         0x0000000000000000        0xc ./src/PR/PR_IntTime.o
 .group         0x0000000000000000        0xc ./src/PR/PR_IntTime.o
 .group         0x0000000000000000        0xc ./src/PR/PR_IntTime.o
 .group         0x0000000000000000        0xc ./src/PR/PR_IntTime.o
 .text          0x0000000000000000        0x0 ./src/PR/PR_IntTime.o
 .data          0x0000000000000000        0x0 ./src/PR/PR_IntTime.o
 .bss           0x0000000000000000        0x0 ./src/PR/PR_IntTime.o
 .text.InicializarIntTime
                0x0000000000000000       0x2e ./src/PR/PR_IntTime.o
 .text.enableIntTime
                0x0000000000000000       0x36 ./src/PR/PR_IntTime.o
 .text.getIntTime
                0x0000000000000000       0x14 ./src/PR/PR_IntTime.o
 .debug_info    0x0000000000000000       0xe1 ./src/PR/PR_IntTime.o
 .debug_abbrev  0x0000000000000000       0xce ./src/PR/PR_IntTime.o
 .debug_aranges
                0x0000000000000000       0x30 ./src/PR/PR_IntTime.o
 .debug_ranges  0x0000000000000000       0x20 ./src/PR/PR_IntTime.o
 .debug_macro   0x0000000000000000       0x77 ./src/PR/PR_IntTime.o
 .debug_macro   0x0000000000000000      0xaae ./src/PR/PR_IntTime.o
 .debug_macro   0x0000000000000000      0x1ea ./src/PR/PR_IntTime.o
 .debug_macro   0x0000000000000000       0x34 ./src/PR/PR_IntTime.o
 .debug_macro   0x0000000000000000      0x1a8 ./src/PR/PR_IntTime.o
 .debug_macro   0x0000000000000000       0x22 ./src/PR/PR_IntTime.o
[...]
Memory Configuration

Name             Origin             Length             Attributes
MFlash512        0x0000000000000000 0x0000000000080000 xr
RamLoc32         0x0000000010000000 0x0000000000008000 xrw
RamAHB32         0x000000002007c000 0x0000000000008000 xrw
*default*        0x0000000000000000 0xffffffffffffffff

Linker script and memory map

LOAD ./src/PR/PR_ADC.o
LOAD ./src/PR/PR_Botones.o
LOAD ./src/PR/PR_I2C.o
LOAD ./src/PR/PR_IntTime.o
LOAD ./src/PR/PR_PWM.o
LOAD ./src/PR/PR_Relays.o
LOAD ./src/PR/PR_Serial.o
LOAD ./src/PR/PR_Timers.o
LOAD ./src/DR/DR_ADC.o
LOAD ./src/DR/DR_Botones.o
LOAD ./src/DR/DR_ExtInt.o
LOAD ./src/DR/DR_GPIO.o
LOAD ./src/DR/DR_I2C.o
LOAD ./src/DR/DR_PLL.o
LOAD ./src/DR/DR_PWM.o
LOAD ./src/DR/DR_Pinsel.o
LOAD ./src/DR/DR_Serial.o
LOAD ./src/DR/DR_Systick.o
LOAD ./src/DR/DR_Timer0.o
LOAD ./src/AP/AP_Motores.o
LOAD ./src/AP/AP_Ultrasonido.o
LOAD ./src/TPI_V0.o
LOAD ./src/cr_startup_lpc175x_6x.o
START GROUP
LOAD /usr/local/mcuxpressoide-11.2.0_4120/ide/plugins/com.nxp.mcuxpresso.tools.linux_11.2.0.202001021529/tools/bin/../lib/gcc/arm-none-eabi/9.2.1/../../../../arm-none-eabi/lib/thumb/v7-m/nofp/libcr_c.a
LOAD /usr/local/mcuxpressoide-11.2.0_4120/ide/plugins/com.nxp.mcuxpresso.tools.linux_11.2.0.202001021529/tools/bin/../lib/gcc/arm-none-eabi/9.2.1/thumb/v7-m/nofp/libcr_eabihelpers.a
LOAD /usr/local/mcuxpressoide-11.2.0_4120/ide/plugins/com.nxp.mcuxpresso.tools.linux_11.2.0.202001021529/tools/bin/../lib/gcc/arm-none-eabi/9.2.1/thumb/v7-m/nofp/libgcc.a
END GROUP
                0x0000000000000000                __base_MFlash512 = 0x0
                0x0000000000000000                __base_Flash = 0x0
                0x0000000000080000                __top_MFlash512 = 0x80000
                0x0000000000080000                __top_Flash = 0x80000
                0x0000000010000000                __base_RamLoc32 = 0x10000000
                0x0000000010000000                __base_RAM = 0x10000000
                0x0000000010008000                __top_RamLoc32 = 0x10008000
                0x0000000010008000                __top_RAM = 0x10008000
                0x000000002007c000                __base_RamAHB32 = 0x2007c000
                0x000000002007c000                __base_RAM2 = 0x2007c000
                0x0000000020084000                __top_RamAHB32 = 0x20084000
                0x0000000020084000                __top_RAM2 = 0x20084000

.text           0x0000000000000000     0x1aa8
 FILL mask 0xff
                0x0000000000000000                __vectors_start__ = ABSOLUTE (.)
 *(.isr_vector)
 .isr_vector    0x0000000000000000       0xcc ./src/cr_startup_lpc175x_6x.o
                0x0000000000000000                g_pfnVectors
                0x00000000000000cc                . = ALIGN (0x4)
                0x00000000000000cc                __section_table_start = .
                0x00000000000000cc                __data_section_table = .
                0x00000000000000cc        0x4 LONG 0x1aa8 LOADADDR (.data)
                0x00000000000000d0        0x4 LONG 0x10000000 ADDR (.data)
                0x00000000000000d4        0x4 LONG 0x0 SIZEOF (.data)
                0x00000000000000d8        0x4 LONG 0x1aa8 LOADADDR (.data_RAM2)
                0x00000000000000dc        0x4 LONG 0x2007c000 ADDR (.data_RAM2)
                0x00000000000000e0        0x4 LONG 0x0 SIZEOF (.data_RAM2)
                0x00000000000000e4                __data_section_table_end = .
                0x00000000000000e4                __bss_section_table = .
                0x00000000000000e4        0x4 LONG 0x10000000 ADDR (.bss)
                0x00000000000000e8        0x4 LONG 0x3e4 SIZEOF (.bss)
                0x00000000000000ec        0x4 LONG 0x2007c000 ADDR (.bss_RAM2)
                0x00000000000000f0        0x4 LONG 0x0 SIZEOF (.bss_RAM2)
                0x00000000000000f4                __bss_section_table_end = .
                0x00000000000000f4                __section_table_end = .
 *(.after_vectors*)
 .after_vectors
                0x00000000000000f4      0x12c ./src/cr_startup_lpc175x_6x.o
                0x00000000000000f4                data_init
                0x0000000000000138                bss_init
                0x0000000000000170                ResetISR
                0x00000000000001e4                NMI_Handler
                0x00000000000001ea                HardFault_Handler
                0x00000000000001f0                MemManage_Handler
                0x00000000000001f6                BusFault_Handler
                0x00000000000001fc                UsageFault_Handler
                0x0000000000000202                SVC_Handler
                0x0000000000000208                DebugMon_Handler
                0x000000000000020e                PendSV_Handler
                0x000000000000021a                TIMER2_IRQHandler
                0x000000000000021a                RIT_IRQHandler
                0x000000000000021a                I2C0_IRQHandler
                0x000000000000021a                USBActivity_IRQHandler
                0x000000000000021a                PWM1_IRQHandler
                0x000000000000021a                EINT3_IRQHandler
                0x000000000000021a                CANActivity_IRQHandler
                0x000000000000021a                TIMER3_IRQHandler
                0x000000000000021a                IntDefaultHandler
                0x000000000000021a                PLL0_IRQHandler
                0x000000000000021a                CAN_IRQHandler
                0x000000000000021a                PLL1_IRQHandler
                0x000000000000021a                SSP0_IRQHandler
                0x000000000000021a                I2S_IRQHandler
                0x000000000000021a                I2C2_IRQHandler
                0x000000000000021a                RTC_IRQHandler
                0x000000000000021a                SPI_IRQHandler
                0x000000000000021a                EINT1_IRQHandler
                0x000000000000021a                TIMER1_IRQHandler
                0x000000000000021a                UART2_IRQHandler
                0x000000000000021a                SSP1_IRQHandler
                0x000000000000021a                USB_IRQHandler
                0x000000000000021a                BOD_IRQHandler
                0x000000000000021a                WDT_IRQHandler
                0x000000000000021a                QEI_IRQHandler
                0x000000000000021a                EINT0_IRQHandler
                0x000000000000021a                DMA_IRQHandler
                0x000000000000021a                UART3_IRQHandler
                0x000000000000021a                MCPWM_IRQHandler
                0x000000000000021a                ENET_IRQHandler
 *(.text*)
 .text.ADC_run  0x0000000000000220       0x20 ./src/PR/PR_ADC.o
                0x0000000000000220                ADC_run
 .text.InicializarBotones
                0x0000000000000240       0x6c ./src/PR/PR_Botones.o
                0x0000000000000240                InicializarBotones
 .text.getBtn   0x00000000000002ac       0x54 ./src/PR/PR_Botones.o
                0x00000000000002ac                getBtn
 .text.InicializarI2C
                0x0000000000000300       0x48 ./src/PR/PR_I2C.o
                0x0000000000000300                InicializarI2C
 .text.InicializarPWM
                0x0000000000000348       0x20 ./src/PR/PR_PWM.o
                0x0000000000000348                InicializarPWM
 .text.InicializarRelays
                0x0000000000000368       0x80 ./src/PR/PR_Relays.o
                0x0000000000000368                InicializarRelays
 .text.setRelay
                0x00000000000003e8       0x94 ./src/PR/PR_Relays.o
                0x00000000000003e8                setRelay
 .text.InicializarSerial0
                0x000000000000047c       0x20 ./src/PR/PR_Serial.o
                0x000000000000047c                InicializarSerial0
 .text.InicializarSerial1
                0x000000000000049c       0x20 ./src/PR/PR_Serial.o
                0x000000000000049c                InicializarSerial1
 .text.UART0_pushTX
                0x00000000000004bc       0x5c ./src/PR/PR_Serial.o
                0x00000000000004bc                UART0_pushTX
 .text.UART1_popRX
                0x0000000000000518       0x54 ./src/PR/PR_Serial.o
                0x0000000000000518                UART1_popRX
 .text.UART1_pushTX
                0x000000000000056c       0x58 ./src/PR/PR_Serial.o
                0x000000000000056c                UART1_pushTX
 .text.UART1_SendString
                0x00000000000005c4       0x4e ./src/PR/PR_Serial.o
                0x00000000000005c4                UART1_SendString
 *fill*         0x0000000000000612        0x2 ff
 .text.TimerDiscount
                0x0000000000000614       0x6c ./src/PR/PR_Timers.o
                0x0000000000000614                TimerDiscount
 .text.Timers_run
                0x0000000000000680       0x48 ./src/PR/PR_Timers.o
                0x0000000000000680                Timers_run
 .text.ADC_IRQHandler
                0x00000000000006c8      0x114 ./src/DR/DR_ADC.o
                0x00000000000006c8                ADC_IRQHandler
 .text.ADC_startConvertion
                0x00000000000007dc       0x24 ./src/DR/DR_ADC.o
                0x00000000000007dc                ADC_startConvertion
 .text.TecladoHW
                0x0000000000000800       0x6e ./src/DR/DR_Botones.o
                0x0000000000000800                TecladoHW
 *fill*         0x000000000000086e        0x2 ff
 .text.TecladoSW
                0x0000000000000870       0xa8 ./src/DR/DR_Botones.o
                0x0000000000000870                TecladoSW
 .text.InicializarEINT_DR
                0x0000000000000918       0x4c ./src/DR/DR_ExtInt.o
                0x0000000000000918                InicializarEINT_DR
 .text.EINT2_IRQHandler
                0x0000000000000964       0x70 ./src/DR/DR_ExtInt.o
                0x0000000000000964                EINT2_IRQHandler
 .text.setPinmode
                0x00000000000009d4       0x94 ./src/DR/DR_GPIO.o
                0x00000000000009d4                setPinmode
 .text.setPinmode_OD
                0x0000000000000a68       0x64 ./src/DR/DR_GPIO.o
                0x0000000000000a68                setPinmode_OD
 .text.setDir   0x0000000000000acc       0x76 ./src/DR/DR_GPIO.o
                0x0000000000000acc                setDir
 *fill*         0x0000000000000b42        0x2 ff
 .text.setPin   0x0000000000000b44       0xe8 ./src/DR/DR_GPIO.o
                0x0000000000000b44                setPin
 .text.getPin   0x0000000000000c2c       0x4e ./src/DR/DR_GPIO.o
                0x0000000000000c2c                getPin
 *fill*         0x0000000000000c7a        0x2 ff
 .text.InicializarI2C_DR
                0x0000000000000c7c       0x80 ./src/DR/DR_I2C.o
                0x0000000000000c7c                InicializarI2C_DR
 .text.I2C1_IRQHandler
                0x0000000000000cfc      0x36c ./src/DR/DR_I2C.o
                0x0000000000000cfc                I2C1_IRQHandler
 .text.InicializarPLL
                0x0000000000001068      0x140 ./src/DR/DR_PLL.o
                0x0000000000001068                InicializarPLL
 .text.InicializarPWM_DR
                0x00000000000011a8       0xdc ./src/DR/DR_PWM.o
                0x00000000000011a8                InicializarPWM_DR
 .text.PWM_setDutyCicle
                0x0000000000001284       0x70 ./src/DR/DR_PWM.o
                0x0000000000001284                PWM_setDutyCicle
 .text.PWM_update
                0x00000000000012f4       0x5c ./src/DR/DR_PWM.o
                0x00000000000012f4                PWM_update
 .text.setPinsel
                0x0000000000001350       0xa4 ./src/DR/DR_Pinsel.o
                0x0000000000001350                setPinsel
 .text.InicializarUART0_DR
                0x00000000000013f4       0x90 ./src/DR/DR_Serial.o
                0x00000000000013f4                InicializarUART0_DR
 .text.UART0_pushRX
                0x0000000000001484       0x40 ./src/DR/DR_Serial.o
                0x0000000000001484                UART0_pushRX
 .text.UART0_popTX
                0x00000000000014c4       0x60 ./src/DR/DR_Serial.o
                0x00000000000014c4                UART0_popTX
 .text.UART0_forceTX
                0x0000000000001524       0x28 ./src/DR/DR_Serial.o
                0x0000000000001524                UART0_forceTX
 .text.UART0_IRQHandler
                0x000000000000154c       0xa0 ./src/DR/DR_Serial.o
                0x000000000000154c                UART0_IRQHandler
 .text.InicializarUART1_DR
                0x00000000000015ec       0x90 ./src/DR/DR_Serial.o
                0x00000000000015ec                InicializarUART1_DR
 .text.UART1_pushRX
                0x000000000000167c       0x40 ./src/DR/DR_Serial.o
                0x000000000000167c                UART1_pushRX
 .text.UART1_popTX
                0x00000000000016bc       0x60 ./src/DR/DR_Serial.o
                0x00000000000016bc                UART1_popTX
 .text.UART1_forceTX
                0x000000000000171c       0x28 ./src/DR/DR_Serial.o
                0x000000000000171c                UART1_forceTX
 .text.UART1_IRQHandler
                0x0000000000001744       0xa0 ./src/DR/DR_Serial.o
                0x0000000000001744                UART1_IRQHandler
 .text.InicializarSystick
                0x00000000000017e4       0x40 ./src/DR/DR_Systick.o
                0x00000000000017e4                InicializarSystick
 .text.SysTick_Handler
                0x0000000000001824       0x1c ./src/DR/DR_Systick.o
                0x0000000000001824                SysTick_Handler
 .text.scheduler_run
                0x0000000000001840       0x74 ./src/DR/DR_Systick.o
                0x0000000000001840                scheduler_run
 .text.TIMER0_getTime
                0x00000000000018b4       0x14 ./src/DR/DR_Timer0.o
                0x00000000000018b4                TIMER0_getTime
 .text.TIMER0_rstTime
                0x00000000000018c8       0x18 ./src/DR/DR_Timer0.o
                0x00000000000018c8                TIMER0_rstTime
 .text.TIMER0_IRQHandler
                0x00000000000018e0       0x28 ./src/DR/DR_Timer0.o
                0x00000000000018e0                TIMER0_IRQHandler
 .text.main     0x0000000000001908      0x184 ./src/TPI_V0.o
                0x0000000000001908                main
 .text.__weak_main
                0x0000000000001a8c        0x4 /usr/local/mcuxpressoide-11.2.0_4120/ide/plugins/com.nxp.mcuxpresso.tools.linux_11.2.0.202001021529/tools/bin/../lib/gcc/arm-none-eabi/9.2.1/../../../../arm-none-eabi/lib/thumb/v7-m/nofp/libcr_c.a(__weak__main.o)
                0x0000000000001a8c                __main
                0x0000000000001a8c                __weak_main
 *(.rodata .rodata.* .constdata .constdata.*)
 .rodata.main.str1.4
                0x0000000000001a90       0x16 ./src/TPI_V0.o
                0x0000000000001aa8                . = ALIGN (0x4)
 *fill*         0x0000000000001aa6        0x2 ff

.glue_7         0x0000000000001aa8        0x0
 .glue_7        0x0000000000001aa8        0x0 linker stubs

.glue_7t        0x0000000000001aa8        0x0
 .glue_7t       0x0000000000001aa8        0x0 linker stubs

.vfp11_veneer   0x0000000000001aa8        0x0
 .vfp11_veneer  0x0000000000001aa8        0x0 linker stubs

.v4_bx          0x0000000000001aa8        0x0
 .v4_bx         0x0000000000001aa8        0x0 linker stubs

.iplt           0x0000000000001aa8        0x0
 .iplt          0x0000000000001aa8        0x0 ./src/PR/PR_ADC.o

.rel.dyn        0x0000000000001aa8        0x0
 .rel.iplt      0x0000000000001aa8        0x0 ./src/PR/PR_ADC.o

.ARM.extab
 *(.ARM.extab* .gnu.linkonce.armextab.*)

.ARM.exidx      0x0000000000001aa8        0x0
                0x0000000000001aa8                __exidx_start = .
 *(.ARM.exidx* .gnu.linkonce.armexidx.*)
                0x0000000000001aa8                __exidx_end = .
                0x0000000000001aa8                _etext = .

.data_RAM2      0x000000002007c000        0x0 load address 0x0000000000001aa8
 FILL mask 0xff
                [!provide]                        PROVIDE (__start_data_RAM2 = .)
                [!provide]                        PROVIDE (__start_data_RamAHB32 = .)
 *(.ramfunc.$RAM2)
 *(.ramfunc.$RamAHB32)
 *(.data.$RAM2)
 *(.data.$RamAHB32)
 *(.data.$RAM2.*)
 *(.data.$RamAHB32.*)
                0x000000002007c000                . = ALIGN (0x4)
                [!provide]                        PROVIDE (__end_data_RAM2 = .)
                [!provide]                        PROVIDE (__end_data_RamAHB32 = .)

.uninit_RESERVED
                0x0000000010000000        0x0
                0x0000000010000000                _start_uninit_RESERVED = .
 *(.bss.$RESERVED*)
                0x0000000010000000                . = ALIGN (0x4)
                0x0000000010000000                _end_uninit_RESERVED = .

.data           0x0000000010000000        0x0 load address 0x0000000000001aa8
 FILL mask 0xff
                0x0000000010000000                _data = .
                [!provide]                        PROVIDE (__start_data_RAM = .)
                [!provide]                        PROVIDE (__start_data_RamLoc32 = .)
 *(vtable)
 *(.ramfunc*)
 *(CodeQuickAccess)
 *(DataQuickAccess)
 *(RamFunction)
 *(.data*)
                0x0000000010000000                . = ALIGN (0x4)
                0x0000000010000000                _edata = .
                [!provide]                        PROVIDE (__end_data_RAM = .)
                [!provide]                        PROVIDE (__end_data_RamLoc32 = .)

.igot.plt       0x0000000010000000        0x0 load address 0x0000000000001aa8
 .igot.plt      0x0000000010000000        0x0 ./src/PR/PR_ADC.o

.bss_RAM2       0x000000002007c000        0x0
                [!provide]                        PROVIDE (__start_bss_RAM2 = .)
                [!provide]                        PROVIDE (__start_bss_RamAHB32 = .)
 *(.bss.$RAM2)
 *(.bss.$RamAHB32)
 *(.bss.$RAM2.*)
 *(.bss.$RamAHB32.*)
                0x000000002007c000                . = ALIGN ((. != 0x0)?0x4:0x1)
                [!provide]                        PROVIDE (__end_bss_RAM2 = .)
                [!provide]                        PROVIDE (__end_bss_RamAHB32 = .)

.bss            0x0000000010000000      0x3e4
                0x0000000010000000                _bss = .
                [!provide]                        PROVIDE (__start_bss_RAM = .)
                [!provide]                        PROVIDE (__start_bss_RamLoc32 = .)
 *(.bss*)
 .bss.TmrRun    0x0000000010000000       0x78 ./src/PR/PR_Timers.o
                0x0000000010000000                TmrRun
 .bss.TmrFunciones
                0x0000000010000078       0x78 ./src/PR/PR_Timers.o
                0x0000000010000078                TmrFunciones
 .bss.TmrFlags  0x00000000100000f0       0x1f ./src/PR/PR_Timers.o
                0x00000000100000f0                TmrFlags
 *fill*         0x000000001000010f        0x1 
 .bss.TmrPause  0x0000000010000110       0x1e ./src/PR/PR_Timers.o
                0x0000000010000110                TmrPause
 *fill*         0x000000001000012e        0x2 
 .bss.ADC_read_buffer
                0x0000000010000130       0xc0 ./src/DR/DR_ADC.o
 .bss.ADC_buffer
                0x00000000100001f0        0xc ./src/DR/DR_ADC.o
                0x00000000100001f0                ADC_buffer
 .bss.ADC_ready
                0x00000000100001fc        0x1 ./src/DR/DR_ADC.o
                0x00000000100001fc                ADC_ready
 *fill*         0x00000000100001fd        0x3 
 .bss.count_n.3736
                0x0000000010000200        0x4 ./src/DR/DR_ADC.o
 .bss.Botones_buff
                0x0000000010000204        0x1 ./src/DR/DR_Botones.o
                0x0000000010000204                Botones_buff
 .bss.prev_code.3691
                0x0000000010000205        0x1 ./src/DR/DR_Botones.o
 .bss.stableState_n.3692
                0x0000000010000206        0x1 ./src/DR/DR_Botones.o
 *fill*         0x0000000010000207        0x1 
 .bss.startTime
                0x0000000010000208        0x4 ./src/DR/DR_ExtInt.o
 .bss.intTime   0x000000001000020c        0x4 ./src/DR/DR_ExtInt.o
                0x000000001000020c                intTime
 .bss.I2C1_Master_buff
                0x0000000010000210       0x40 ./src/DR/DR_I2C.o
                0x0000000010000210                I2C1_Master_buff
 .bss.I2C1_Slave_buff
                0x0000000010000250       0x40 ./src/DR/DR_I2C.o
                0x0000000010000250                I2C1_Slave_buff
 .bss.I2C1_read_idx
                0x0000000010000290        0x4 ./src/DR/DR_I2C.o
                0x0000000010000290                I2C1_read_idx
 .bss.I2C1_write_idx
                0x0000000010000294        0x4 ./src/DR/DR_I2C.o
                0x0000000010000294                I2C1_write_idx
 .bss.I2C1_readLenght
                0x0000000010000298        0x4 ./src/DR/DR_I2C.o
                0x0000000010000298                I2C1_readLenght
 .bss.I2C1_writeLenght
                0x000000001000029c        0x4 ./src/DR/DR_I2C.o
                0x000000001000029c                I2C1_writeLenght
 .bss.timeout   0x00000000100002a0        0x4 ./src/DR/DR_I2C.o
 .bss.I2C1_state
                0x00000000100002a4        0x1 ./src/DR/DR_I2C.o
 *fill*         0x00000000100002a5        0x3 
 .bss.PWM_buff  0x00000000100002a8        0x6 ./src/DR/DR_PWM.o
                0x00000000100002a8                PWM_buff
 *fill*         0x00000000100002ae        0x2 
 .bss.UART0_rx_buff
                0x00000000100002b0       0x40 ./src/DR/DR_Serial.o
                0x00000000100002b0                UART0_rx_buff
 .bss.UART0_rx_in
                0x00000000100002f0        0x4 ./src/DR/DR_Serial.o
                0x00000000100002f0                UART0_rx_in
 .bss.UART0_tx_buff
                0x00000000100002f4       0x40 ./src/DR/DR_Serial.o
                0x00000000100002f4                UART0_tx_buff
 .bss.UART0_tx_in
                0x0000000010000334        0x4 ./src/DR/DR_Serial.o
                0x0000000010000334                UART0_tx_in
 .bss.UART0_tx_out
                0x0000000010000338        0x4 ./src/DR/DR_Serial.o
                0x0000000010000338                UART0_tx_out
 .bss.UART0_tx_flag
                0x000000001000033c        0x1 ./src/DR/DR_Serial.o
                0x000000001000033c                UART0_tx_flag
 *fill*         0x000000001000033d        0x3 
 .bss.UART1_rx_buff
                0x0000000010000340       0x40 ./src/DR/DR_Serial.o
                0x0000000010000340                UART1_rx_buff
 .bss.UART1_rx_in
                0x0000000010000380        0x4 ./src/DR/DR_Serial.o
                0x0000000010000380                UART1_rx_in
 .bss.UART1_rx_out
                0x0000000010000384        0x4 ./src/DR/DR_Serial.o
                0x0000000010000384                UART1_rx_out
 .bss.UART1_tx_buff
                0x0000000010000388       0x40 ./src/DR/DR_Serial.o
                0x0000000010000388                UART1_tx_buff
 .bss.UART1_tx_in
                0x00000000100003c8        0x4 ./src/DR/DR_Serial.o
                0x00000000100003c8                UART1_tx_in
 .bss.UART1_tx_out
                0x00000000100003cc        0x4 ./src/DR/DR_Serial.o
                0x00000000100003cc                UART1_tx_out
 .bss.UART1_tx_flag
                0x00000000100003d0        0x1 ./src/DR/DR_Serial.o
                0x00000000100003d0                UART1_tx_flag
 *fill*         0x00000000100003d1        0x3 
 .bss.systickCounter
                0x00000000100003d4        0x4 ./src/DR/DR_Systick.o
 .bss.pwm_counter.3756
                0x00000000100003d8        0x4 ./src/DR/DR_Systick.o
 .bss.btn_counter.3757
                0x00000000100003dc        0x4 ./src/DR/DR_Systick.o
 .bss.TIM0_count
                0x00000000100003e0        0x4 ./src/DR/DR_Timer0.o
                0x00000000100003e0                TIM0_count
 *(COMMON)
                0x00000000100003e4                . = ALIGN (0x4)
                0x00000000100003e4                _ebss = .
                [!provide]                        PROVIDE (__end_bss_RAM = .)
                [!provide]                        PROVIDE (__end_bss_RamLoc32 = .)
                [!provide]                        PROVIDE (end = .)

.noinit_RAM2    0x000000002007c000        0x0
                [!provide]                        PROVIDE (__start_noinit_RAM2 = .)
                [!provide]                        PROVIDE (__start_noinit_RamAHB32 = .)
 *(.noinit.$RAM2)
 *(.noinit.$RamAHB32)
 *(.noinit.$RAM2.*)
 *(.noinit.$RamAHB32.*)
                0x000000002007c000                . = ALIGN (0x4)
                [!provide]                        PROVIDE (__end_noinit_RAM2 = .)
                [!provide]                        PROVIDE (__end_noinit_RamAHB32 = .)

.noinit         0x00000000100003e4        0x0
                0x00000000100003e4                _noinit = .
                [!provide]                        PROVIDE (__start_noinit_RAM = .)
                [!provide]                        PROVIDE (__start_noinit_RamLoc32 = .)
 *(.noinit*)
                0x00000000100003e4                . = ALIGN (0x4)
                0x00000000100003e4                _end_noinit = .
                [!provide]                        PROVIDE (__end_noinit_RAM = .)
                [!provide]                        PROVIDE (__end_noinit_RamLoc32 = .)
                [!provide]                        PROVIDE (_pvHeapStart = DEFINED (__user_heap_base)?__user_heap_base:.)
                0x0000000010008000                PROVIDE (_vStackTop = DEFINED (__user_stack_top)?__user_stack_top:(__top_RamLoc32 - 0x0))
                0xffffffffefff74da                PROVIDE (__valid_user_code_checksum = (0x0 - ((((((_vStackTop + (ResetISR + 0x1)) + (NMI_Handler + 0x1)) + (HardFault_Handler + 0x1)) + (DEFINED (MemManage_Handler)?MemManage_Handler:0x0 + 0x1)) + (DEFINED (BusFault_Handler)?BusFault_Handler:0x0 + 0x1)) + (DEFINED (UsageFault_Handler)?UsageFault_Handler:0x0 + 0x1))))
                0x0000000000000000                _image_start = LOADADDR (.text)
                0x0000000000001aa8                _image_end = (LOADADDR (.data) + SIZEOF (.data))
                0x0000000000001aa8                _image_size = (_image_end - _image_start)
OUTPUT(TPI_V0.axf elf32-littlearm)

.debug_info     0x0000000000000000     0x335f
 .debug_info    0x0000000000000000       0xfe ./src/PR/PR_ADC.o
 .debug_info    0x00000000000000fe       0xba ./src/PR/PR_Botones.o
 .debug_info    0x00000000000001b8      0x1bb ./src/PR/PR_I2C.o
 .debug_info    0x0000000000000373      0x12b ./src/PR/PR_PWM.o
 .debug_info    0x000000000000049e       0xff ./src/PR/PR_Relays.o
 .debug_info    0x000000000000059d      0x26a ./src/PR/PR_Serial.o
 .debug_info    0x0000000000000807      0x355 ./src/PR/PR_Timers.o
 .debug_info    0x0000000000000b5c      0x549 ./src/DR/DR_ADC.o
 .debug_info    0x00000000000010a5      0x112 ./src/DR/DR_Botones.o
 .debug_info    0x00000000000011b7      0x142 ./src/DR/DR_ExtInt.o
 .debug_info    0x00000000000012f9      0x27f ./src/DR/DR_GPIO.o
 .debug_info    0x0000000000001578      0x421 ./src/DR/DR_I2C.o
 .debug_info    0x0000000000001999       0x72 ./src/DR/DR_PLL.o
 .debug_info    0x0000000000001a0b      0x55a ./src/DR/DR_PWM.o
 .debug_info    0x0000000000001f65       0xac ./src/DR/DR_Pinsel.o
 .debug_info    0x0000000000002011      0x6d6 ./src/DR/DR_Serial.o
 .debug_info    0x00000000000026e7      0x2c5 ./src/DR/DR_Systick.o
 .debug_info    0x00000000000029ac      0x51b ./src/DR/DR_Timer0.o
 .debug_info    0x0000000000002ec7      0x226 ./src/TPI_V0.o
 .debug_info    0x00000000000030ed      0x272 ./src/cr_startup_lpc175x_6x.o

.debug_abbrev   0x0000000000000000     0x1532
 .debug_abbrev  0x0000000000000000       0xc7 ./src/PR/PR_ADC.o
 .debug_abbrev  0x00000000000000c7       0xb0 ./src/PR/PR_Botones.o
 .debug_abbrev  0x0000000000000177      0x114 ./src/PR/PR_I2C.o
 .debug_abbrev  0x000000000000028b       0xdc ./src/PR/PR_PWM.o
 .debug_abbrev  0x0000000000000367       0xc1 ./src/PR/PR_Relays.o
 .debug_abbrev  0x0000000000000428       0xf2 ./src/PR/PR_Serial.o
 .debug_abbrev  0x000000000000051a      0x15b ./src/PR/PR_Timers.o
 .debug_abbrev  0x0000000000000675      0x134 ./src/DR/DR_ADC.o
 .debug_abbrev  0x00000000000007a9       0xca ./src/DR/DR_Botones.o
 .debug_abbrev  0x0000000000000873      0x10a ./src/DR/DR_ExtInt.o
 .debug_abbrev  0x000000000000097d       0xf7 ./src/DR/DR_GPIO.o
 .debug_abbrev  0x0000000000000a74      0x17a ./src/DR/DR_I2C.o
 .debug_abbrev  0x0000000000000bee       0x56 ./src/DR/DR_PLL.o
 .debug_abbrev  0x0000000000000c44      0x166 ./src/DR/DR_PWM.o
 .debug_abbrev  0x0000000000000daa       0x78 ./src/DR/DR_Pinsel.o
 .debug_abbrev  0x0000000000000e22      0x230 ./src/DR/DR_Serial.o
 .debug_abbrev  0x0000000000001052      0x162 ./src/DR/DR_Systick.o
 .debug_abbrev  0x00000000000011b4      0x165 ./src/DR/DR_Timer0.o
 .debug_abbrev  0x0000000000001319      0x102 ./src/TPI_V0.o
 .debug_abbrev  0x000000000000141b      0x117 ./src/cr_startup_lpc175x_6x.o

.debug_aranges  0x0000000000000000      0x4b0
 .debug_aranges
                0x0000000000000000       0x38 ./src/PR/PR_ADC.o
 .debug_aranges
                0x0000000000000038       0x28 ./src/PR/PR_Botones.o
 .debug_aranges
                0x0000000000000060       0x28 ./src/PR/PR_I2C.o
 .debug_aranges
                0x0000000000000088       0x38 ./src/PR/PR_PWM.o
 .debug_aranges
                0x00000000000000c0       0x30 ./src/PR/PR_Relays.o
 .debug_aranges
                0x00000000000000f0       0x58 ./src/PR/PR_Serial.o
 .debug_aranges
                0x0000000000000148       0x58 ./src/PR/PR_Timers.o
 .debug_aranges
                0x00000000000001a0       0x30 ./src/DR/DR_ADC.o
 .debug_aranges
                0x00000000000001d0       0x28 ./src/DR/DR_Botones.o
 .debug_aranges
                0x00000000000001f8       0x30 ./src/DR/DR_ExtInt.o
 .debug_aranges
                0x0000000000000228       0x48 ./src/DR/DR_GPIO.o
 .debug_aranges
                0x0000000000000270       0x40 ./src/DR/DR_I2C.o
 .debug_aranges
                0x00000000000002b0       0x20 ./src/DR/DR_PLL.o
 .debug_aranges
                0x00000000000002d0       0x30 ./src/DR/DR_PWM.o
 .debug_aranges
                0x0000000000000300       0x20 ./src/DR/DR_Pinsel.o
 .debug_aranges
                0x0000000000000320       0x68 ./src/DR/DR_Serial.o
 .debug_aranges
                0x0000000000000388       0x40 ./src/DR/DR_Systick.o
 .debug_aranges
                0x00000000000003c8       0x40 ./src/DR/DR_Timer0.o
 .debug_aranges
                0x0000000000000408       0x28 ./src/TPI_V0.o
 .debug_aranges
                0x0000000000000430       0x80 ./src/cr_startup_lpc175x_6x.o

.debug_ranges   0x0000000000000000      0x370
 .debug_ranges  0x0000000000000000       0x28 ./src/PR/PR_ADC.o
 .debug_ranges  0x0000000000000028       0x18 ./src/PR/PR_Botones.o
 .debug_ranges  0x0000000000000040       0x18 ./src/PR/PR_I2C.o
 .debug_ranges  0x0000000000000058       0x28 ./src/PR/PR_PWM.o
 .debug_ranges  0x0000000000000080       0x20 ./src/PR/PR_Relays.o
 .debug_ranges  0x00000000000000a0       0x48 ./src/PR/PR_Serial.o
 .debug_ranges  0x00000000000000e8       0x48 ./src/PR/PR_Timers.o
 .debug_ranges  0x0000000000000130       0x20 ./src/DR/DR_ADC.o
 .debug_ranges  0x0000000000000150       0x18 ./src/DR/DR_Botones.o
 .debug_ranges  0x0000000000000168       0x20 ./src/DR/DR_ExtInt.o
 .debug_ranges  0x0000000000000188       0x38 ./src/DR/DR_GPIO.o
 .debug_ranges  0x00000000000001c0       0x30 ./src/DR/DR_I2C.o
 .debug_ranges  0x00000000000001f0       0x10 ./src/DR/DR_PLL.o
 .debug_ranges  0x0000000000000200       0x20 ./src/DR/DR_PWM.o
 .debug_ranges  0x0000000000000220       0x10 ./src/DR/DR_Pinsel.o
 .debug_ranges  0x0000000000000230       0x58 ./src/DR/DR_Serial.o
 .debug_ranges  0x0000000000000288       0x30 ./src/DR/DR_Systick.o
 .debug_ranges  0x00000000000002b8       0x30 ./src/DR/DR_Timer0.o
 .debug_ranges  0x00000000000002e8       0x18 ./src/TPI_V0.o
 .debug_ranges  0x0000000000000300       0x70 ./src/cr_startup_lpc175x_6x.o

.debug_macro    0x0000000000000000     0x2539
 .debug_macro   0x0000000000000000       0x59 ./src/PR/PR_ADC.o
 .debug_macro   0x0000000000000059      0xaae ./src/PR/PR_ADC.o
 .debug_macro   0x0000000000000b07      0x1ea ./src/PR/PR_ADC.o
 .debug_macro   0x0000000000000cf1       0x34 ./src/PR/PR_ADC.o
 .debug_macro   0x0000000000000d25      0x1a8 ./src/PR/PR_ADC.o
 .debug_macro   0x0000000000000ecd       0x22 ./src/PR/PR_ADC.o
 .debug_macro   0x0000000000000eef       0x50 ./src/PR/PR_Botones.o
 .debug_macro   0x0000000000000f3f       0x5e ./src/PR/PR_Botones.o
 .debug_macro   0x0000000000000f9d       0x58 ./src/PR/PR_I2C.o
 .debug_macro   0x0000000000000ff5       0x1c ./src/PR/PR_I2C.o
 .debug_macro   0x0000000000001011       0x5f ./src/PR/PR_PWM.o
 .debug_macro   0x0000000000001070       0x4f ./src/PR/PR_Relays.o
 .debug_macro   0x00000000000010bf       0x55 ./src/PR/PR_Serial.o
 .debug_macro   0x0000000000001114       0x1c ./src/PR/PR_Serial.o
 .debug_macro   0x0000000000001130       0x16 ./src/PR/PR_Serial.o
 .debug_macro   0x0000000000001146       0x42 ./src/PR/PR_Timers.o
 .debug_macro   0x0000000000001188       0x28 ./src/PR/PR_Timers.o
 .debug_macro   0x00000000000011b0       0x6d ./src/DR/DR_ADC.o
 .debug_macro   0x000000000000121d       0x4c ./src/DR/DR_Botones.o
 .debug_macro   0x0000000000001269       0xfd ./src/DR/DR_ExtInt.o
 .debug_macro   0x0000000000001366       0x54 ./src/DR/DR_GPIO.o
 .debug_macro   0x00000000000013ba       0x58 ./src/DR/DR_GPIO.o
 .debug_macro   0x0000000000001412       0x63 ./src/DR/DR_I2C.o
 .debug_macro   0x0000000000001475       0x16 ./src/DR/DR_I2C.o
 .debug_macro   0x000000000000148b       0x42 ./src/DR/DR_PLL.o
 .debug_macro   0x00000000000014cd      0x1a2 ./src/DR/DR_PLL.o
 .debug_macro   0x000000000000166f       0xb5 ./src/DR/DR_PWM.o
 .debug_macro   0x0000000000001724       0x48 ./src/DR/DR_Pinsel.o
 .debug_macro   0x000000000000176c       0x78 ./src/DR/DR_Serial.o
 .debug_macro   0x00000000000017e4       0x10 ./src/DR/DR_Serial.o
 .debug_macro   0x00000000000017f4       0x8d ./src/DR/DR_Systick.o
 .debug_macro   0x0000000000001881       0x2e ./src/DR/DR_Systick.o
 .debug_macro   0x00000000000018af       0x10 ./src/DR/DR_Systick.o
 .debug_macro   0x00000000000018bf       0x61 ./src/DR/DR_Timer0.o
 .debug_macro   0x0000000000001920       0xd2 ./src/TPI_V0.o
 .debug_macro   0x00000000000019f2      0xaa8 ./src/TPI_V0.o
 .debug_macro   0x000000000000249a       0x82 ./src/TPI_V0.o
 .debug_macro   0x000000000000251c       0x1d ./src/cr_startup_lpc175x_6x.o

.debug_line     0x0000000000000000     0x24bc
 .debug_line    0x0000000000000000      0x158 ./src/PR/PR_ADC.o
 .debug_line    0x0000000000000158      0x12f ./src/PR/PR_Botones.o
 .debug_line    0x0000000000000287      0x16b ./src/PR/PR_I2C.o
 .debug_line    0x00000000000003f2      0x170 ./src/PR/PR_PWM.o
 .debug_line    0x0000000000000562      0x16b ./src/PR/PR_Relays.o
 .debug_line    0x00000000000006cd      0x23d ./src/PR/PR_Serial.o
 .debug_line    0x000000000000090a      0x2f3 ./src/PR/PR_Timers.o
 .debug_line    0x0000000000000bfd      0x1d8 ./src/DR/DR_ADC.o
 .debug_line    0x0000000000000dd5      0x178 ./src/DR/DR_Botones.o
 .debug_line    0x0000000000000f4d      0x179 ./src/DR/DR_ExtInt.o
 .debug_line    0x00000000000010c6      0x1e2 ./src/DR/DR_GPIO.o
 .debug_line    0x00000000000012a8      0x2f2 ./src/DR/DR_I2C.o
 .debug_line    0x000000000000159a      0x1d1 ./src/DR/DR_PLL.o
 .debug_line    0x000000000000176b      0x19b ./src/DR/DR_PWM.o
 .debug_line    0x0000000000001906       0xe6 ./src/DR/DR_Pinsel.o
 .debug_line    0x00000000000019ec      0x307 ./src/DR/DR_Serial.o
 .debug_line    0x0000000000001cf3      0x1e4 ./src/DR/DR_Systick.o
 .debug_line    0x0000000000001ed7      0x18b ./src/DR/DR_Timer0.o
 .debug_line    0x0000000000002062      0x2fb ./src/TPI_V0.o
 .debug_line    0x000000000000235d      0x15f ./src/cr_startup_lpc175x_6x.o

.debug_str      0x0000000000000000     0x5a60
 .debug_str     0x0000000000000000     0x3b03 ./src/PR/PR_ADC.o
                                       0x3b40 (size before relaxing)
 .debug_str     0x0000000000003b03       0xfe ./src/PR/PR_Botones.o
                                       0x34d9 (size before relaxing)
 .debug_str     0x0000000000003c01      0x188 ./src/PR/PR_I2C.o
                                       0x3644 (size before relaxing)
 .debug_str     0x0000000000003d89       0x7b ./src/PR/PR_PWM.o
                                       0x3b3c (size before relaxing)
 .debug_str     0x0000000000003e04       0x6a ./src/PR/PR_Relays.o
                                       0x3523 (size before relaxing)
 .debug_str     0x0000000000003e6e      0x18f ./src/PR/PR_Serial.o
                                       0x35af (size before relaxing)
 .debug_str     0x0000000000003ffd      0x127 ./src/PR/PR_Timers.o
                                       0x3505 (size before relaxing)
 .debug_str     0x0000000000004124      0x264 ./src/DR/DR_ADC.o
                                       0x3da8 (size before relaxing)
 .debug_str     0x0000000000004388       0x85 ./src/DR/DR_Botones.o
                                       0x351b (size before relaxing)
 .debug_str     0x000000000000440d      0x3e1 ./src/DR/DR_ExtInt.o
                                       0x3f60 (size before relaxing)
 .debug_str     0x00000000000047ee       0xfd ./src/DR/DR_GPIO.o
                                       0x358a (size before relaxing)
 .debug_str     0x00000000000048eb      0x1f0 ./src/DR/DR_I2C.o
                                       0x3ded (size before relaxing)
 .debug_str     0x0000000000004adb       0x22 ./src/DR/DR_PLL.o
                                       0x3aa3 (size before relaxing)
 .debug_str     0x0000000000004afd      0x347 ./src/DR/DR_PWM.o
                                       0x3eca (size before relaxing)
 .debug_str     0x0000000000004e44       0x51 ./src/DR/DR_Pinsel.o
                                       0x346e (size before relaxing)
 .debug_str     0x0000000000004e95      0x285 ./src/DR/DR_Serial.o
                                       0x3ea6 (size before relaxing)
 .debug_str     0x000000000000511a      0x12c ./src/DR/DR_Systick.o
                                       0x3d04 (size before relaxing)
 .debug_str     0x0000000000005246      0x1c9 ./src/DR/DR_Timer0.o
                                       0x3d11 (size before relaxing)
 .debug_str     0x000000000000540f      0x48b ./src/TPI_V0.o
                                       0x41cb (size before relaxing)
 .debug_str     0x000000000000589a      0x1c6 ./src/cr_startup_lpc175x_6x.o
                                       0x2fba (size before relaxing)

.comment        0x0000000000000000       0x79
 .comment       0x0000000000000000       0x79 ./src/PR/PR_ADC.o
                                         0x7a (size before relaxing)
 .comment       0x0000000000000079       0x7a ./src/PR/PR_Botones.o
 .comment       0x0000000000000079       0x7a ./src/PR/PR_I2C.o
 .comment       0x0000000000000079       0x7a ./src/PR/PR_PWM.o
 .comment       0x0000000000000079       0x7a ./src/PR/PR_Relays.o
 .comment       0x0000000000000079       0x7a ./src/PR/PR_Serial.o
 .comment       0x0000000000000079       0x7a ./src/PR/PR_Timers.o
 .comment       0x0000000000000079       0x7a ./src/DR/DR_ADC.o
 .comment       0x0000000000000079       0x7a ./src/DR/DR_Botones.o
 .comment       0x0000000000000079       0x7a ./src/DR/DR_ExtInt.o
 .comment       0x0000000000000079       0x7a ./src/DR/DR_GPIO.o
 .comment       0x0000000000000079       0x7a ./src/DR/DR_I2C.o
 .comment       0x0000000000000079       0x7a ./src/DR/DR_PLL.o
 .comment       0x0000000000000079       0x7a ./src/DR/DR_PWM.o
 .comment       0x0000000000000079       0x7a ./src/DR/DR_Pinsel.o
 .comment       0x0000000000000079       0x7a ./src/DR/DR_Serial.o
 .comment       0x0000000000000079       0x7a ./src/DR/DR_Systick.o
 .comment       0x0000000000000079       0x7a ./src/DR/DR_Timer0.o
 .comment       0x0000000000000079       0x7a ./src/TPI_V0.o
 .comment       0x0000000000000079       0x7a ./src/cr_startup_lpc175x_6x.o
 .comment       0x0000000000000079       0x7a /usr/local/mcuxpressoide-11.2.0_4120/ide/plugins/com.nxp.mcuxpresso.tools.linux_11.2.0.202001021529/tools/bin/../lib/gcc/arm-none-eabi/9.2.1/../../../../arm-none-eabi/lib/thumb/v7-m/nofp/libcr_c.a(__weak__main.o)

.ARM.attributes
                0x0000000000000000       0x2d
 .ARM.attributes
                0x0000000000000000       0x2d ./src/PR/PR_ADC.o
 .ARM.attributes
                0x000000000000002d       0x2d ./src/PR/PR_Botones.o
 .ARM.attributes
                0x000000000000005a       0x2d ./src/PR/PR_I2C.o
 .ARM.attributes
                0x0000000000000087       0x2d ./src/PR/PR_PWM.o
 .ARM.attributes
                0x00000000000000b4       0x2d ./src/PR/PR_Relays.o
 .ARM.attributes
                0x00000000000000e1       0x2d ./src/PR/PR_Serial.o
 .ARM.attributes
                0x000000000000010e       0x2d ./src/PR/PR_Timers.o
 .ARM.attributes
                0x000000000000013b       0x2d ./src/DR/DR_ADC.o
 .ARM.attributes
                0x0000000000000168       0x2d ./src/DR/DR_Botones.o
 .ARM.attributes
                0x0000000000000195       0x2d ./src/DR/DR_ExtInt.o
 .ARM.attributes
                0x00000000000001c2       0x2d ./src/DR/DR_GPIO.o
 .ARM.attributes
                0x00000000000001ef       0x2d ./src/DR/DR_I2C.o
 .ARM.attributes
                0x000000000000021c       0x2d ./src/DR/DR_PLL.o
 .ARM.attributes
                0x0000000000000249       0x2d ./src/DR/DR_PWM.o
 .ARM.attributes
                0x0000000000000276       0x2d ./src/DR/DR_Pinsel.o
 .ARM.attributes
                0x00000000000002a3       0x2d ./src/DR/DR_Serial.o
 .ARM.attributes
                0x00000000000002d0       0x2d ./src/DR/DR_Systick.o
 .ARM.attributes
                0x00000000000002fd       0x2d ./src/DR/DR_Timer0.o
 .ARM.attributes
                0x000000000000032a       0x2d ./src/TPI_V0.o
 .ARM.attributes
                0x0000000000000357       0x2d ./src/cr_startup_lpc175x_6x.o
 .ARM.attributes
                0x0000000000000384       0x2d /usr/local/mcuxpressoide-11.2.0_4120/ide/plugins/com.nxp.mcuxpresso.tools.linux_11.2.0.202001021529/tools/bin/../lib/gcc/arm-none-eabi/9.2.1/../../../../arm-none-eabi/lib/thumb/v7-m/nofp/libcr_c.a(__weak__main.o)

.debug_frame    0x0000000000000000      0xd48
 .debug_frame   0x0000000000000000       0x90 ./src/PR/PR_ADC.o
 .debug_frame   0x0000000000000090       0x54 ./src/PR/PR_Botones.o
 .debug_frame   0x00000000000000e4       0x50 ./src/PR/PR_I2C.o
 .debug_frame   0x0000000000000134       0xa4 ./src/PR/PR_PWM.o
 .debug_frame   0x00000000000001d8       0x74 ./src/PR/PR_Relays.o
 .debug_frame   0x000000000000024c      0x128 ./src/PR/PR_Serial.o
 .debug_frame   0x0000000000000374      0x148 ./src/PR/PR_Timers.o
 .debug_frame   0x00000000000004bc       0x78 ./src/DR/DR_ADC.o
 .debug_frame   0x0000000000000534       0x50 ./src/DR/DR_Botones.o
 .debug_frame   0x0000000000000584       0x78 ./src/DR/DR_ExtInt.o
 .debug_frame   0x00000000000005fc      0x104 ./src/DR/DR_GPIO.o
 .debug_frame   0x0000000000000700       0xc0 ./src/DR/DR_I2C.o
 .debug_frame   0x00000000000007c0       0x30 ./src/DR/DR_PLL.o
 .debug_frame   0x00000000000007f0       0x7c ./src/DR/DR_PWM.o
 .debug_frame   0x000000000000086c       0x38 ./src/DR/DR_Pinsel.o
 .debug_frame   0x00000000000008a4      0x188 ./src/DR/DR_Serial.o
 .debug_frame   0x0000000000000a2c       0xa8 ./src/DR/DR_Systick.o
 .debug_frame   0x0000000000000ad4       0xb8 ./src/DR/DR_Timer0.o
 .debug_frame   0x0000000000000b8c       0x4c ./src/TPI_V0.o
 .debug_frame   0x0000000000000bd8      0x170 ./src/cr_startup_lpc175x_6x.o

Cross Reference Table

Symbol                                            File
ADC_IRQHandler                                    ./src/DR/DR_ADC.o
ADC_buffer                                        ./src/DR/DR_ADC.o
                                                  ./src/PR/PR_ADC.o
ADC_cleanBuff                                     ./src/PR/PR_ADC.o
ADC_inUse                                         ./src/DR/DR_Systick.o
ADC_ready                                         ./src/DR/DR_ADC.o
                                                  ./src/PR/PR_ADC.o
ADC_run                                           ./src/PR/PR_ADC.o
                                                  ./src/TPI_V0.o
ADC_startConvertion                               ./src/DR/DR_ADC.o
                                                  ./src/PR/PR_ADC.o
BOD_IRQHandler                                    ./src/cr_startup_lpc175x_6x.o
Botones_buff                                      ./src/DR/DR_Botones.o
                                                  ./src/PR/PR_Botones.o
BusFault_Handler                                  ./src/cr_startup_lpc175x_6x.o
CANActivity_IRQHandler                            ./src/cr_startup_lpc175x_6x.o
CAN_IRQHandler                                    ./src/cr_startup_lpc175x_6x.o
DMA_IRQHandler                                    ./src/cr_startup_lpc175x_6x.o
DebugMon_Handler                                  ./src/cr_startup_lpc175x_6x.o
EINT0_IRQHandler                                  ./src/cr_startup_lpc175x_6x.o
EINT1_IRQHandler                                  ./src/cr_startup_lpc175x_6x.o
EINT2_IRQHandler                                  ./src/DR/DR_ExtInt.o
EINT3_IRQHandler                                  ./src/cr_startup_lpc175x_6x.o
EINT_Enable                                       ./src/DR/DR_ExtInt.o
                                                  ./src/PR/PR_IntTime.o
ENET_IRQHandler                                   ./src/cr_startup_lpc175x_6x.o
HardFault_Handler                                 ./src/cr_startup_lpc175x_6x.o
I2C0_IRQHandler                                   ./src/cr_startup_lpc175x_6x.o
I2C1_IRQHandler                                   ./src/DR/DR_I2C.o
I2C1_Master_buff                                  ./src/DR/DR_I2C.o
                                                  ./src/PR/PR_I2C.o
I2C1_Slave_buff                                   ./src/DR/DR_I2C.o
I2C1_readLenght                                   ./src/DR/DR_I2C.o
                                                  ./src/PR/PR_I2C.o
I2C1_read_idx                                     ./src/DR/DR_I2C.o
I2C1_writeLenght                                  ./src/DR/DR_I2C.o
                                                  ./src/PR/PR_I2C.o
I2C1_write_idx                                    ./src/DR/DR_I2C.o
I2C2_IRQHandler                                   ./src/cr_startup_lpc175x_6x.o
I2C_Start                                         ./src/DR/DR_I2C.o
I2C_Stop                                          ./src/DR/DR_I2C.o
I2C_engine                                        ./src/DR/DR_I2C.o
                                                  ./src/PR/PR_I2C.o
I2C_write                                         ./src/PR/PR_I2C.o
I2S_IRQHandler                                    ./src/cr_startup_lpc175x_6x.o
InicializarADC                                    ./src/PR/PR_ADC.o
InicializarADC_DR                                 ./src/DR/DR_ADC.o
                                                  ./src/PR/PR_ADC.o
InicializarBotones                                ./src/PR/PR_Botones.o
                                                  ./src/TPI_V0.o
InicializarEINT_DR                                ./src/DR/DR_ExtInt.o
                                                  ./src/TPI_V0.o
                                                  ./src/PR/PR_IntTime.o
InicializarI2C                                    ./src/PR/PR_I2C.o
                                                  ./src/TPI_V0.o
InicializarI2C_DR                                 ./src/DR/DR_I2C.o
                                                  ./src/PR/PR_I2C.o
InicializarIntTime                                ./src/PR/PR_IntTime.o
                                                  ./src/AP/AP_Ultrasonido.o
InicializarMotores                                ./src/AP/AP_Motores.o
InicializarPLL                                    ./src/DR/DR_PLL.o
                                                  ./src/TPI_V0.o
InicializarPWM                                    ./src/PR/PR_PWM.o
                                                  ./src/TPI_V0.o
InicializarPWM_DR                                 ./src/DR/DR_PWM.o
                                                  ./src/AP/AP_Motores.o
                                                  ./src/PR/PR_PWM.o
InicializarRelays                                 ./src/PR/PR_Relays.o
                                                  ./src/TPI_V0.o
InicializarSerial0                                ./src/PR/PR_Serial.o
                                                  ./src/TPI_V0.o
InicializarSerial1                                ./src/PR/PR_Serial.o
                                                  ./src/TPI_V0.o
InicializarSystick                                ./src/DR/DR_Systick.o
                                                  ./src/TPI_V0.o
InicializarTimer0_DR                              ./src/DR/DR_Timer0.o
                                                  ./src/PR/PR_IntTime.o
InicializarUART0_DR                               ./src/DR/DR_Serial.o
                                                  ./src/PR/PR_Serial.o
InicializarUART1_DR                               ./src/DR/DR_Serial.o
                                                  ./src/PR/PR_Serial.o
InicializarUS                                     ./src/AP/AP_Ultrasonido.o
IntDefaultHandler                                 ./src/cr_startup_lpc175x_6x.o
MCPWM_IRQHandler                                  ./src/cr_startup_lpc175x_6x.o
MemManage_Handler                                 ./src/cr_startup_lpc175x_6x.o
NMI_Handler                                       ./src/cr_startup_lpc175x_6x.o
PLL0_IRQHandler                                   ./src/cr_startup_lpc175x_6x.o
PLL1_IRQHandler                                   ./src/cr_startup_lpc175x_6x.o
PWM1_IRQHandler                                   ./src/cr_startup_lpc175x_6x.o
PWM_buff                                          ./src/DR/DR_PWM.o
                                                  ./src/PR/PR_PWM.o
PWM_setDutyCicle                                  ./src/DR/DR_PWM.o
                                                  ./src/AP/AP_Motores.o
PWM_update                                        ./src/DR/DR_PWM.o
                                                  ./src/DR/DR_Systick.o
PendSV_Handler                                    ./src/cr_startup_lpc175x_6x.o
QEI_IRQHandler                                    ./src/cr_startup_lpc175x_6x.o
RIT_IRQHandler                                    ./src/cr_startup_lpc175x_6x.o
RTC_IRQHandler                                    ./src/cr_startup_lpc175x_6x.o
ResetISR                                          ./src/cr_startup_lpc175x_6x.o
SPI_IRQHandler                                    ./src/cr_startup_lpc175x_6x.o
SSP0_IRQHandler                                   ./src/cr_startup_lpc175x_6x.o
SSP1_IRQHandler                                   ./src/cr_startup_lpc175x_6x.o
SVC_Handler                                       ./src/cr_startup_lpc175x_6x.o
SysTick_Handler                                   ./src/DR/DR_Systick.o
TIM0_count                                        ./src/DR/DR_Timer0.o
TIMER0_EnableCount                                ./src/DR/DR_Timer0.o
                                                  ./src/PR/PR_IntTime.o
TIMER0_IRQHandler                                 ./src/DR/DR_Timer0.o
TIMER0_getTime                                    ./src/DR/DR_Timer0.o
                                                  ./src/DR/DR_ExtInt.o
TIMER0_rstTime                                    ./src/DR/DR_Timer0.o
                                                  ./src/DR/DR_ExtInt.o
                                                  ./src/PR/PR_IntTime.o
TIMER1_IRQHandler                                 ./src/cr_startup_lpc175x_6x.o
TIMER2_IRQHandler                                 ./src/cr_startup_lpc175x_6x.o
TIMER3_IRQHandler                                 ./src/cr_startup_lpc175x_6x.o
TecladoHW                                         ./src/DR/DR_Botones.o
TecladoSW                                         ./src/DR/DR_Botones.o
                                                  ./src/DR/DR_Systick.o
TimerClose                                        ./src/PR/PR_Timers.o
TimerDiscount                                     ./src/PR/PR_Timers.o
                                                  ./src/DR/DR_Systick.o
TimerGet                                          ./src/PR/PR_Timers.o
TimerPause                                        ./src/PR/PR_Timers.o
TimerSet                                          ./src/PR/PR_Timers.o
TimerStart                                        ./src/PR/PR_Timers.o
                                                  ./src/TPI_V0.o
                                                  ./src/AP/AP_Ultrasonido.o
TimerStop                                         ./src/PR/PR_Timers.o
Timers_run                                        ./src/PR/PR_Timers.o
                                                  ./src/TPI_V0.o
TmrBase                                           ./src/PR/PR_Timers.o
TmrFlags                                          ./src/PR/PR_Timers.o
TmrFunciones                                      ./src/PR/PR_Timers.o
TmrPause                                          ./src/PR/PR_Timers.o
TmrRun                                            ./src/PR/PR_Timers.o
UART0_IRQHandler                                  ./src/DR/DR_Serial.o
UART0_SendString                                  ./src/PR/PR_Serial.o
UART0_forceTX                                     ./src/DR/DR_Serial.o
                                                  ./src/PR/PR_Serial.o
UART0_popRX                                       ./src/PR/PR_Serial.o
UART0_popTX                                       ./src/DR/DR_Serial.o
UART0_pushRX                                      ./src/DR/DR_Serial.o
UART0_pushTX                                      ./src/PR/PR_Serial.o
                                                  ./src/TPI_V0.o
UART0_rx_buff                                     ./src/DR/DR_Serial.o
                                                  ./src/PR/PR_Serial.o
UART0_rx_in                                       ./src/DR/DR_Serial.o
                                                  ./src/PR/PR_Serial.o
UART0_rx_out                                      ./src/DR/DR_Serial.o
                                                  ./src/PR/PR_Serial.o
UART0_tx_buff                                     ./src/DR/DR_Serial.o
                                                  ./src/PR/PR_Serial.o
UART0_tx_flag                                     ./src/DR/DR_Serial.o
                                                  ./src/PR/PR_Serial.o
UART0_tx_in                                       ./src/DR/DR_Serial.o
                                                  ./src/PR/PR_Serial.o
UART0_tx_out                                      ./src/DR/DR_Serial.o
UART1_IRQHandler                                  ./src/DR/DR_Serial.o
UART1_SendString                                  ./src/PR/PR_Serial.o
                                                  ./src/TPI_V0.o
UART1_forceTX                                     ./src/DR/DR_Serial.o
                                                  ./src/PR/PR_Serial.o
UART1_popRX                                       ./src/PR/PR_Serial.o
                                                  ./src/TPI_V0.o
UART1_popTX                                       ./src/DR/DR_Serial.o
UART1_pushRX                                      ./src/DR/DR_Serial.o
UART1_pushTX                                      ./src/PR/PR_Serial.o
UART1_rx_buff                                     ./src/DR/DR_Serial.o
                                                  ./src/PR/PR_Serial.o
UART1_rx_in                                       ./src/DR/DR_Serial.o
                                                  ./src/PR/PR_Serial.o
UART1_rx_out                                      ./src/DR/DR_Serial.o
                                                  ./src/PR/PR_Serial.o
UART1_tx_buff                                     ./src/DR/DR_Serial.o
                                                  ./src/PR/PR_Serial.o
UART1_tx_flag                                     ./src/DR/DR_Serial.o
                                                  ./src/PR/PR_Serial.o
UART1_tx_in                                       ./src/DR/DR_Serial.o
                                                  ./src/PR/PR_Serial.o
UART1_tx_out                                      ./src/DR/DR_Serial.o
UART2_IRQHandler                                  ./src/cr_startup_lpc175x_6x.o
UART3_IRQHandler                                  ./src/cr_startup_lpc175x_6x.o
USBActivity_IRQHandler                            ./src/cr_startup_lpc175x_6x.o
USB_IRQHandler                                    ./src/cr_startup_lpc175x_6x.o
UsageFault_Handler                                ./src/cr_startup_lpc175x_6x.o
WDT_IRQHandler                                    ./src/cr_startup_lpc175x_6x.o
__aeabi_cdcmpeq                                   /usr/local/mcuxpressoide-11.2.0_4120/ide/plugins/com.nxp.mcuxpresso.tools.linux_11.2.0.202001021529/tools/bin/../lib/gcc/arm-none-eabi/9.2.1/thumb/v7-m/nofp/libcr_eabihelpers.a(double.o)
__aeabi_cdcmple                                   /usr/local/mcuxpressoide-11.2.0_4120/ide/plugins/com.nxp.mcuxpresso.tools.linux_11.2.0.202001021529/tools/bin/../lib/gcc/arm-none-eabi/9.2.1/thumb/v7-m/nofp/libcr_eabihelpers.a(double.o)
__aeabi_cdrcmple                                  /usr/local/mcuxpressoide-11.2.0_4120/ide/plugins/com.nxp.mcuxpresso.tools.linux_11.2.0.202001021529/tools/bin/../lib/gcc/arm-none-eabi/9.2.1/thumb/v7-m/nofp/libcr_eabihelpers.a(double.o)
__aeabi_cfcmpeq                                   /usr/local/mcuxpressoide-11.2.0_4120/ide/plugins/com.nxp.mcuxpresso.tools.linux_11.2.0.202001021529/tools/bin/../lib/gcc/arm-none-eabi/9.2.1/thumb/v7-m/nofp/libcr_eabihelpers.a(float.o)
__aeabi_cfcmple                                   /usr/local/mcuxpressoide-11.2.0_4120/ide/plugins/com.nxp.mcuxpresso.tools.linux_11.2.0.202001021529/tools/bin/../lib/gcc/arm-none-eabi/9.2.1/thumb/v7-m/nofp/libcr_eabihelpers.a(float.o)
__aeabi_cfrcmple                                  /usr/local/mcuxpressoide-11.2.0_4120/ide/plugins/com.nxp.mcuxpresso.tools.linux_11.2.0.202001021529/tools/bin/../lib/gcc/arm-none-eabi/9.2.1/thumb/v7-m/nofp/libcr_eabihelpers.a(float.o)
__aeabi_d2f                                       /usr/local/mcuxpressoide-11.2.0_4120/ide/plugins/com.nxp.mcuxpresso.tools.linux_11.2.0.202001021529/tools/bin/../lib/gcc/arm-none-eabi/9.2.1/thumb/v7-m/nofp/libcr_eabihelpers.a(double.o)
__aeabi_d2iz                                      /usr/local/mcuxpressoide-11.2.0_4120/ide/plugins/com.nxp.mcuxpresso.tools.linux_11.2.0.202001021529/tools/bin/../lib/gcc/arm-none-eabi/9.2.1/thumb/v7-m/nofp/libcr_eabihelpers.a(double.o)
__aeabi_d2lz                                      /usr/local/mcuxpressoide-11.2.0_4120/ide/plugins/com.nxp.mcuxpresso.tools.linux_11.2.0.202001021529/tools/bin/../lib/gcc/arm-none-eabi/9.2.1/thumb/v7-m/nofp/libcr_eabihelpers.a(double.o)
__aeabi_d2uiz                                     /usr/local/mcuxpressoide-11.2.0_4120/ide/plugins/com.nxp.mcuxpresso.tools.linux_11.2.0.202001021529/tools/bin/../lib/gcc/arm-none-eabi/9.2.1/thumb/v7-m/nofp/libcr_eabihelpers.a(double.o)
                                                  ./src/AP/AP_Ultrasonido.o
__aeabi_d2ulz                                     /usr/local/mcuxpressoide-11.2.0_4120/ide/plugins/com.nxp.mcuxpresso.tools.linux_11.2.0.202001021529/tools/bin/../lib/gcc/arm-none-eabi/9.2.1/thumb/v7-m/nofp/libcr_eabihelpers.a(double.o)
__aeabi_dadd                                      /usr/local/mcuxpressoide-11.2.0_4120/ide/plugins/com.nxp.mcuxpresso.tools.linux_11.2.0.202001021529/tools/bin/../lib/gcc/arm-none-eabi/9.2.1/thumb/v7-m/nofp/libcr_eabihelpers.a(double.o)
__aeabi_dcmpeq                                    /usr/local/mcuxpressoide-11.2.0_4120/ide/plugins/com.nxp.mcuxpresso.tools.linux_11.2.0.202001021529/tools/bin/../lib/gcc/arm-none-eabi/9.2.1/thumb/v7-m/nofp/libcr_eabihelpers.a(double.o)
__aeabi_dcmpge                                    /usr/local/mcuxpressoide-11.2.0_4120/ide/plugins/com.nxp.mcuxpresso.tools.linux_11.2.0.202001021529/tools/bin/../lib/gcc/arm-none-eabi/9.2.1/thumb/v7-m/nofp/libcr_eabihelpers.a(double.o)
__aeabi_dcmpgt                                    /usr/local/mcuxpressoide-11.2.0_4120/ide/plugins/com.nxp.mcuxpresso.tools.linux_11.2.0.202001021529/tools/bin/../lib/gcc/arm-none-eabi/9.2.1/thumb/v7-m/nofp/libcr_eabihelpers.a(double.o)
__aeabi_dcmple                                    /usr/local/mcuxpressoide-11.2.0_4120/ide/plugins/com.nxp.mcuxpresso.tools.linux_11.2.0.202001021529/tools/bin/../lib/gcc/arm-none-eabi/9.2.1/thumb/v7-m/nofp/libcr_eabihelpers.a(double.o)
__aeabi_dcmplt                                    /usr/local/mcuxpressoide-11.2.0_4120/ide/plugins/com.nxp.mcuxpresso.tools.linux_11.2.0.202001021529/tools/bin/../lib/gcc/arm-none-eabi/9.2.1/thumb/v7-m/nofp/libcr_eabihelpers.a(double.o)
__aeabi_dcmpun                                    /usr/local/mcuxpressoide-11.2.0_4120/ide/plugins/com.nxp.mcuxpresso.tools.linux_11.2.0.202001021529/tools/bin/../lib/gcc/arm-none-eabi/9.2.1/thumb/v7-m/nofp/libcr_eabihelpers.a(double.o)
__aeabi_ddiv                                      /usr/local/mcuxpressoide-11.2.0_4120/ide/plugins/com.nxp.mcuxpresso.tools.linux_11.2.0.202001021529/tools/bin/../lib/gcc/arm-none-eabi/9.2.1/thumb/v7-m/nofp/libcr_eabihelpers.a(double.o)
                                                  ./src/AP/AP_Ultrasonido.o
__aeabi_dmul                                      /usr/local/mcuxpressoide-11.2.0_4120/ide/plugins/com.nxp.mcuxpresso.tools.linux_11.2.0.202001021529/tools/bin/../lib/gcc/arm-none-eabi/9.2.1/thumb/v7-m/nofp/libcr_eabihelpers.a(double.o)
__aeabi_dneg                                      /usr/local/mcuxpressoide-11.2.0_4120/ide/plugins/com.nxp.mcuxpresso.tools.linux_11.2.0.202001021529/tools/bin/../lib/gcc/arm-none-eabi/9.2.1/thumb/v7-m/nofp/libcr_eabihelpers.a(double.o)
__aeabi_drsub                                     /usr/local/mcuxpressoide-11.2.0_4120/ide/plugins/com.nxp.mcuxpresso.tools.linux_11.2.0.202001021529/tools/bin/../lib/gcc/arm-none-eabi/9.2.1/thumb/v7-m/nofp/libcr_eabihelpers.a(double.o)
__aeabi_dsub                                      /usr/local/mcuxpressoide-11.2.0_4120/ide/plugins/com.nxp.mcuxpresso.tools.linux_11.2.0.202001021529/tools/bin/../lib/gcc/arm-none-eabi/9.2.1/thumb/v7-m/nofp/libcr_eabihelpers.a(double.o)
__aeabi_f2d                                       /usr/local/mcuxpressoide-11.2.0_4120/ide/plugins/com.nxp.mcuxpresso.tools.linux_11.2.0.202001021529/tools/bin/../lib/gcc/arm-none-eabi/9.2.1/thumb/v7-m/nofp/libcr_eabihelpers.a(float.o)
                                                  ./src/AP/AP_Ultrasonido.o
__aeabi_f2iz                                      /usr/local/mcuxpressoide-11.2.0_4120/ide/plugins/com.nxp.mcuxpresso.tools.linux_11.2.0.202001021529/tools/bin/../lib/gcc/arm-none-eabi/9.2.1/thumb/v7-m/nofp/libcr_eabihelpers.a(float.o)
__aeabi_f2lz                                      /usr/local/mcuxpressoide-11.2.0_4120/ide/plugins/com.nxp.mcuxpresso.tools.linux_11.2.0.202001021529/tools/bin/../lib/gcc/arm-none-eabi/9.2.1/thumb/v7-m/nofp/libcr_eabihelpers.a(float.o)
__aeabi_f2uiz                                     /usr/local/mcuxpressoide-11.2.0_4120/ide/plugins/com.nxp.mcuxpresso.tools.linux_11.2.0.202001021529/tools/bin/../lib/gcc/arm-none-eabi/9.2.1/thumb/v7-m/nofp/libcr_eabihelpers.a(float.o)
__aeabi_f2ulz                                     /usr/local/mcuxpressoide-11.2.0_4120/ide/plugins/com.nxp.mcuxpresso.tools.linux_11.2.0.202001021529/tools/bin/../lib/gcc/arm-none-eabi/9.2.1/thumb/v7-m/nofp/libcr_eabihelpers.a(float.o)
__aeabi_fadd                                      /usr/local/mcuxpressoide-11.2.0_4120/ide/plugins/com.nxp.mcuxpresso.tools.linux_11.2.0.202001021529/tools/bin/../lib/gcc/arm-none-eabi/9.2.1/thumb/v7-m/nofp/libcr_eabihelpers.a(float.o)
__aeabi_fcmpeq                                    /usr/local/mcuxpressoide-11.2.0_4120/ide/plugins/com.nxp.mcuxpresso.tools.linux_11.2.0.202001021529/tools/bin/../lib/gcc/arm-none-eabi/9.2.1/thumb/v7-m/nofp/libcr_eabihelpers.a(float.o)
__aeabi_fcmpge                                    /usr/local/mcuxpressoide-11.2.0_4120/ide/plugins/com.nxp.mcuxpresso.tools.linux_11.2.0.202001021529/tools/bin/../lib/gcc/arm-none-eabi/9.2.1/thumb/v7-m/nofp/libcr_eabihelpers.a(float.o)
__aeabi_fcmpgt                                    /usr/local/mcuxpressoide-11.2.0_4120/ide/plugins/com.nxp.mcuxpresso.tools.linux_11.2.0.202001021529/tools/bin/../lib/gcc/arm-none-eabi/9.2.1/thumb/v7-m/nofp/libcr_eabihelpers.a(float.o)
__aeabi_fcmple                                    /usr/local/mcuxpressoide-11.2.0_4120/ide/plugins/com.nxp.mcuxpresso.tools.linux_11.2.0.202001021529/tools/bin/../lib/gcc/arm-none-eabi/9.2.1/thumb/v7-m/nofp/libcr_eabihelpers.a(float.o)
__aeabi_fcmplt                                    /usr/local/mcuxpressoide-11.2.0_4120/ide/plugins/com.nxp.mcuxpresso.tools.linux_11.2.0.202001021529/tools/bin/../lib/gcc/arm-none-eabi/9.2.1/thumb/v7-m/nofp/libcr_eabihelpers.a(float.o)
__aeabi_fcmpun                                    /usr/local/mcuxpressoide-11.2.0_4120/ide/plugins/com.nxp.mcuxpresso.tools.linux_11.2.0.202001021529/tools/bin/../lib/gcc/arm-none-eabi/9.2.1/thumb/v7-m/nofp/libcr_eabihelpers.a(float.o)
__aeabi_fdiv                                      /usr/local/mcuxpressoide-11.2.0_4120/ide/plugins/com.nxp.mcuxpresso.tools.linux_11.2.0.202001021529/tools/bin/../lib/gcc/arm-none-eabi/9.2.1/thumb/v7-m/nofp/libcr_eabihelpers.a(float.o)
__aeabi_fmul                                      /usr/local/mcuxpressoide-11.2.0_4120/ide/plugins/com.nxp.mcuxpresso.tools.linux_11.2.0.202001021529/tools/bin/../lib/gcc/arm-none-eabi/9.2.1/thumb/v7-m/nofp/libcr_eabihelpers.a(float.o)
                                                  ./src/AP/AP_Ultrasonido.o
__aeabi_fneg                                      /usr/local/mcuxpressoide-11.2.0_4120/ide/plugins/com.nxp.mcuxpresso.tools.linux_11.2.0.202001021529/tools/bin/../lib/gcc/arm-none-eabi/9.2.1/thumb/v7-m/nofp/libcr_eabihelpers.a(float.o)
__aeabi_frsub                                     /usr/local/mcuxpressoide-11.2.0_4120/ide/plugins/com.nxp.mcuxpresso.tools.linux_11.2.0.202001021529/tools/bin/../lib/gcc/arm-none-eabi/9.2.1/thumb/v7-m/nofp/libcr_eabihelpers.a(float.o)
__aeabi_fsub                                      /usr/local/mcuxpressoide-11.2.0_4120/ide/plugins/com.nxp.mcuxpresso.tools.linux_11.2.0.202001021529/tools/bin/../lib/gcc/arm-none-eabi/9.2.1/thumb/v7-m/nofp/libcr_eabihelpers.a(float.o)
__aeabi_i2d                                       /usr/local/mcuxpressoide-11.2.0_4120/ide/plugins/com.nxp.mcuxpresso.tools.linux_11.2.0.202001021529/tools/bin/../lib/gcc/arm-none-eabi/9.2.1/thumb/v7-m/nofp/libcr_eabihelpers.a(double.o)
__aeabi_i2f                                       /usr/local/mcuxpressoide-11.2.0_4120/ide/plugins/com.nxp.mcuxpresso.tools.linux_11.2.0.202001021529/tools/bin/../lib/gcc/arm-none-eabi/9.2.1/thumb/v7-m/nofp/libcr_eabihelpers.a(float.o)
__aeabi_l2d                                       /usr/local/mcuxpressoide-11.2.0_4120/ide/plugins/com.nxp.mcuxpresso.tools.linux_11.2.0.202001021529/tools/bin/../lib/gcc/arm-none-eabi/9.2.1/thumb/v7-m/nofp/libcr_eabihelpers.a(double.o)
__aeabi_l2f                                       /usr/local/mcuxpressoide-11.2.0_4120/ide/plugins/com.nxp.mcuxpresso.tools.linux_11.2.0.202001021529/tools/bin/../lib/gcc/arm-none-eabi/9.2.1/thumb/v7-m/nofp/libcr_eabihelpers.a(float.o)
__aeabi_ui2d                                      /usr/local/mcuxpressoide-11.2.0_4120/ide/plugins/com.nxp.mcuxpresso.tools.linux_11.2.0.202001021529/tools/bin/../lib/gcc/arm-none-eabi/9.2.1/thumb/v7-m/nofp/libcr_eabihelpers.a(double.o)
__aeabi_ui2f                                      /usr/local/mcuxpressoide-11.2.0_4120/ide/plugins/com.nxp.mcuxpresso.tools.linux_11.2.0.202001021529/tools/bin/../lib/gcc/arm-none-eabi/9.2.1/thumb/v7-m/nofp/libcr_eabihelpers.a(float.o)
                                                  ./src/AP/AP_Ultrasonido.o
__aeabi_ul2d                                      /usr/local/mcuxpressoide-11.2.0_4120/ide/plugins/com.nxp.mcuxpresso.tools.linux_11.2.0.202001021529/tools/bin/../lib/gcc/arm-none-eabi/9.2.1/thumb/v7-m/nofp/libcr_eabihelpers.a(double.o)
__aeabi_ul2f                                      /usr/local/mcuxpressoide-11.2.0_4120/ide/plugins/com.nxp.mcuxpresso.tools.linux_11.2.0.202001021529/tools/bin/../lib/gcc/arm-none-eabi/9.2.1/thumb/v7-m/nofp/libcr_eabihelpers.a(float.o)
__bhs_ui2d                                        /usr/local/mcuxpressoide-11.2.0_4120/ide/plugins/com.nxp.mcuxpresso.tools.linux_11.2.0.202001021529/tools/bin/../lib/gcc/arm-none-eabi/9.2.1/thumb/v7-m/nofp/libcr_eabihelpers.a(double.o)
__bhs_ui2f                                        /usr/local/mcuxpressoide-11.2.0_4120/ide/plugins/com.nxp.mcuxpresso.tools.linux_11.2.0.202001021529/tools/bin/../lib/gcc/arm-none-eabi/9.2.1/thumb/v7-m/nofp/libcr_eabihelpers.a(float.o)
__bhs_ul2d                                        /usr/local/mcuxpressoide-11.2.0_4120/ide/plugins/com.nxp.mcuxpresso.tools.linux_11.2.0.202001021529/tools/bin/../lib/gcc/arm-none-eabi/9.2.1/thumb/v7-m/nofp/libcr_eabihelpers.a(double.o)
__bhs_ul2f                                        /usr/local/mcuxpressoide-11.2.0_4120/ide/plugins/com.nxp.mcuxpresso.tools.linux_11.2.0.202001021529/tools/bin/../lib/gcc/arm-none-eabi/9.2.1/thumb/v7-m/nofp/libcr_eabihelpers.a(float.o)
__bss_section_table_end                           ./src/cr_startup_lpc175x_6x.o
__data_section_table                              ./src/cr_startup_lpc175x_6x.o
__data_section_table_end                          ./src/cr_startup_lpc175x_6x.o
__main                                            /usr/local/mcuxpressoide-11.2.0_4120/ide/plugins/com.nxp.mcuxpresso.tools.linux_11.2.0.202001021529/tools/bin/../lib/gcc/arm-none-eabi/9.2.1/../../../../arm-none-eabi/lib/thumb/v7-m/nofp/libcr_c.a(__weak__main.o)
                                                  ./src/cr_startup_lpc175x_6x.o
__valid_user_code_checksum                        ./src/cr_startup_lpc175x_6x.o
__weak_main                                       /usr/local/mcuxpressoide-11.2.0_4120/ide/plugins/com.nxp.mcuxpresso.tools.linux_11.2.0.202001021529/tools/bin/../lib/gcc/arm-none-eabi/9.2.1/../../../../arm-none-eabi/lib/thumb/v7-m/nofp/libcr_c.a(__weak__main.o)
_vStackTop                                        ./src/cr_startup_lpc175x_6x.o
bss_init                                          ./src/cr_startup_lpc175x_6x.o
data_init                                         ./src/cr_startup_lpc175x_6x.o
distancia                                         ./src/AP/AP_Ultrasonido.o
enableIntTime                                     ./src/PR/PR_IntTime.o
                                                  ./src/AP/AP_Ultrasonido.o
func                                              ./src/TPI_V0.o
g_pfnVectors                                      ./src/cr_startup_lpc175x_6x.o
getADC                                            ./src/PR/PR_ADC.o
getBtn                                            ./src/PR/PR_Botones.o
                                                  ./src/TPI_V0.o
getIntTime                                        ./src/PR/PR_IntTime.o
                                                  ./src/AP/AP_Ultrasonido.o
getPWMDuty                                        ./src/PR/PR_PWM.o
getPin                                            ./src/DR/DR_GPIO.o
                                                  ./src/DR/DR_Botones.o
                                                  ./src/PR/PR_Relays.o
getPin_raw                                        ./src/DR/DR_GPIO.o
getUSDistance                                     ./src/AP/AP_Ultrasonido.o
get_ticks                                         ./src/DR/DR_Systick.o
intTime                                           ./src/DR/DR_ExtInt.o
                                                  ./src/PR/PR_IntTime.o
invertRelay                                       ./src/PR/PR_Relays.o
                                                  ./src/TPI_V0.o
main                                              ./src/TPI_V0.o
                                                  /usr/local/mcuxpressoide-11.2.0_4120/ide/plugins/com.nxp.mcuxpresso.tools.linux_11.2.0.202001021529/tools/bin/../lib/gcc/arm-none-eabi/9.2.1/../../../../arm-none-eabi/lib/thumb/v7-m/nofp/libcr_c.a(__weak__main.o)
reset_ticks                                       ./src/DR/DR_Systick.o
scheduler_run                                     ./src/DR/DR_Systick.o
setDir                                            ./src/DR/DR_GPIO.o
                                                  ./src/TPI_V0.o
                                                  ./src/AP/AP_Ultrasonido.o
                                                  ./src/AP/AP_Motores.o
                                                  ./src/PR/PR_Relays.o
                                                  ./src/PR/PR_IntTime.o
                                                  ./src/PR/PR_Botones.o
setMotoresDir                                     ./src/AP/AP_Motores.o
setMotoresVel                                     ./src/AP/AP_Motores.o
setPWMDuty                                        ./src/PR/PR_PWM.o
setPWMOff                                         ./src/PR/PR_PWM.o
setPin                                            ./src/DR/DR_GPIO.o
                                                  ./src/TPI_V0.o
                                                  ./src/AP/AP_Ultrasonido.o
                                                  ./src/AP/AP_Motores.o
                                                  ./src/PR/PR_Relays.o
setPinmode                                        ./src/DR/DR_GPIO.o
                                                  ./src/PR/PR_I2C.o
                                                  ./src/PR/PR_Botones.o
setPinmode_OD                                     ./src/DR/DR_GPIO.o
                                                  ./src/TPI_V0.o
                                                  ./src/PR/PR_Relays.o
                                                  ./src/PR/PR_I2C.o
setPinsel                                         ./src/DR/DR_Pinsel.o
                                                  ./src/PR/PR_Serial.o
                                                  ./src/PR/PR_PWM.o
                                                  ./src/PR/PR_IntTime.o
                                                  ./src/PR/PR_I2C.o
                                                  ./src/PR/PR_ADC.o
setRelay                                          ./src/PR/PR_Relays.o
                                                  ./src/TPI_V0.o
updateDistance                                    ./src/AP/AP_Ultrasonido.o
