Archive member included to satisfy reference by file (symbol)

/usr/local/mcuxpressoide-11.2.0_4120/ide/plugins/com.nxp.mcuxpresso.tools.linux_11.2.0.202001021529/tools/bin/../lib/gcc/arm-none-eabi/9.2.1/../../../../arm-none-eabi/lib/thumb/v7-m/nofp/libcr_c.a(__weak__main.o)
                              ./src/cr_startup_lpc175x_6x.o (__main)

Discarded input sections

 .group         0x0000000000000000        0xc ./src/PR/PR_Timers.o
 .group         0x0000000000000000        0xc ./src/PR/PR_Timers.o
 .group         0x0000000000000000        0xc ./src/PR/PR_Timers.o
 .group         0x0000000000000000        0xc ./src/PR/PR_Timers.o
 .text          0x0000000000000000        0x0 ./src/PR/PR_Timers.o
 .data          0x0000000000000000        0x0 ./src/PR/PR_Timers.o
 .bss           0x0000000000000000        0x0 ./src/PR/PR_Timers.o
 .text.TimerPause
                0x0000000000000000       0x38 ./src/PR/PR_Timers.o
 .text.TimerStop
                0x0000000000000000       0x64 ./src/PR/PR_Timers.o
 .text.TimerSet
                0x0000000000000000       0x9c ./src/PR/PR_Timers.o
 .text.TimerGet
                0x0000000000000000       0xa0 ./src/PR/PR_Timers.o
 .text.TimerClose
                0x0000000000000000       0x28 ./src/PR/PR_Timers.o
 .group         0x0000000000000000        0xc ./src/DR/DR_ADC.o
 .group         0x0000000000000000        0xc ./src/DR/DR_ADC.o
 .group         0x0000000000000000        0xc ./src/DR/DR_ADC.o
 .group         0x0000000000000000        0xc ./src/DR/DR_ADC.o
 .group         0x0000000000000000        0xc ./src/DR/DR_ADC.o
 .text          0x0000000000000000        0x0 ./src/DR/DR_ADC.o
 .data          0x0000000000000000        0x0 ./src/DR/DR_ADC.o
 .bss           0x0000000000000000        0x0 ./src/DR/DR_ADC.o
 .debug_macro   0x0000000000000000      0xaa8 ./src/DR/DR_ADC.o
 .debug_macro   0x0000000000000000      0x184 ./src/DR/DR_ADC.o
 .debug_macro   0x0000000000000000       0x34 ./src/DR/DR_ADC.o
 .group         0x0000000000000000        0xc ./src/DR/DR_GPIO.o
 .group         0x0000000000000000        0xc ./src/DR/DR_GPIO.o
 .group         0x0000000000000000        0xc ./src/DR/DR_GPIO.o
 .group         0x0000000000000000        0xc ./src/DR/DR_GPIO.o
 .text          0x0000000000000000        0x0 ./src/DR/DR_GPIO.o
 .data          0x0000000000000000        0x0 ./src/DR/DR_GPIO.o
 .bss           0x0000000000000000        0x0 ./src/DR/DR_GPIO.o
 .text.setPinmode
                0x0000000000000000       0x94 ./src/DR/DR_GPIO.o
 .text.getPin   0x0000000000000000       0x4a ./src/DR/DR_GPIO.o
 .text.getPin_raw
                0x0000000000000000       0x32 ./src/DR/DR_GPIO.o
 .debug_macro   0x0000000000000000      0xaa8 ./src/DR/DR_GPIO.o
 .debug_macro   0x0000000000000000      0x184 ./src/DR/DR_GPIO.o
 .debug_macro   0x0000000000000000       0x34 ./src/DR/DR_GPIO.o
 .group         0x0000000000000000        0xc ./src/DR/DR_PLL.o
 .group         0x0000000000000000        0xc ./src/DR/DR_PLL.o
 .group         0x0000000000000000        0xc ./src/DR/DR_PLL.o
 .group         0x0000000000000000        0xc ./src/DR/DR_PLL.o
 .text          0x0000000000000000        0x0 ./src/DR/DR_PLL.o
 .data          0x0000000000000000        0x0 ./src/DR/DR_PLL.o
 .bss           0x0000000000000000        0x0 ./src/DR/DR_PLL.o
 .debug_macro   0x0000000000000000      0xaa8 ./src/DR/DR_PLL.o
 .debug_macro   0x0000000000000000      0x184 ./src/DR/DR_PLL.o
 .debug_macro   0x0000000000000000       0x34 ./src/DR/DR_PLL.o
 .group         0x0000000000000000        0xc ./src/DR/DR_PWM.o
 .group         0x0000000000000000        0xc ./src/DR/DR_PWM.o
 .group         0x0000000000000000        0xc ./src/DR/DR_PWM.o
 .group         0x0000000000000000        0xc ./src/DR/DR_PWM.o
 .group         0x0000000000000000        0xc ./src/DR/DR_PWM.o
 .text          0x0000000000000000        0x0 ./src/DR/DR_PWM.o
 .data          0x0000000000000000        0x0 ./src/DR/DR_PWM.o
 .bss           0x0000000000000000        0x0 ./src/DR/DR_PWM.o
 .text.InicializarPWM
                0x0000000000000000       0x2c ./src/DR/DR_PWM.o
 .debug_info    0x0000000000000000       0x72 ./src/DR/DR_PWM.o
 .debug_abbrev  0x0000000000000000       0x56 ./src/DR/DR_PWM.o
 .debug_aranges
                0x0000000000000000       0x20 ./src/DR/DR_PWM.o
 .debug_ranges  0x0000000000000000       0x10 ./src/DR/DR_PWM.o
 .debug_macro   0x0000000000000000       0x5b ./src/DR/DR_PWM.o
 .debug_macro   0x0000000000000000      0xaa8 ./src/DR/DR_PWM.o
 .debug_macro   0x0000000000000000      0x184 ./src/DR/DR_PWM.o
 .debug_macro   0x0000000000000000       0x34 ./src/DR/DR_PWM.o
 .debug_macro   0x0000000000000000      0x130 ./src/DR/DR_PWM.o
 .debug_macro   0x0000000000000000       0x22 ./src/DR/DR_PWM.o
 .debug_line    0x0000000000000000       0xe9 ./src/DR/DR_PWM.o
 .debug_str     0x0000000000000000     0x38c4 ./src/DR/DR_PWM.o
 .comment       0x0000000000000000       0x7a ./src/DR/DR_PWM.o
 .debug_frame   0x0000000000000000       0x30 ./src/DR/DR_PWM.o
 .ARM.attributes
                0x0000000000000000       0x2d ./src/DR/DR_PWM.o
 .group         0x0000000000000000        0xc ./src/DR/DR_Pinsel.o
 .group         0x0000000000000000        0xc ./src/DR/DR_Pinsel.o
 .group         0x0000000000000000        0xc ./src/DR/DR_Pinsel.o
 .group         0x0000000000000000        0xc ./src/DR/DR_Pinsel.o
 .text          0x0000000000000000        0x0 ./src/DR/DR_Pinsel.o
 .data          0x0000000000000000        0x0 ./src/DR/DR_Pinsel.o
 .bss           0x0000000000000000        0x0 ./src/DR/DR_Pinsel.o
 .debug_macro   0x0000000000000000      0xaa8 ./src/DR/DR_Pinsel.o
 .debug_macro   0x0000000000000000      0x184 ./src/DR/DR_Pinsel.o
 .debug_macro   0x0000000000000000       0x34 ./src/DR/DR_Pinsel.o
 .group         0x0000000000000000        0xc ./src/DR/DR_Systick.o
 .group         0x0000000000000000        0xc ./src/DR/DR_Systick.o
 .group         0x0000000000000000        0xc ./src/DR/DR_Systick.o
 .group         0x0000000000000000        0xc ./src/DR/DR_Systick.o
 .group         0x0000000000000000        0xc ./src/DR/DR_Systick.o
 .group         0x0000000000000000        0xc ./src/DR/DR_Systick.o
 .text          0x0000000000000000        0x0 ./src/DR/DR_Systick.o
 .data          0x0000000000000000        0x0 ./src/DR/DR_Systick.o
 .bss           0x0000000000000000        0x0 ./src/DR/DR_Systick.o
 .bss.systickCounter
                0x0000000000000000        0x4 ./src/DR/DR_Systick.o
 .text.get_ticks
                0x0000000000000000       0x14 ./src/DR/DR_Systick.o
 .text.reset_ticks
                0x0000000000000000       0x18 ./src/DR/DR_Systick.o
 .debug_macro   0x0000000000000000      0xaa8 ./src/DR/DR_Systick.o
 .debug_macro   0x0000000000000000      0x184 ./src/DR/DR_Systick.o
 .debug_macro   0x0000000000000000       0x34 ./src/DR/DR_Systick.o
 .debug_macro   0x0000000000000000      0x130 ./src/DR/DR_Systick.o
 .debug_macro   0x0000000000000000       0x22 ./src/DR/DR_Systick.o
 .group         0x0000000000000000        0xc ./src/TPI_V0.o
 .group         0x0000000000000000        0xc ./src/TPI_V0.o
 .group         0x0000000000000000        0xc ./src/TPI_V0.o
 .group         0x0000000000000000        0xc ./src/TPI_V0.o
 .group         0x0000000000000000        0xc ./src/TPI_V0.o
 .group         0x0000000000000000        0xc ./src/TPI_V0.o
 .group         0x0000000000000000        0xc ./src/TPI_V0.o
 .group         0x0000000000000000        0xc ./src/TPI_V0.o
 .text          0x0000000000000000        0x0 ./src/TPI_V0.o
 .data          0x0000000000000000        0x0 ./src/TPI_V0.o
 .bss           0x0000000000000000        0x0 ./src/TPI_V0.o
 .debug_macro   0x0000000000000000      0xaa8 ./src/TPI_V0.o
 .debug_macro   0x0000000000000000      0x184 ./src/TPI_V0.o
 .debug_macro   0x0000000000000000       0x34 ./src/TPI_V0.o
 .debug_macro   0x0000000000000000      0x130 ./src/TPI_V0.o
 .debug_macro   0x0000000000000000       0x2e ./src/TPI_V0.o
 .debug_macro   0x0000000000000000       0x22 ./src/TPI_V0.o
 .group         0x0000000000000000        0xc ./src/cr_startup_lpc175x_6x.o
 .text          0x0000000000000000        0x0 ./src/cr_startup_lpc175x_6x.o
 .data          0x0000000000000000        0x0 ./src/cr_startup_lpc175x_6x.o
 .bss           0x0000000000000000        0x0 ./src/cr_startup_lpc175x_6x.o
 .debug_macro   0x0000000000000000      0xaa8 ./src/cr_startup_lpc175x_6x.o
 .text          0x0000000000000000        0x0 /usr/local/mcuxpressoide-11.2.0_4120/ide/plugins/com.nxp.mcuxpresso.tools.linux_11.2.0.202001021529/tools/bin/../lib/gcc/arm-none-eabi/9.2.1/../../../../arm-none-eabi/lib/thumb/v7-m/nofp/libcr_c.a(__weak__main.o)
 .data          0x0000000000000000        0x0 /usr/local/mcuxpressoide-11.2.0_4120/ide/plugins/com.nxp.mcuxpresso.tools.linux_11.2.0.202001021529/tools/bin/../lib/gcc/arm-none-eabi/9.2.1/../../../../arm-none-eabi/lib/thumb/v7-m/nofp/libcr_c.a(__weak__main.o)
 .bss           0x0000000000000000        0x0 /usr/local/mcuxpressoide-11.2.0_4120/ide/plugins/com.nxp.mcuxpresso.tools.linux_11.2.0.202001021529/tools/bin/../lib/gcc/arm-none-eabi/9.2.1/../../../../arm-none-eabi/lib/thumb/v7-m/nofp/libcr_c.a(__weak__main.o)

Memory Configuration

Name             Origin             Length             Attributes
MFlash512        0x0000000000000000 0x0000000000080000 xr
RamLoc32         0x0000000010000000 0x0000000000008000 xrw
RamAHB32         0x000000002007c000 0x0000000000008000 xrw
*default*        0x0000000000000000 0xffffffffffffffff

Linker script and memory map

LOAD ./src/PR/PR_Timers.o
LOAD ./src/DR/DR_ADC.o
LOAD ./src/DR/DR_GPIO.o
LOAD ./src/DR/DR_PLL.o
LOAD ./src/DR/DR_PWM.o
LOAD ./src/DR/DR_Pinsel.o
LOAD ./src/DR/DR_Systick.o
LOAD ./src/TPI_V0.o
LOAD ./src/cr_startup_lpc175x_6x.o
START GROUP
LOAD /usr/local/mcuxpressoide-11.2.0_4120/ide/plugins/com.nxp.mcuxpresso.tools.linux_11.2.0.202001021529/tools/bin/../lib/gcc/arm-none-eabi/9.2.1/../../../../arm-none-eabi/lib/thumb/v7-m/nofp/libcr_c.a
LOAD /usr/local/mcuxpressoide-11.2.0_4120/ide/plugins/com.nxp.mcuxpresso.tools.linux_11.2.0.202001021529/tools/bin/../lib/gcc/arm-none-eabi/9.2.1/thumb/v7-m/nofp/libcr_eabihelpers.a
LOAD /usr/local/mcuxpressoide-11.2.0_4120/ide/plugins/com.nxp.mcuxpresso.tools.linux_11.2.0.202001021529/tools/bin/../lib/gcc/arm-none-eabi/9.2.1/thumb/v7-m/nofp/libgcc.a
END GROUP
                0x0000000000000000                __base_MFlash512 = 0x0
                0x0000000000000000                __base_Flash = 0x0
                0x0000000000080000                __top_MFlash512 = 0x80000
                0x0000000000080000                __top_Flash = 0x80000
                0x0000000010000000                __base_RamLoc32 = 0x10000000
                0x0000000010000000                __base_RAM = 0x10000000
                0x0000000010008000                __top_RamLoc32 = 0x10008000
                0x0000000010008000                __top_RAM = 0x10008000
                0x000000002007c000                __base_RamAHB32 = 0x2007c000
                0x000000002007c000                __base_RAM2 = 0x2007c000
                0x0000000020084000                __top_RamAHB32 = 0x20084000
                0x0000000020084000                __top_RAM2 = 0x20084000

.text           0x0000000000000000      0xa08
 FILL mask 0xff
                0x0000000000000000                __vectors_start__ = ABSOLUTE (.)
 *(.isr_vector)
 .isr_vector    0x0000000000000000       0xcc ./src/cr_startup_lpc175x_6x.o
                0x0000000000000000                g_pfnVectors
                0x00000000000000cc                . = ALIGN (0x4)
                0x00000000000000cc                __section_table_start = .
                0x00000000000000cc                __data_section_table = .
                0x00000000000000cc        0x4 LONG 0xa08 LOADADDR (.data)
                0x00000000000000d0        0x4 LONG 0x10000000 ADDR (.data)
                0x00000000000000d4        0x4 LONG 0x4 SIZEOF (.data)
                0x00000000000000d8        0x4 LONG 0xa08 LOADADDR (.data_RAM2)
                0x00000000000000dc        0x4 LONG 0x2007c000 ADDR (.data_RAM2)
                0x00000000000000e0        0x4 LONG 0x0 SIZEOF (.data_RAM2)
                0x00000000000000e4                __data_section_table_end = .
                0x00000000000000e4                __bss_section_table = .
                0x00000000000000e4        0x4 LONG 0x10000004 ADDR (.bss)
                0x00000000000000e8        0x4 LONG 0x1a4 SIZEOF (.bss)
                0x00000000000000ec        0x4 LONG 0x2007c000 ADDR (.bss_RAM2)
                0x00000000000000f0        0x4 LONG 0x0 SIZEOF (.bss_RAM2)
                0x00000000000000f4                __bss_section_table_end = .
                0x00000000000000f4                __section_table_end = .
 *(.after_vectors*)
 .after_vectors
                0x00000000000000f4      0x12c ./src/cr_startup_lpc175x_6x.o
                0x00000000000000f4                data_init
                0x0000000000000138                bss_init
                0x0000000000000170                ResetISR
                0x00000000000001e4                NMI_Handler
                0x00000000000001ea                HardFault_Handler
                0x00000000000001f0                MemManage_Handler
                0x00000000000001f6                BusFault_Handler
                0x00000000000001fc                UsageFault_Handler
                0x0000000000000202                SVC_Handler
                0x0000000000000208                DebugMon_Handler
                0x000000000000020e                PendSV_Handler
                0x000000000000021a                TIMER2_IRQHandler
                0x000000000000021a                RIT_IRQHandler
                0x000000000000021a                I2C0_IRQHandler
                0x000000000000021a                USBActivity_IRQHandler
                0x000000000000021a                PWM1_IRQHandler
                0x000000000000021a                I2C1_IRQHandler
                0x000000000000021a                EINT2_IRQHandler
                0x000000000000021a                UART1_IRQHandler
                0x000000000000021a                EINT3_IRQHandler
                0x000000000000021a                CANActivity_IRQHandler
                0x000000000000021a                TIMER3_IRQHandler
                0x000000000000021a                UART0_IRQHandler
                0x000000000000021a                IntDefaultHandler
                0x000000000000021a                PLL0_IRQHandler
                0x000000000000021a                CAN_IRQHandler
                0x000000000000021a                PLL1_IRQHandler
                0x000000000000021a                SSP0_IRQHandler
                0x000000000000021a                I2S_IRQHandler
                0x000000000000021a                I2C2_IRQHandler
                0x000000000000021a                RTC_IRQHandler
                0x000000000000021a                TIMER0_IRQHandler
                0x000000000000021a                SPI_IRQHandler
                0x000000000000021a                EINT1_IRQHandler
                0x000000000000021a                TIMER1_IRQHandler
                0x000000000000021a                UART2_IRQHandler
                0x000000000000021a                SSP1_IRQHandler
                0x000000000000021a                USB_IRQHandler
                0x000000000000021a                BOD_IRQHandler
                0x000000000000021a                WDT_IRQHandler
                0x000000000000021a                QEI_IRQHandler
                0x000000000000021a                EINT0_IRQHandler
                0x000000000000021a                DMA_IRQHandler
                0x000000000000021a                UART3_IRQHandler
                0x000000000000021a                MCPWM_IRQHandler
                0x000000000000021a                ENET_IRQHandler
 *(.text*)
 .text.TimerStart
                0x0000000000000220       0x9c ./src/PR/PR_Timers.o
                0x0000000000000220                TimerStart
 .text.TimerDiscount
                0x00000000000002bc       0x6c ./src/PR/PR_Timers.o
                0x00000000000002bc                TimerDiscount
 .text.TimerLunchEvent
                0x0000000000000328       0x48 ./src/PR/PR_Timers.o
                0x0000000000000328                TimerLunchEvent
 .text.inicializarADC
                0x0000000000000370       0xd8 ./src/DR/DR_ADC.o
                0x0000000000000370                inicializarADC
 .text.ADC_IRQHandler
                0x0000000000000448       0x80 ./src/DR/DR_ADC.o
                0x0000000000000448                ADC_IRQHandler
 .text.ADC_getVal
                0x00000000000004c8       0x14 ./src/DR/DR_ADC.o
                0x00000000000004c8                ADC_getVal
 .text.ADC_startConvertion
                0x00000000000004dc       0x1c ./src/DR/DR_ADC.o
                0x00000000000004dc                ADC_startConvertion
 .text.setPinmode_OP
                0x00000000000004f8       0x64 ./src/DR/DR_GPIO.o
                0x00000000000004f8                setPinmode_OP
 .text.setDir   0x000000000000055c       0x76 ./src/DR/DR_GPIO.o
                0x000000000000055c                setDir
 *fill*         0x00000000000005d2        0x2 ff
 .text.setPin   0x00000000000005d4       0xe8 ./src/DR/DR_GPIO.o
                0x00000000000005d4                setPin
 .text.InicializarPLL
                0x00000000000006bc      0x140 ./src/DR/DR_PLL.o
                0x00000000000006bc                InicializarPLL
 .text.setPinsel
                0x00000000000007fc       0xa4 ./src/DR/DR_Pinsel.o
                0x00000000000007fc                setPinsel
 .text.inicializarSystick
                0x00000000000008a0       0x40 ./src/DR/DR_Systick.o
                0x00000000000008a0                inicializarSystick
 .text.SysTick_Handler
                0x00000000000008e0       0x44 ./src/DR/DR_Systick.o
                0x00000000000008e0                SysTick_Handler
 .text.func     0x0000000000000924       0x40 ./src/TPI_V0.o
                0x0000000000000924                func
 .text.main     0x0000000000000964       0xa0 ./src/TPI_V0.o
                0x0000000000000964                main
 .text.__weak_main
                0x0000000000000a04        0x4 /usr/local/mcuxpressoide-11.2.0_4120/ide/plugins/com.nxp.mcuxpresso.tools.linux_11.2.0.202001021529/tools/bin/../lib/gcc/arm-none-eabi/9.2.1/../../../../arm-none-eabi/lib/thumb/v7-m/nofp/libcr_c.a(__weak__main.o)
                0x0000000000000a04                __main
                0x0000000000000a04                __weak_main
 *(.rodata .rodata.* .constdata .constdata.*)
                0x0000000000000a08                . = ALIGN (0x4)

.glue_7         0x0000000000000a08        0x0
 .glue_7        0x0000000000000a08        0x0 linker stubs

.glue_7t        0x0000000000000a08        0x0
 .glue_7t       0x0000000000000a08        0x0 linker stubs

.vfp11_veneer   0x0000000000000a08        0x0
 .vfp11_veneer  0x0000000000000a08        0x0 linker stubs

.v4_bx          0x0000000000000a08        0x0
 .v4_bx         0x0000000000000a08        0x0 linker stubs

.iplt           0x0000000000000a08        0x0
 .iplt          0x0000000000000a08        0x0 ./src/PR/PR_Timers.o

.rel.dyn        0x0000000000000a08        0x0
 .rel.iplt      0x0000000000000a08        0x0 ./src/PR/PR_Timers.o

.ARM.extab
 *(.ARM.extab* .gnu.linkonce.armextab.*)

.ARM.exidx      0x0000000000000a08        0x0
                0x0000000000000a08                __exidx_start = .
 *(.ARM.exidx* .gnu.linkonce.armexidx.*)
                0x0000000000000a08                __exidx_end = .
                0x0000000000000a08                _etext = .

.data_RAM2      0x000000002007c000        0x0 load address 0x0000000000000a08
 FILL mask 0xff
                [!provide]                        PROVIDE (__start_data_RAM2 = .)
                [!provide]                        PROVIDE (__start_data_RamAHB32 = .)
 *(.ramfunc.$RAM2)
 *(.ramfunc.$RamAHB32)
 *(.data.$RAM2)
 *(.data.$RamAHB32)
 *(.data.$RAM2.*)
 *(.data.$RamAHB32.*)
                0x000000002007c000                . = ALIGN (0x4)
                [!provide]                        PROVIDE (__end_data_RAM2 = .)
                [!provide]                        PROVIDE (__end_data_RamAHB32 = .)

.uninit_RESERVED
                0x0000000010000000        0x0
                0x0000000010000000                _start_uninit_RESERVED = .
 *(.bss.$RESERVED*)
                0x0000000010000000                . = ALIGN (0x4)
                0x0000000010000000                _end_uninit_RESERVED = .

.data           0x0000000010000000        0x4 load address 0x0000000000000a08
 FILL mask 0xff
                0x0000000010000000                _data = .
                [!provide]                        PROVIDE (__start_data_RAM = .)
                [!provide]                        PROVIDE (__start_data_RamLoc32 = .)
 *(vtable)
 *(.ramfunc*)
 *(CodeQuickAccess)
 *(DataQuickAccess)
 *(RamFunction)
 *(.data*)
 .data.state    0x0000000010000000        0x4 ./src/TPI_V0.o
                0x0000000010000000                state
                0x0000000010000004                . = ALIGN (0x4)
                0x0000000010000004                _edata = .
                [!provide]                        PROVIDE (__end_data_RAM = .)
                [!provide]                        PROVIDE (__end_data_RamLoc32 = .)

.igot.plt       0x0000000010000004        0x0 load address 0x0000000000000a0c
 .igot.plt      0x0000000010000004        0x0 ./src/PR/PR_Timers.o

.bss_RAM2       0x000000002007c000        0x0
                [!provide]                        PROVIDE (__start_bss_RAM2 = .)
                [!provide]                        PROVIDE (__start_bss_RamAHB32 = .)
 *(.bss.$RAM2)
 *(.bss.$RamAHB32)
 *(.bss.$RAM2.*)
 *(.bss.$RamAHB32.*)
                0x000000002007c000                . = ALIGN ((. != 0x0)?0x4:0x1)
                [!provide]                        PROVIDE (__end_bss_RAM2 = .)
                [!provide]                        PROVIDE (__end_bss_RamAHB32 = .)

.bss            0x0000000010000004      0x1a4
                0x0000000010000004                _bss = .
                [!provide]                        PROVIDE (__start_bss_RAM = .)
                [!provide]                        PROVIDE (__start_bss_RamLoc32 = .)
 *(.bss*)
 .bss.TmrRun    0x0000000010000004       0x78 ./src/PR/PR_Timers.o
                0x0000000010000004                TmrRun
 .bss.TmrFunciones
                0x000000001000007c       0x78 ./src/PR/PR_Timers.o
                0x000000001000007c                TmrFunciones
 .bss.TmrFlags  0x00000000100000f4       0x1f ./src/PR/PR_Timers.o
                0x00000000100000f4                TmrFlags
 *fill*         0x0000000010000113        0x1 
 .bss.TmrPause  0x0000000010000114       0x1e ./src/PR/PR_Timers.o
                0x0000000010000114                TmrPause
 *fill*         0x0000000010000132        0x2 
 .bss.TmrBase   0x0000000010000134       0x1e ./src/PR/PR_Timers.o
                0x0000000010000134                TmrBase
 *fill*         0x0000000010000152        0x2 
 .bss.ADC_buffer
                0x0000000010000154       0x40 ./src/DR/DR_ADC.o
 .bss.ADC_buffer_index
                0x0000000010000194        0x4 ./src/DR/DR_ADC.o
 .bss.ADC_average
                0x0000000010000198        0x4 ./src/DR/DR_ADC.o
 .bss.acummulator.3741
                0x000000001000019c        0x4 ./src/DR/DR_ADC.o
 .bss.ADC_inUse
                0x00000000100001a0        0x1 ./src/DR/DR_Systick.o
                0x00000000100001a0                ADC_inUse
 *fill*         0x00000000100001a1        0x3 
 .bss.adc_counter.3724
                0x00000000100001a4        0x4 ./src/DR/DR_Systick.o
 *(COMMON)
                0x00000000100001a8                . = ALIGN (0x4)
                0x00000000100001a8                _ebss = .
                [!provide]                        PROVIDE (__end_bss_RAM = .)
                [!provide]                        PROVIDE (__end_bss_RamLoc32 = .)
                [!provide]                        PROVIDE (end = .)

.noinit_RAM2    0x000000002007c000        0x0
                [!provide]                        PROVIDE (__start_noinit_RAM2 = .)
                [!provide]                        PROVIDE (__start_noinit_RamAHB32 = .)
 *(.noinit.$RAM2)
 *(.noinit.$RamAHB32)
 *(.noinit.$RAM2.*)
 *(.noinit.$RamAHB32.*)
                0x000000002007c000                . = ALIGN (0x4)
                [!provide]                        PROVIDE (__end_noinit_RAM2 = .)
                [!provide]                        PROVIDE (__end_noinit_RamAHB32 = .)

.noinit         0x00000000100001a8        0x0
                0x00000000100001a8                _noinit = .
                [!provide]                        PROVIDE (__start_noinit_RAM = .)
                [!provide]                        PROVIDE (__start_noinit_RamLoc32 = .)
 *(.noinit*)
                0x00000000100001a8                . = ALIGN (0x4)
                0x00000000100001a8                _end_noinit = .
                [!provide]                        PROVIDE (__end_noinit_RAM = .)
                [!provide]                        PROVIDE (__end_noinit_RamLoc32 = .)
                [!provide]                        PROVIDE (_pvHeapStart = DEFINED (__user_heap_base)?__user_heap_base:.)
                0x0000000010008000                PROVIDE (_vStackTop = DEFINED (__user_stack_top)?__user_stack_top:(__top_RamLoc32 - 0x0))
                0xffffffffefff74da                PROVIDE (__valid_user_code_checksum = (0x0 - ((((((_vStackTop + (ResetISR + 0x1)) + (NMI_Handler + 0x1)) + (HardFault_Handler + 0x1)) + (DEFINED (MemManage_Handler)?MemManage_Handler:0x0 + 0x1)) + (DEFINED (BusFault_Handler)?BusFault_Handler:0x0 + 0x1)) + (DEFINED (UsageFault_Handler)?UsageFault_Handler:0x0 + 0x1))))
                0x0000000000000000                _image_start = LOADADDR (.text)
                0x0000000000000a0c                _image_end = (LOADADDR (.data) + SIZEOF (.data))
                0x0000000000000a0c                _image_size = (_image_end - _image_start)
OUTPUT(TPI_V0.axf elf32-littlearm)

.debug_info     0x0000000000000000     0x1274
 .debug_info    0x0000000000000000      0x355 ./src/PR/PR_Timers.o
 .debug_info    0x0000000000000355      0x559 ./src/DR/DR_ADC.o
 .debug_info    0x00000000000008ae      0x27f ./src/DR/DR_GPIO.o
 .debug_info    0x0000000000000b2d       0x72 ./src/DR/DR_PLL.o
 .debug_info    0x0000000000000b9f       0xac ./src/DR/DR_Pinsel.o
 .debug_info    0x0000000000000c4b      0x24d ./src/DR/DR_Systick.o
 .debug_info    0x0000000000000e98      0x16a ./src/TPI_V0.o
 .debug_info    0x0000000000001002      0x272 ./src/cr_startup_lpc175x_6x.o

.debug_abbrev   0x0000000000000000      0x799
 .debug_abbrev  0x0000000000000000      0x15b ./src/PR/PR_Timers.o
 .debug_abbrev  0x000000000000015b      0x13a ./src/DR/DR_ADC.o
 .debug_abbrev  0x0000000000000295       0xf7 ./src/DR/DR_GPIO.o
 .debug_abbrev  0x000000000000038c       0x56 ./src/DR/DR_PLL.o
 .debug_abbrev  0x00000000000003e2       0x78 ./src/DR/DR_Pinsel.o
 .debug_abbrev  0x000000000000045a      0x13f ./src/DR/DR_Systick.o
 .debug_abbrev  0x0000000000000599       0xe9 ./src/TPI_V0.o
 .debug_abbrev  0x0000000000000682      0x117 ./src/cr_startup_lpc175x_6x.o

.debug_aranges  0x0000000000000000      0x1f8
 .debug_aranges
                0x0000000000000000       0x58 ./src/PR/PR_Timers.o
 .debug_aranges
                0x0000000000000058       0x38 ./src/DR/DR_ADC.o
 .debug_aranges
                0x0000000000000090       0x48 ./src/DR/DR_GPIO.o
 .debug_aranges
                0x00000000000000d8       0x20 ./src/DR/DR_PLL.o
 .debug_aranges
                0x00000000000000f8       0x20 ./src/DR/DR_Pinsel.o
 .debug_aranges
                0x0000000000000118       0x38 ./src/DR/DR_Systick.o
 .debug_aranges
                0x0000000000000150       0x28 ./src/TPI_V0.o
 .debug_aranges
                0x0000000000000178       0x80 ./src/cr_startup_lpc175x_6x.o

.debug_ranges   0x0000000000000000      0x178
 .debug_ranges  0x0000000000000000       0x48 ./src/PR/PR_Timers.o
 .debug_ranges  0x0000000000000048       0x28 ./src/DR/DR_ADC.o
 .debug_ranges  0x0000000000000070       0x38 ./src/DR/DR_GPIO.o
 .debug_ranges  0x00000000000000a8       0x10 ./src/DR/DR_PLL.o
 .debug_ranges  0x00000000000000b8       0x10 ./src/DR/DR_Pinsel.o
 .debug_ranges  0x00000000000000c8       0x28 ./src/DR/DR_Systick.o
 .debug_ranges  0x00000000000000f0       0x18 ./src/TPI_V0.o
 .debug_ranges  0x0000000000000108       0x70 ./src/cr_startup_lpc175x_6x.o

.debug_macro    0x0000000000000000     0x1314
 .debug_macro   0x0000000000000000       0x42 ./src/PR/PR_Timers.o
 .debug_macro   0x0000000000000042      0xaa8 ./src/PR/PR_Timers.o
 .debug_macro   0x0000000000000aea      0x184 ./src/PR/PR_Timers.o
 .debug_macro   0x0000000000000c6e       0x34 ./src/PR/PR_Timers.o
 .debug_macro   0x0000000000000ca2       0x28 ./src/PR/PR_Timers.o
 .debug_macro   0x0000000000000cca       0x6d ./src/DR/DR_ADC.o
 .debug_macro   0x0000000000000d37      0x130 ./src/DR/DR_ADC.o
 .debug_macro   0x0000000000000e67       0x22 ./src/DR/DR_ADC.o
 .debug_macro   0x0000000000000e89       0x54 ./src/DR/DR_GPIO.o
 .debug_macro   0x0000000000000edd       0x58 ./src/DR/DR_GPIO.o
 .debug_macro   0x0000000000000f35       0x42 ./src/DR/DR_PLL.o
 .debug_macro   0x0000000000000f77      0x12a ./src/DR/DR_PLL.o
 .debug_macro   0x00000000000010a1       0x48 ./src/DR/DR_Pinsel.o
 .debug_macro   0x00000000000010e9       0x1c ./src/DR/DR_Pinsel.o
 .debug_macro   0x0000000000001105       0x6c ./src/DR/DR_Systick.o
 .debug_macro   0x0000000000001171       0x2e ./src/DR/DR_Systick.o
 .debug_macro   0x000000000000119f       0x78 ./src/TPI_V0.o
 .debug_macro   0x0000000000001217       0x82 ./src/TPI_V0.o
 .debug_macro   0x0000000000001299       0x5e ./src/TPI_V0.o
 .debug_macro   0x00000000000012f7       0x1d ./src/cr_startup_lpc175x_6x.o

.debug_line     0x0000000000000000      0xeb9
 .debug_line    0x0000000000000000      0x313 ./src/PR/PR_Timers.o
 .debug_line    0x0000000000000313      0x1b4 ./src/DR/DR_ADC.o
 .debug_line    0x00000000000004c7      0x1f6 ./src/DR/DR_GPIO.o
 .debug_line    0x00000000000006bd      0x1e5 ./src/DR/DR_PLL.o
 .debug_line    0x00000000000008a2       0xfa ./src/DR/DR_Pinsel.o
 .debug_line    0x000000000000099c      0x1b2 ./src/DR/DR_Systick.o
 .debug_line    0x0000000000000b4e      0x20c ./src/TPI_V0.o
 .debug_line    0x0000000000000d5a      0x15f ./src/cr_startup_lpc175x_6x.o

.debug_str      0x0000000000000000     0x4551
 .debug_str     0x0000000000000000     0x339b ./src/PR/PR_Timers.o
                                       0x33df (size before relaxing)
 .debug_str     0x000000000000339b      0x88a ./src/DR/DR_ADC.o
                                       0x3b36 (size before relaxing)
 .debug_str     0x0000000000003c25      0x19a ./src/DR/DR_GPIO.o
                                       0x345f (size before relaxing)
 .debug_str     0x0000000000003dbf       0x22 ./src/DR/DR_PLL.o
                                       0x382b (size before relaxing)
 .debug_str     0x0000000000003de1       0x51 ./src/DR/DR_Pinsel.o
                                       0x3343 (size before relaxing)
 .debug_str     0x0000000000003e32       0xef ./src/DR/DR_Systick.o
                                       0x39fa (size before relaxing)
 .debug_str     0x0000000000003f21      0x46a ./src/TPI_V0.o
                                       0x3e2a (size before relaxing)
 .debug_str     0x000000000000438b      0x1c6 ./src/cr_startup_lpc175x_6x.o
                                       0x2fc4 (size before relaxing)

.comment        0x0000000000000000       0x79
 .comment       0x0000000000000000       0x79 ./src/PR/PR_Timers.o
                                         0x7a (size before relaxing)
 .comment       0x0000000000000079       0x7a ./src/DR/DR_ADC.o
 .comment       0x0000000000000079       0x7a ./src/DR/DR_GPIO.o
 .comment       0x0000000000000079       0x7a ./src/DR/DR_PLL.o
 .comment       0x0000000000000079       0x7a ./src/DR/DR_Pinsel.o
 .comment       0x0000000000000079       0x7a ./src/DR/DR_Systick.o
 .comment       0x0000000000000079       0x7a ./src/TPI_V0.o
 .comment       0x0000000000000079       0x7a ./src/cr_startup_lpc175x_6x.o
 .comment       0x0000000000000079       0x7a /usr/local/mcuxpressoide-11.2.0_4120/ide/plugins/com.nxp.mcuxpresso.tools.linux_11.2.0.202001021529/tools/bin/../lib/gcc/arm-none-eabi/9.2.1/../../../../arm-none-eabi/lib/thumb/v7-m/nofp/libcr_c.a(__weak__main.o)

.ARM.attributes
                0x0000000000000000       0x2d
 .ARM.attributes
                0x0000000000000000       0x2d ./src/PR/PR_Timers.o
 .ARM.attributes
                0x000000000000002d       0x2d ./src/DR/DR_ADC.o
 .ARM.attributes
                0x000000000000005a       0x2d ./src/DR/DR_GPIO.o
 .ARM.attributes
                0x0000000000000087       0x2d ./src/DR/DR_PLL.o
 .ARM.attributes
                0x00000000000000b4       0x2d ./src/DR/DR_Pinsel.o
 .ARM.attributes
                0x00000000000000e1       0x2d ./src/DR/DR_Systick.o
 .ARM.attributes
                0x000000000000010e       0x2d ./src/TPI_V0.o
 .ARM.attributes
                0x000000000000013b       0x2d ./src/cr_startup_lpc175x_6x.o
 .ARM.attributes
                0x0000000000000168       0x2d /usr/local/mcuxpressoide-11.2.0_4120/ide/plugins/com.nxp.mcuxpresso.tools.linux_11.2.0.202001021529/tools/bin/../lib/gcc/arm-none-eabi/9.2.1/../../../../arm-none-eabi/lib/thumb/v7-m/nofp/libcr_c.a(__weak__main.o)

.debug_frame    0x0000000000000000      0x590
 .debug_frame   0x0000000000000000      0x148 ./src/PR/PR_Timers.o
 .debug_frame   0x0000000000000148       0x94 ./src/DR/DR_ADC.o
 .debug_frame   0x00000000000001dc      0x104 ./src/DR/DR_GPIO.o
 .debug_frame   0x00000000000002e0       0x30 ./src/DR/DR_PLL.o
 .debug_frame   0x0000000000000310       0x38 ./src/DR/DR_Pinsel.o
 .debug_frame   0x0000000000000348       0x8c ./src/DR/DR_Systick.o
 .debug_frame   0x00000000000003d4       0x4c ./src/TPI_V0.o
 .debug_frame   0x0000000000000420      0x170 ./src/cr_startup_lpc175x_6x.o

Cross Reference Table

Symbol                                            File
ADC_IRQHandler                                    ./src/DR/DR_ADC.o
ADC_getVal                                        ./src/DR/DR_ADC.o
                                                  ./src/TPI_V0.o
ADC_inUse                                         ./src/DR/DR_Systick.o
                                                  ./src/DR/DR_ADC.o
ADC_startConvertion                               ./src/DR/DR_ADC.o
                                                  ./src/DR/DR_Systick.o
BOD_IRQHandler                                    ./src/cr_startup_lpc175x_6x.o
BusFault_Handler                                  ./src/cr_startup_lpc175x_6x.o
CANActivity_IRQHandler                            ./src/cr_startup_lpc175x_6x.o
CAN_IRQHandler                                    ./src/cr_startup_lpc175x_6x.o
DMA_IRQHandler                                    ./src/cr_startup_lpc175x_6x.o
DebugMon_Handler                                  ./src/cr_startup_lpc175x_6x.o
EINT0_IRQHandler                                  ./src/cr_startup_lpc175x_6x.o
EINT1_IRQHandler                                  ./src/cr_startup_lpc175x_6x.o
EINT2_IRQHandler                                  ./src/cr_startup_lpc175x_6x.o
EINT3_IRQHandler                                  ./src/cr_startup_lpc175x_6x.o
ENET_IRQHandler                                   ./src/cr_startup_lpc175x_6x.o
HardFault_Handler                                 ./src/cr_startup_lpc175x_6x.o
I2C0_IRQHandler                                   ./src/cr_startup_lpc175x_6x.o
I2C1_IRQHandler                                   ./src/cr_startup_lpc175x_6x.o
I2C2_IRQHandler                                   ./src/cr_startup_lpc175x_6x.o
I2S_IRQHandler                                    ./src/cr_startup_lpc175x_6x.o
InicializarPLL                                    ./src/DR/DR_PLL.o
                                                  ./src/TPI_V0.o
InicializarPWM                                    ./src/DR/DR_PWM.o
IntDefaultHandler                                 ./src/cr_startup_lpc175x_6x.o
MCPWM_IRQHandler                                  ./src/cr_startup_lpc175x_6x.o
MemManage_Handler                                 ./src/cr_startup_lpc175x_6x.o
NMI_Handler                                       ./src/cr_startup_lpc175x_6x.o
PLL0_IRQHandler                                   ./src/cr_startup_lpc175x_6x.o
PLL1_IRQHandler                                   ./src/cr_startup_lpc175x_6x.o
PWM1_IRQHandler                                   ./src/cr_startup_lpc175x_6x.o
PendSV_Handler                                    ./src/cr_startup_lpc175x_6x.o
QEI_IRQHandler                                    ./src/cr_startup_lpc175x_6x.o
RIT_IRQHandler                                    ./src/cr_startup_lpc175x_6x.o
RTC_IRQHandler                                    ./src/cr_startup_lpc175x_6x.o
ResetISR                                          ./src/cr_startup_lpc175x_6x.o
SPI_IRQHandler                                    ./src/cr_startup_lpc175x_6x.o
SSP0_IRQHandler                                   ./src/cr_startup_lpc175x_6x.o
SSP1_IRQHandler                                   ./src/cr_startup_lpc175x_6x.o
SVC_Handler                                       ./src/cr_startup_lpc175x_6x.o
SysTick_Handler                                   ./src/DR/DR_Systick.o
TIMER0_IRQHandler                                 ./src/cr_startup_lpc175x_6x.o
TIMER1_IRQHandler                                 ./src/cr_startup_lpc175x_6x.o
TIMER2_IRQHandler                                 ./src/cr_startup_lpc175x_6x.o
TIMER3_IRQHandler                                 ./src/cr_startup_lpc175x_6x.o
TimerClose                                        ./src/PR/PR_Timers.o
TimerDiscount                                     ./src/PR/PR_Timers.o
                                                  ./src/DR/DR_Systick.o
TimerGet                                          ./src/PR/PR_Timers.o
TimerLunchEvent                                   ./src/PR/PR_Timers.o
                                                  ./src/TPI_V0.o
TimerPause                                        ./src/PR/PR_Timers.o
TimerSet                                          ./src/PR/PR_Timers.o
TimerStart                                        ./src/PR/PR_Timers.o
                                                  ./src/TPI_V0.o
TimerStop                                         ./src/PR/PR_Timers.o
TmrBase                                           ./src/PR/PR_Timers.o
TmrFlags                                          ./src/PR/PR_Timers.o
TmrFunciones                                      ./src/PR/PR_Timers.o
TmrPause                                          ./src/PR/PR_Timers.o
TmrRun                                            ./src/PR/PR_Timers.o
UART0_IRQHandler                                  ./src/cr_startup_lpc175x_6x.o
UART1_IRQHandler                                  ./src/cr_startup_lpc175x_6x.o
UART2_IRQHandler                                  ./src/cr_startup_lpc175x_6x.o
UART3_IRQHandler                                  ./src/cr_startup_lpc175x_6x.o
USBActivity_IRQHandler                            ./src/cr_startup_lpc175x_6x.o
USB_IRQHandler                                    ./src/cr_startup_lpc175x_6x.o
UsageFault_Handler                                ./src/cr_startup_lpc175x_6x.o
WDT_IRQHandler                                    ./src/cr_startup_lpc175x_6x.o
__bss_section_table_end                           ./src/cr_startup_lpc175x_6x.o
__data_section_table                              ./src/cr_startup_lpc175x_6x.o
__data_section_table_end                          ./src/cr_startup_lpc175x_6x.o
__main                                            /usr/local/mcuxpressoide-11.2.0_4120/ide/plugins/com.nxp.mcuxpresso.tools.linux_11.2.0.202001021529/tools/bin/../lib/gcc/arm-none-eabi/9.2.1/../../../../arm-none-eabi/lib/thumb/v7-m/nofp/libcr_c.a(__weak__main.o)
                                                  ./src/cr_startup_lpc175x_6x.o
__valid_user_code_checksum                        ./src/cr_startup_lpc175x_6x.o
__weak_main                                       /usr/local/mcuxpressoide-11.2.0_4120/ide/plugins/com.nxp.mcuxpresso.tools.linux_11.2.0.202001021529/tools/bin/../lib/gcc/arm-none-eabi/9.2.1/../../../../arm-none-eabi/lib/thumb/v7-m/nofp/libcr_c.a(__weak__main.o)
_vStackTop                                        ./src/cr_startup_lpc175x_6x.o
bss_init                                          ./src/cr_startup_lpc175x_6x.o
data_init                                         ./src/cr_startup_lpc175x_6x.o
func                                              ./src/TPI_V0.o
g_pfnVectors                                      ./src/cr_startup_lpc175x_6x.o
getPin                                            ./src/DR/DR_GPIO.o
getPin_raw                                        ./src/DR/DR_GPIO.o
get_ticks                                         ./src/DR/DR_Systick.o
inicializarADC                                    ./src/DR/DR_ADC.o
                                                  ./src/TPI_V0.o
inicializarSystick                                ./src/DR/DR_Systick.o
                                                  ./src/TPI_V0.o
main                                              ./src/TPI_V0.o
                                                  /usr/local/mcuxpressoide-11.2.0_4120/ide/plugins/com.nxp.mcuxpresso.tools.linux_11.2.0.202001021529/tools/bin/../lib/gcc/arm-none-eabi/9.2.1/../../../../arm-none-eabi/lib/thumb/v7-m/nofp/libcr_c.a(__weak__main.o)
reset_ticks                                       ./src/DR/DR_Systick.o
setDir                                            ./src/DR/DR_GPIO.o
                                                  ./src/TPI_V0.o
setPin                                            ./src/DR/DR_GPIO.o
                                                  ./src/TPI_V0.o
setPinmode                                        ./src/DR/DR_GPIO.o
setPinmode_OP                                     ./src/DR/DR_GPIO.o
                                                  ./src/TPI_V0.o
setPinsel                                         ./src/DR/DR_Pinsel.o
                                                  ./src/DR/DR_ADC.o
state                                             ./src/TPI_V0.o
